
                           Design Compiler Graphical 
                                 DC Ultra (TM)
                                  DFTMAX (TM)
                              Power Compiler (TM)
                                 DesignWare (R)
                                 DC Expert (TM)
                               Design Vision (TM)
                               HDL Compiler (TM)
                               VHDL Compiler (TM)
                                  DFT Compiler
                               Design Compiler(R)

               Version U-2022.12-SP7 for linux64 - Oct 10, 2023 

                    Copyright (c) 1988 - 2023 Synopsys, Inc.
   This software and the associated documentation are proprietary to Synopsys,
 Inc. This software may only be used in accordance with the terms and conditions
 of a written license agreement with Synopsys, Inc. All other use, reproduction,
   or distribution of this software is strictly prohibited.  Licensed Products
     communicate with Synopsys servers for the purpose of providing software
    updates, detecting software piracy and verifying that customers are using
    Licensed Products in conformity with the applicable License Key for such
  Licensed Products. Synopsys will use information gathered in connection with
    this process to deliver software updates and pursue software pirates and
                                   infringers.

 Inclusivity & Diversity - Visit SolvNetPlus to read the "Synopsys Statement on
            Inclusivity and Diversity" (Refer to article 000036315 at
                        https://solvnetplus.synopsys.com)
Initializing...
Current time:       Sat Jun 27 21:11:38 2026
Hostname:           cadpc06
CPU Model:          11th Gen Intel(R) Core(TM) i9-11900 @ 2.50GHz
CPU Details:        Cores = 16 : Sockets = 1 : Cache Size = 16384 KB : Freq = 3.50 GHz
OS:                 Linux 4.18.0-553.137.1.el8_10.x86_64
RAM:                 62 GB (Free  48 GB)
Swap:                31 GB (Free  31 GB)
Work Filesystem:    /homes mounted to auto.homes
Tmp Filesystem:     /tmp mounted to tmpfs
Work Disk:          16773 GB (Free 5743 GB)
Tmp Disk:            31 GB (Free  31 GB)

CPU Load: 52%, Ram Free: 48 GB, Swap Free: 31 GB, Work Disk Free: 5743 GB, Tmp Disk Free: 31 GB
#########################################
# TCL script for Design Compiler        #
# MS 2015                               #
#########################################
##################################################
# Read design and library
##################################################
# Set the top_level name
set top_level fft_core
fft_core
# In this file, libray path and libraries which are used are defined
#source -verbose "../common_scripts/common.tcl" 
# Read libraries
set search_path [list "." "/courses/ee6350/pdk2025/tcbn65gplus/TSMCHOME/digital/Front_End/timing_power_noise/CCS/tcbn65gplus_200a" "/tools/synopsys/syn/U-2022.12-SP7/libraries/syn" "../../memory_compiler/single_port_sram/sram00_libs"]
. /courses/ee6350/pdk2025/tcbn65gplus/TSMCHOME/digital/Front_End/timing_power_noise/CCS/tcbn65gplus_200a /tools/synopsys/syn/U-2022.12-SP7/libraries/syn ../../memory_compiler/single_port_sram/sram00_libs
set synthetic_library [list "dw_foundation.sldb"]
dw_foundation.sldb
set link_library [list "*" "tcbn65gplustc_ccs.db" "dw_foundation.sldb" "sram00_nldm_tt_1p00v_1p00v_25c_syn.db"]
* tcbn65gplustc_ccs.db dw_foundation.sldb sram00_nldm_tt_1p00v_1p00v_25c_syn.db
set target_library [list "tcbn65gplustc_ccs.db"]
tcbn65gplustc_ccs.db
# Read verilog files
#read_verilog {../../rtl/$top_level/$top_level.v}
analyze -format verilog "../../rtl/$top_level/$top_level.v"
Running PRESTO HDLC
Compiling source file ../../rtl/fft_core/fft_core.v
Presto compilation completed successfully.
Loading db file '/courses/ee6350/pdk2025/tcbn65gplus/TSMCHOME/digital/Front_End/timing_power_noise/CCS/tcbn65gplus_200a/tcbn65gplustc_ccs.db'
Information: Using CCS timing libraries. (TIM-024)
Loading db file '/tools/synopsys/syn/U-2022.12-SP7/libraries/syn/dw_foundation.sldb'
Loading db file '/homes/user/stud/fall25/dr3412/EECS6321_Adv_dig/FFT/FFT_chipathon/memory_compiler/single_port_sram/sram00_libs/sram00_nldm_tt_1p00v_1p00v_25c_syn.db'
1
elaborate $top_level -parameters "DATA_WIDTH=16"
Loading db file '/tools/synopsys/syn/current/libraries/syn/gtech.db'
Loading db file '/tools/synopsys/syn/current/libraries/syn/standard.sldb'
  Loading link library 'tcbn65gplustc_ccs'
  Loading link library 'USERLIB_nldm_tt_1p00v_1p00v_25c'
  Loading link library 'gtech'
Running PRESTO HDLC
Warning:  ../../rtl/fft_core/fft_core.v:49: unsigned to signed assignment occurs. (VER-318)
Warning:  ../../rtl/fft_core/fft_core.v:50: unsigned to signed assignment occurs. (VER-318)
Warning:  ../../rtl/fft_core/fft_core.v:51: unsigned to signed assignment occurs. (VER-318)
Warning:  ../../rtl/fft_core/fft_core.v:52: unsigned to signed assignment occurs. (VER-318)
Warning:  ../../rtl/fft_core/fft_core.v:53: unsigned to signed assignment occurs. (VER-318)
Warning:  ../../rtl/fft_core/fft_core.v:54: unsigned to signed assignment occurs. (VER-318)
Warning:  ../../rtl/fft_core/fft_core.v:77: signed to unsigned part selection occurs. (VER-318)
Warning:  ../../rtl/fft_core/fft_core.v:78: signed to unsigned part selection occurs. (VER-318)
Warning:  ../../rtl/fft_core/fft_core.v:86: unsigned to signed assignment occurs. (VER-318)
Warning:  ../../rtl/fft_core/fft_core.v:87: unsigned to signed assignment occurs. (VER-318)
Warning:  ../../rtl/fft_core/fft_core.v:88: unsigned to signed assignment occurs. (VER-318)
Warning:  ../../rtl/fft_core/fft_core.v:89: unsigned to signed assignment occurs. (VER-318)
Warning:  ../../rtl/fft_core/fft_core.v:93: signed to unsigned part selection occurs. (VER-318)
Warning:  ../../rtl/fft_core/fft_core.v:94: signed to unsigned part selection occurs. (VER-318)
Warning:  ../../rtl/fft_core/fft_core.v:95: signed to unsigned part selection occurs. (VER-318)
Warning:  ../../rtl/fft_core/fft_core.v:96: signed to unsigned part selection occurs. (VER-318)

Inferred memory devices in process
	in routine fft_core_DATA_WIDTH16 line 101 in file
		'../../rtl/fft_core/fft_core.v'.
===============================================================================
|    Register Name    |   Type    | Width | Bus | MB | AR | AS | SR | SS | ST |
===============================================================================
|     x0_out_reg      | Flip-flop |  16   |  Y  | N  | Y  | N  | N  | N  | N  |
|     x1_out_reg      | Flip-flop |  16   |  Y  | N  | Y  | N  | N  | N  | N  |
|      done_reg       | Flip-flop |   1   |  N  | N  | Y  | N  | N  | N  | N  |
===============================================================================
Presto compilation completed successfully. (fft_core_DATA_WIDTH16)
Elaborated 1 design.
Current design is now 'fft_core_DATA_WIDTH16'.
1
# List the names of the designs loaded in memory
# Note: This command don't have any functionality for synthesis
#       This is for debugging
list_designs
fft_core_DATA_WIDTH16 (*)
1
# Check errors
if { [check_error -v] == 1 } { exit 1 }
# Set the current design
# Note: The active design is called the current design
#       Most commands are specific to the current design
set current_top [current_design]
Current design is 'fft_core_DATA_WIDTH16'.
{fft_core_DATA_WIDTH16}
current_design $current_top
Current design is 'fft_core_DATA_WIDTH16'.
{fft_core_DATA_WIDTH16}
# Link the design
# Note: The design must be connected to all the library components and designs if references
#       For each subdesign, a reference and a link must exist between the subdesign and a design or component
#       in the link libraries
link

  Linking design 'fft_core_DATA_WIDTH16'
  Using the following designs and libraries:
  --------------------------------------------------------------------------
  fft_core_DATA_WIDTH16       /homes/user/stud/fall25/dr3412/EECS6321_Adv_dig/FFT/FFT_chipathon/dc/fft_core/fft_core_DATA_WIDTH16.db
  tcbn65gplustc_ccs (library) /courses/ee6350/pdk2025/tcbn65gplus/TSMCHOME/digital/Front_End/timing_power_noise/CCS/tcbn65gplus_200a/tcbn65gplustc_ccs.db
  dw_foundation.sldb (library) /tools/synopsys/syn/U-2022.12-SP7/libraries/syn/dw_foundation.sldb
  USERLIB_nldm_tt_1p00v_1p00v_25c (library) /homes/user/stud/fall25/dr3412/EECS6321_Adv_dig/FFT/FFT_chipathon/memory_compiler/single_port_sram/sram00_libs/sram00_nldm_tt_1p00v_1p00v_25c_syn.db

1
##################################################
# Define design rule constraints                    
##################################################
# Set maximum fanout of gates
# Note: This command sets the maximum allowable fanout load for the listed input ports
#       The object lists specifies a list of input ports and/or designs on which the max_fanout attribute is to be set
set_max_fanout 4 $current_top
1
set_max_fanout 4 [all_inputs]
1
# Set a maximum capacitance for the nets attached to named ports or to all the nets in a design
set_max_capacitance 0.01 [all_inputs]
1
# Verify the design consistency
# Note: This command reports an error that DC cannot resolve or a warning
check_design
1
##################################################
# Define design optimization constraints
##################################################
# Set timing environment through another .tcl file
source -verbose "./timing.tcl"
0.04
4.0
0
0.050
0.1
0.05
0.005
clk
clk
rstn
rstn
1
1
1
1
Warning: Design rule attributes from the driving cell will be set on the port 'clk'. (UID-401)
Warning: Design rule attributes from the driving cell will be set on the port 'rstn'. (UID-401)
Warning: Design rule attributes from the driving cell will be set on the port 'start'. (UID-401)
Warning: Design rule attributes from the driving cell will be set on the port 'x0[15]'. (UID-401)
Warning: Design rule attributes from the driving cell will be set on the port 'x0[14]'. (UID-401)
Warning: Design rule attributes from the driving cell will be set on the port 'x0[13]'. (UID-401)
Warning: Design rule attributes from the driving cell will be set on the port 'x0[12]'. (UID-401)
Warning: Design rule attributes from the driving cell will be set on the port 'x0[11]'. (UID-401)
Warning: Design rule attributes from the driving cell will be set on the port 'x0[10]'. (UID-401)
Warning: Design rule attributes from the driving cell will be set on the port 'x0[9]'. (UID-401)
Warning: Design rule attributes from the driving cell will be set on the port 'x0[8]'. (UID-401)
Warning: Design rule attributes from the driving cell will be set on the port 'x0[7]'. (UID-401)
Warning: Design rule attributes from the driving cell will be set on the port 'x0[6]'. (UID-401)
Warning: Design rule attributes from the driving cell will be set on the port 'x0[5]'. (UID-401)
Warning: Design rule attributes from the driving cell will be set on the port 'x0[4]'. (UID-401)
Warning: Design rule attributes from the driving cell will be set on the port 'x0[3]'. (UID-401)
Warning: Design rule attributes from the driving cell will be set on the port 'x0[2]'. (UID-401)
Warning: Design rule attributes from the driving cell will be set on the port 'x0[1]'. (UID-401)
Warning: Design rule attributes from the driving cell will be set on the port 'x0[0]'. (UID-401)
Warning: Design rule attributes from the driving cell will be set on the port 'x1[15]'. (UID-401)
Warning: Design rule attributes from the driving cell will be set on the port 'x1[14]'. (UID-401)
Warning: Design rule attributes from the driving cell will be set on the port 'x1[13]'. (UID-401)
Warning: Design rule attributes from the driving cell will be set on the port 'x1[12]'. (UID-401)
Warning: Design rule attributes from the driving cell will be set on the port 'x1[11]'. (UID-401)
Warning: Design rule attributes from the driving cell will be set on the port 'x1[10]'. (UID-401)
Warning: Design rule attributes from the driving cell will be set on the port 'x1[9]'. (UID-401)
Warning: Design rule attributes from the driving cell will be set on the port 'x1[8]'. (UID-401)
Warning: Design rule attributes from the driving cell will be set on the port 'x1[7]'. (UID-401)
Warning: Design rule attributes from the driving cell will be set on the port 'x1[6]'. (UID-401)
Warning: Design rule attributes from the driving cell will be set on the port 'x1[5]'. (UID-401)
Warning: Design rule attributes from the driving cell will be set on the port 'x1[4]'. (UID-401)
Warning: Design rule attributes from the driving cell will be set on the port 'x1[3]'. (UID-401)
Warning: Design rule attributes from the driving cell will be set on the port 'x1[2]'. (UID-401)
Warning: Design rule attributes from the driving cell will be set on the port 'x1[1]'. (UID-401)
Warning: Design rule attributes from the driving cell will be set on the port 'x1[0]'. (UID-401)
Warning: Design rule attributes from the driving cell will be set on the port 'w[15]'. (UID-401)
Warning: Design rule attributes from the driving cell will be set on the port 'w[14]'. (UID-401)
Warning: Design rule attributes from the driving cell will be set on the port 'w[13]'. (UID-401)
Warning: Design rule attributes from the driving cell will be set on the port 'w[12]'. (UID-401)
Warning: Design rule attributes from the driving cell will be set on the port 'w[11]'. (UID-401)
Warning: Design rule attributes from the driving cell will be set on the port 'w[10]'. (UID-401)
Warning: Design rule attributes from the driving cell will be set on the port 'w[9]'. (UID-401)
Warning: Design rule attributes from the driving cell will be set on the port 'w[8]'. (UID-401)
Warning: Design rule attributes from the driving cell will be set on the port 'w[7]'. (UID-401)
Warning: Design rule attributes from the driving cell will be set on the port 'w[6]'. (UID-401)
Warning: Design rule attributes from the driving cell will be set on the port 'w[5]'. (UID-401)
Warning: Design rule attributes from the driving cell will be set on the port 'w[4]'. (UID-401)
Warning: Design rule attributes from the driving cell will be set on the port 'w[3]'. (UID-401)
Warning: Design rule attributes from the driving cell will be set on the port 'w[2]'. (UID-401)
Warning: Design rule attributes from the driving cell will be set on the port 'w[1]'. (UID-401)
Warning: Design rule attributes from the driving cell will be set on the port 'w[0]'. (UID-401)
1
1
1
1
1
1
# Set the fix_multiple_port_nets attribute to a specified value on the current design or a list of designs
# Note: '-all' option inserts buffers to the ports
#       '-buffer_constants' option inserts buffers to logic constants instead of duplicating them
set_fix_multiple_port_nets -all -buffer_constants
1
set_wire_load_mode top
1
##################################################
# Optimize the design
##################################################
# Verify the design consistency
check_design
1
# Set the current design
current_design $current_top
Current design is 'fft_core_DATA_WIDTH16'.
{fft_core_DATA_WIDTH16}
# Link the design
link

  Linking design 'fft_core_DATA_WIDTH16'
  Using the following designs and libraries:
  --------------------------------------------------------------------------
  fft_core_DATA_WIDTH16       /homes/user/stud/fall25/dr3412/EECS6321_Adv_dig/FFT/FFT_chipathon/dc/fft_core/fft_core_DATA_WIDTH16.db
  tcbn65gplustc_ccs (library) /courses/ee6350/pdk2025/tcbn65gplus/TSMCHOME/digital/Front_End/timing_power_noise/CCS/tcbn65gplus_200a/tcbn65gplustc_ccs.db
  dw_foundation.sldb (library)
                              /tools/synopsys/syn/U-2022.12-SP7/libraries/syn/dw_foundation.sldb
  USERLIB_nldm_tt_1p00v_1p00v_25c (library)
                              /homes/user/stud/fall25/dr3412/EECS6321_Adv_dig/FFT/FFT_chipathon/memory_compiler/single_port_sram/sram00_libs/sram00_nldm_tt_1p00v_1p00v_25c_syn.db

1
# Synthesize the design
# Note : This command performs a high-effort compile on the current design for better quality of results (QoR)
compile_ultra
Information: Performing leakage power optimization. (PWR-850)
CPU Load: 53%, Ram Free: 47 GB, Swap Free: 31 GB, Work Disk Free: 5743 GB, Tmp Disk Free: 31 GB
Analyzing: "/courses/ee6350/pdk2025/tcbn65gplus/TSMCHOME/digital/Front_End/timing_power_noise/CCS/tcbn65gplus_200a/tcbn65gplustc_ccs.db"
Library analysis succeeded.
Information: Evaluating DesignWare library utilization. (UISN-27)

============================================================================
| DesignWare Building Block Library  |         Version         | Available |
============================================================================
| Basic DW Building Blocks           | U-2022.12-DWBB_202212.5 |     *     |
| Licensed DW Building Blocks        | U-2022.12-DWBB_202212.5 |     *     |
============================================================================

====================================================================================================
| Flow Information                                                                                 |
----------------------------------------------------------------------------------------------------
| Flow         | Design Compiler WLM                                                               |
| Command Line | compile_ultra                                                                     |
====================================================================================================
| Design Information                                      | Value                                  |
====================================================================================================
| Number of Scenarios                                     | 0                                      |
| Leaf Cell Count                                         | 44                                     |
| Number of User Hierarchies                              | 0                                      |
| Sequential Cell Count                                   | 33                                     |
| Macro Count                                             | 0                                      |
| Number of Power Domains                                 | 0                                      |
| Number of Path Groups                                   | 2                                      |
| Number of VT Class                                      | 0                                      |
| Number of Clocks                                        | 1                                      |
| Number of Dont Touch Cells                              | 0                                      |
| Number of Dont Touch Nets                               | 0                                      |
| Number of Size Only Cells                               | 0                                      |
| Design with UPF Data                                    | false                                  |
----------------------------------------------------------------------------------------------------
| Variables                                               | Value                                  |
----------------------------------------------------------------------------------------------------
| set_fix_multiple_port_nets                              | -all -buffer_constants                 |
====================================================================================================
Information: Sequential output inversion is enabled.  SVF file must be used for formal verification. (OPT-1208)
  Simplifying Design 'fft_core_DATA_WIDTH16'

Loaded alib file './alib-52/tcbn65gplustc_ccs.db.alib'
  Building model 'DW01_NAND2'
Information: Ungrouping 0 of 1 hierarchies before Pass 1 (OPT-775)
CPU Load: 56%, Ram Free: 47 GB, Swap Free: 31 GB, Work Disk Free: 5743 GB, Tmp Disk Free: 31 GB
Information: State dependent leakage is now switched from on to off.

  Beginning Pass 1 Mapping
  ------------------------
  Processing 'fft_core_DATA_WIDTH16'
 Implement Synthetic for 'fft_core_DATA_WIDTH16'.
Information: Command 'do_operand_isolation' is obsolete and is being ignored.  Please refer to the replacement command 'set power_enable_datapath_gating true' instead. (INFO-118)
CPU Load: 56%, Ram Free: 47 GB, Swap Free: 31 GB, Work Disk Free: 5743 GB, Tmp Disk Free: 31 GB

  Updating timing information
Information: Updating design information... (UID-85)
Information: The library cell 'TIEL' in the library 'tcbn65gplustc_ccs' is not characterized for internal power. (PWR-536)
Information: The library cell 'TIEH' in the library 'tcbn65gplustc_ccs' is not characterized for internal power. (PWR-536)
Information: The target library(s) contains cell(s), other than black boxes, that are not characterized for internal power. (PWR-24)

  Beginning Mapping Optimizations  (Ultra High effort)
  -------------------------------
Information: Added key list 'DesignWare' to design 'fft_core_DATA_WIDTH16'. (DDB-72)
Information: There is no timing violation in design fft_core_DATA_WIDTH16. Delay-based auto_ungroup will not be performed. (OPT-780)
Information: Command 'do_operand_isolation' is obsolete and is being ignored.  Please refer to the replacement command 'set power_enable_datapath_gating true' instead. (INFO-118)

                                  TOTAL                                                            
   ELAPSED            WORST NEG   SETUP    DESIGN                              LEAKAGE   MIN DELAY 
    TIME      AREA      SLACK     COST    RULE COST         ENDPOINT            POWER      COST    
  --------- --------- --------- --------- --------- ------------------------- --------- -----------
    0:00:13    3025.1      0.00       0.0     686.2                           18769.9609      0.00  
    0:00:13    3025.1      0.00       0.0     686.2                           18769.9609      0.00  

  Beginning Constant Register Removal
  -----------------------------------
    0:00:13    3025.1      0.00       0.0     686.2                           18769.9609      0.00  
    0:00:14    3025.1      0.00       0.0     686.2                           18769.9609      0.00  

  Beginning Global Optimizations
  ------------------------------
  Numerical Synthesis (Phase 1)
  Numerical Synthesis (Phase 2)
  Global Optimization (Phase 1)
  Global Optimization (Phase 2)
  Global Optimization (Phase 3)
  Global Optimization (Phase 4)
  Global Optimization (Phase 5)
  Global Optimization (Phase 6)
  Global Optimization (Phase 7)
  Global Optimization (Phase 8)
  Global Optimization (Phase 9)
  Global Optimization (Phase 10)
  Global Optimization (Phase 11)
  Global Optimization (Phase 12)
  Global Optimization (Phase 13)
  Global Optimization (Phase 14)
  Global Optimization (Phase 15)
  Global Optimization (Phase 16)
  Global Optimization (Phase 17)
  Global Optimization (Phase 18)
  Global Optimization (Phase 19)
  Global Optimization (Phase 20)
  Global Optimization (Phase 21)
  Global Optimization (Phase 22)
  Global Optimization (Phase 23)
  Global Optimization (Phase 24)
  Global Optimization (Phase 25)
  Global Optimization (Phase 26)
  Global Optimization (Phase 27)
  Global Optimization (Phase 28)
  Global Optimization (Phase 29)

  Beginning Isolate Ports
  -----------------------

  Beginning Delay Optimization
  ----------------------------
    0:00:16    2555.6      0.00       0.0     681.2                           14504.0576      0.00  
    0:00:16    2555.6      0.00       0.0     681.2                           14504.0576      0.00  
    0:00:16    2555.6      0.00       0.0     681.2                           14504.0576      0.00  
    0:00:16    2555.6      0.00       0.0     681.2                           14504.0576      0.00  
    0:00:16    2555.6      0.00       0.0     681.2                           14504.0576      0.00  
    0:00:16    2555.6      0.00       0.0     681.2                           14504.0576      0.00  

  Beginning WLM Backend Optimization
  --------------------------------------
    0:00:17    2554.2      0.00       0.0     681.2                           14493.0723      0.00  
    0:00:17    2554.2      0.00       0.0     681.2                           14493.0723      0.00  
    0:00:17    2554.2      0.00       0.0     681.2                           14493.0723      0.00  
    0:00:18    2554.2      0.00       0.0     681.2                           14493.0723      0.00  
    0:00:18    2554.2      0.00       0.0     681.2                           14493.0723      0.00  
    0:00:18    2554.2      0.00       0.0     681.2                           14493.0723      0.00  
    0:00:18    2554.2      0.00       0.0     681.2                           14493.0723      0.00  
    0:00:18    2554.2      0.00       0.0     681.2                           14493.0723      0.00  
    0:00:18    2554.2      0.00       0.0     681.2                           14493.0723      0.00  
    0:00:18    2554.2      0.00       0.0     681.2                           14493.0723      0.00  
    0:00:18    2554.2      0.00       0.0     681.2                           14493.0723      0.00  
    0:00:18    2554.2      0.00       0.0     681.2                           14493.0723      0.00  
    0:00:18    2554.2      0.00       0.0     681.2                           14493.0723      0.00  
    0:00:18    2554.2      0.00       0.0     681.2                           14493.0723      0.00  
    0:00:18    2554.2      0.00       0.0     681.2                           14493.0723      0.00  
    0:00:18    2554.2      0.00       0.0     681.2                           14493.0723      0.00  
    0:00:18    2554.2      0.00       0.0     681.2                           14493.0723      0.00  
    0:00:18    2554.2      0.00       0.0     681.2                           14493.0723      0.00  
    0:00:18    2554.2      0.00       0.0     681.2                           14493.0723      0.00  
    0:00:18    2554.2      0.00       0.0     681.2                           14493.0723      0.00  
    0:00:18    2554.2      0.00       0.0     681.2                           14493.0723      0.00  
    0:00:18    2554.2      0.00       0.0     681.2                           14493.0723      0.00  


  Beginning Design Rule Fixing  (max_fanout)  (max_capacitance)
  ----------------------------

                                  TOTAL                                                            
   ELAPSED            WORST NEG   SETUP    DESIGN                              LEAKAGE   MIN DELAY 
    TIME      AREA      SLACK     COST    RULE COST         ENDPOINT            POWER      COST    
  --------- --------- --------- --------- --------- ------------------------- --------- -----------
    0:00:18    2554.2      0.00       0.0     681.2                           14493.0723      0.00  
  Global Optimization (Phase 30)
  Global Optimization (Phase 31)
  Global Optimization (Phase 32)
    0:00:21    2921.0      0.00       0.0       0.0                           16512.8496      0.00  
    0:00:21    2921.0      0.00       0.0       0.0                           16512.8496      0.00  


  Beginning Leakage Power Optimization  (max_leakage_power 0)
  ------------------------------------

                                  TOTAL                                                            
   ELAPSED            WORST NEG   SETUP    DESIGN                              LEAKAGE   MIN DELAY 
    TIME      AREA      SLACK     COST    RULE COST         ENDPOINT            POWER      COST    
  --------- --------- --------- --------- --------- ------------------------- --------- -----------
    0:00:21    2921.0      0.00       0.0       0.0                           16512.8496      0.00  
    0:00:21    2921.0      0.00       0.0       0.0                           16512.8496      0.00  
    0:00:21    2921.0      0.00       0.0       0.0                           16512.8496      0.00  
    0:00:21    2921.0      0.00       0.0       0.0                           16512.8496      0.00  
    0:00:22    2921.0      0.00       0.0       0.0                           13326.6787      0.00  
    0:00:22    2921.0      0.00       0.0       0.0                           13326.6787      0.00  
    0:00:22    2921.0      0.00       0.0       0.0                           13326.6787      0.00  
    0:00:22    2921.0      0.00       0.0       0.0                           13326.6787      0.00  
    0:00:22    2921.0      0.00       0.0       0.0                           13326.6787      0.00  
    0:00:22    2921.0      0.00       0.0       0.0                           13326.6787      0.00  
    0:00:22    2921.0      0.00       0.0       0.0                           13326.6787      0.00  
    0:00:22    2921.0      0.00       0.0       0.0                           13326.6787      0.00  
    0:00:22    2921.0      0.00       0.0       0.0                           13326.6787      0.00  
    0:00:22    2921.0      0.00       0.0       0.0                           13326.6787      0.00  
    0:00:22    2921.0      0.00       0.0       0.0                           13326.6787      0.00  
    0:00:22    2921.0      0.00       0.0       0.0                           13326.6787      0.00  
    0:00:22    2921.0      0.00       0.0       0.0                           13326.6787      0.00  
    0:00:22    2921.0      0.00       0.0       0.0                           13326.6787      0.00  
    0:00:22    2921.0      0.00       0.0       0.0                           13326.6787      0.00  
    0:00:22    2921.0      0.00       0.0       0.0                           13326.6787      0.00  
    0:00:22    2921.0      0.00       0.0       0.0                           13326.6787      0.00  
    0:00:22    2921.0      0.00       0.0       0.0                           13326.6787      0.00  
    0:00:22    2921.0      0.00       0.0       0.0                           13326.6787      0.00  

                                  TOTAL                                                            
   ELAPSED            WORST NEG   SETUP    DESIGN                              LEAKAGE   MIN DELAY 
    TIME      AREA      SLACK     COST    RULE COST         ENDPOINT            POWER      COST    
  --------- --------- --------- --------- --------- ------------------------- --------- -----------
    0:00:22    2921.0      0.00       0.0       0.0                           13326.6787      0.00  
    0:00:23    2921.0      0.00       0.0       0.0                           13326.6787      0.00  
    0:00:23    2921.0      0.00       0.0       0.0                           13326.6787      0.00  
    0:00:23    2921.0      0.00       0.0       0.0                           13326.6787      0.00  
    0:00:23    2921.0      0.00       0.0       0.0                           13326.6787      0.00  
    0:00:24    2838.6      0.00       0.0       0.0                           13076.1348      0.00  
    0:00:24    2838.6      0.00       0.0       0.0                           13076.1348      0.00  
    0:00:24    2838.6      0.00       0.0       0.0                           13076.1348      0.00  
    0:00:24    2838.6      0.00       0.0       0.0                           13076.1348      0.00  
    0:00:24    2838.6      0.00       0.0       0.0                           13076.1348      0.00  
    0:00:24    2838.6      0.00       0.0       0.0                           13076.1348      0.00  
CPU Load: 57%, Ram Free: 47 GB, Swap Free: 31 GB, Work Disk Free: 5743 GB, Tmp Disk Free: 31 GB
Loading db file '/courses/ee6350/pdk2025/tcbn65gplus/TSMCHOME/digital/Front_End/timing_power_noise/CCS/tcbn65gplus_200a/tcbn65gplustc_ccs.db'
Loading db file '/homes/user/stud/fall25/dr3412/EECS6321_Adv_dig/FFT/FFT_chipathon/memory_compiler/single_port_sram/sram00_libs/sram00_nldm_tt_1p00v_1p00v_25c_syn.db'


Note: Symbol # after min delay cost means estimated hold TNS across all active scenarios 


  Optimization Complete
  ---------------------
Information: State dependent leakage is now switched from off to on.
Information: Propagating switching activity (low effort zero delay simulation). (PWR-6)
CPU Load: 57%, Ram Free: 47 GB, Swap Free: 31 GB, Work Disk Free: 5743 GB, Tmp Disk Free: 31 GB
Information: Total number of MV cells in the design.
----------------------------------------------------------------------------------------------------
 MV Cells                                           Total Number                                   
----------------------------------------------------------------------------------------------------
 Level Shifter:                                     0                                             
 Enable Level Shifter:                              0                                             
 Isolation Cell:                                    0                                             
 Retention Cell:                                    0                                             
 Retention Clamp Cell:                              0                                             
 Switch Cell:                                       0                                             
 Always-On Cell:                                    0                                             
 Repeater Cell:                                     0                                             

----------------------------------------------------------------------------------------------------
Unmapped MV Cells 
----------------------------------------------------------------------------------------------------
0 Isolation Cells are unmapped 
0 Retention Clamp Cells are unmapped 
----------------------------------------------------------------------------------------------------
1
current_design $current_top
Current design is 'fft_core_DATA_WIDTH16'.
{fft_core_DATA_WIDTH16}
rename_design [current_design] $top_level
Current design is 'fft_core_DATA_WIDTH16'.
Information: Renaming design /homes/user/stud/fall25/dr3412/EECS6321_Adv_dig/FFT/FFT_chipathon/dc/fft_core/fft_core_DATA_WIDTH16.db:fft_core_DATA_WIDTH16 to /homes/user/stud/fall25/dr3412/EECS6321_Adv_dig/FFT/FFT_chipathon/dc/fft_core/fft_core_DATA_WIDTH16.db:fft_core. (UIMG-45)
Current design is 'fft_core'.
1
##################################################
# Analyze and resolve design problems
##################################################
# Verify the design consistency
check_design
1
# Rename modules, signals according to the naming rules
source -verbose "../common_scripts/namingrules.tcl"
1

Design          Type    Object                  New Name
--------------------------------------------------------------------------------
fft_core        cell    x0_out_reg[15]          x0_out_reg_15_
fft_core        cell    x0_out_reg[14]          x0_out_reg_14_
fft_core        cell    x0_out_reg[13]          x0_out_reg_13_
fft_core        cell    x0_out_reg[12]          x0_out_reg_12_
fft_core        cell    x0_out_reg[11]          x0_out_reg_11_
fft_core        cell    x0_out_reg[10]          x0_out_reg_10_
fft_core        cell    x0_out_reg[9]           x0_out_reg_9_
fft_core        cell    x0_out_reg[8]           x0_out_reg_8_
fft_core        cell    x0_out_reg[7]           x0_out_reg_7_
fft_core        cell    x0_out_reg[6]           x0_out_reg_6_
fft_core        cell    x0_out_reg[5]           x0_out_reg_5_
fft_core        cell    x0_out_reg[4]           x0_out_reg_4_
fft_core        cell    x0_out_reg[3]           x0_out_reg_3_
fft_core        cell    x0_out_reg[2]           x0_out_reg_2_
fft_core        cell    x0_out_reg[1]           x0_out_reg_1_
fft_core        cell    x0_out_reg[0]           x0_out_reg_0_
fft_core        cell    x1_out_reg[15]          x1_out_reg_15_
fft_core        cell    x1_out_reg[14]          x1_out_reg_14_
fft_core        cell    x1_out_reg[13]          x1_out_reg_13_
fft_core        cell    x1_out_reg[12]          x1_out_reg_12_
fft_core        cell    x1_out_reg[11]          x1_out_reg_11_
fft_core        cell    x1_out_reg[10]          x1_out_reg_10_
fft_core        cell    x1_out_reg[9]           x1_out_reg_9_
fft_core        cell    x1_out_reg[8]           x1_out_reg_8_
fft_core        cell    x1_out_reg[7]           x1_out_reg_7_
fft_core        cell    x1_out_reg[6]           x1_out_reg_6_
fft_core        cell    x1_out_reg[5]           x1_out_reg_5_
fft_core        cell    x1_out_reg[4]           x1_out_reg_4_
fft_core        cell    x1_out_reg[3]           x1_out_reg_3_
fft_core        cell    x1_out_reg[2]           x1_out_reg_2_
fft_core        cell    x1_out_reg[1]           x1_out_reg_1_
fft_core        cell    x1_out_reg[0]           x1_out_reg_0_
fft_core        cell    DP_OP_20J1_123_3721/U52 DP_OP_20J1_123_3721_U52
fft_core        cell    DP_OP_20J1_123_3721/U49 DP_OP_20J1_123_3721_U49
fft_core        cell    DP_OP_20J1_123_3721/U47 DP_OP_20J1_123_3721_U47
fft_core        cell    DP_OP_20J1_123_3721/U46 DP_OP_20J1_123_3721_U46
fft_core        cell    DP_OP_20J1_123_3721/U43 DP_OP_20J1_123_3721_U43
fft_core        cell    DP_OP_20J1_123_3721/U42 DP_OP_20J1_123_3721_U42
fft_core        cell    DP_OP_20J1_123_3721/U40 DP_OP_20J1_123_3721_U40
fft_core        cell    DP_OP_20J1_123_3721/U39 DP_OP_20J1_123_3721_U39
fft_core        cell    DP_OP_20J1_123_3721/U38 DP_OP_20J1_123_3721_U38
fft_core        cell    DP_OP_20J1_123_3721/U36 DP_OP_20J1_123_3721_U36
fft_core        cell    DP_OP_20J1_123_3721/U35 DP_OP_20J1_123_3721_U35
fft_core        cell    DP_OP_20J1_123_3721/U34 DP_OP_20J1_123_3721_U34
fft_core        cell    DP_OP_20J1_123_3721/U30 DP_OP_20J1_123_3721_U30
fft_core        cell    DP_OP_20J1_123_3721/U29 DP_OP_20J1_123_3721_U29
fft_core        cell    DP_OP_20J1_123_3721/U26 DP_OP_20J1_123_3721_U26
fft_core        cell    DP_OP_20J1_123_3721/U25 DP_OP_20J1_123_3721_U25
fft_core        cell    DP_OP_20J1_123_3721/U24 DP_OP_20J1_123_3721_U24
fft_core        cell    DP_OP_20J1_123_3721/U23 DP_OP_20J1_123_3721_U23
fft_core        cell    DP_OP_20J1_123_3721/U20 DP_OP_20J1_123_3721_U20
fft_core        cell    DP_OP_20J1_123_3721/U19 DP_OP_20J1_123_3721_U19
fft_core        cell    DP_OP_19J1_122_3721/U52 DP_OP_19J1_122_3721_U52
fft_core        cell    DP_OP_19J1_122_3721/U49 DP_OP_19J1_122_3721_U49
fft_core        cell    DP_OP_19J1_122_3721/U47 DP_OP_19J1_122_3721_U47
fft_core        cell    DP_OP_19J1_122_3721/U46 DP_OP_19J1_122_3721_U46
fft_core        cell    DP_OP_19J1_122_3721/U43 DP_OP_19J1_122_3721_U43
fft_core        cell    DP_OP_19J1_122_3721/U42 DP_OP_19J1_122_3721_U42
fft_core        cell    DP_OP_19J1_122_3721/U40 DP_OP_19J1_122_3721_U40
fft_core        cell    DP_OP_19J1_122_3721/U39 DP_OP_19J1_122_3721_U39
fft_core        cell    DP_OP_19J1_122_3721/U38 DP_OP_19J1_122_3721_U38
fft_core        cell    DP_OP_19J1_122_3721/U36 DP_OP_19J1_122_3721_U36
fft_core        cell    DP_OP_19J1_122_3721/U35 DP_OP_19J1_122_3721_U35
fft_core        cell    DP_OP_19J1_122_3721/U34 DP_OP_19J1_122_3721_U34
fft_core        cell    DP_OP_19J1_122_3721/U30 DP_OP_19J1_122_3721_U30
fft_core        cell    DP_OP_19J1_122_3721/U29 DP_OP_19J1_122_3721_U29
fft_core        cell    DP_OP_19J1_122_3721/U26 DP_OP_19J1_122_3721_U26
fft_core        cell    DP_OP_19J1_122_3721/U25 DP_OP_19J1_122_3721_U25
fft_core        cell    DP_OP_19J1_122_3721/U24 DP_OP_19J1_122_3721_U24
fft_core        cell    DP_OP_19J1_122_3721/U23 DP_OP_19J1_122_3721_U23
fft_core        cell    DP_OP_19J1_122_3721/U20 DP_OP_19J1_122_3721_U20
fft_core        cell    DP_OP_19J1_122_3721/U19 DP_OP_19J1_122_3721_U19
fft_core        cell    intadd_0/U8             intadd_0_U8
fft_core        cell    intadd_0/U7             intadd_0_U7
fft_core        cell    intadd_0/U6             intadd_0_U6
fft_core        cell    intadd_0/U5             intadd_0_U5
fft_core        cell    intadd_0/U4             intadd_0_U4
fft_core        cell    intadd_0/U3             intadd_0_U3
fft_core        cell    intadd_0/U2             intadd_0_U2
fft_core        cell    intadd_1/U8             intadd_1_U8
fft_core        cell    intadd_1/U7             intadd_1_U7
fft_core        cell    intadd_1/U6             intadd_1_U6
fft_core        cell    intadd_1/U5             intadd_1_U5
fft_core        cell    intadd_1/U4             intadd_1_U4
fft_core        cell    intadd_1/U3             intadd_1_U3
fft_core        cell    intadd_1/U2             intadd_1_U2
fft_core        net     DP_OP_20J1_123_3721/n258 DP_OP_20J1_123_3721_n258
fft_core        net     DP_OP_20J1_123_3721/n257 DP_OP_20J1_123_3721_n257
fft_core        net     DP_OP_20J1_123_3721/n256 DP_OP_20J1_123_3721_n256
fft_core        net     DP_OP_20J1_123_3721/n254 DP_OP_20J1_123_3721_n254
fft_core        net     DP_OP_20J1_123_3721/n251 DP_OP_20J1_123_3721_n251
fft_core        net     DP_OP_20J1_123_3721/n249 DP_OP_20J1_123_3721_n249
fft_core        net     DP_OP_20J1_123_3721/n248 DP_OP_20J1_123_3721_n248
fft_core        net     DP_OP_20J1_123_3721/n247 DP_OP_20J1_123_3721_n247
fft_core        net     DP_OP_20J1_123_3721/n246 DP_OP_20J1_123_3721_n246
fft_core        net     DP_OP_20J1_123_3721/n244 DP_OP_20J1_123_3721_n244
fft_core        net     DP_OP_20J1_123_3721/n242 DP_OP_20J1_123_3721_n242
fft_core        net     DP_OP_20J1_123_3721/n241 DP_OP_20J1_123_3721_n241
fft_core        net     DP_OP_20J1_123_3721/n240 DP_OP_20J1_123_3721_n240
fft_core        net     DP_OP_20J1_123_3721/n239 DP_OP_20J1_123_3721_n239
fft_core        net     DP_OP_20J1_123_3721/n237 DP_OP_20J1_123_3721_n237
fft_core        net     DP_OP_20J1_123_3721/n236 DP_OP_20J1_123_3721_n236
fft_core        net     DP_OP_20J1_123_3721/n233 DP_OP_20J1_123_3721_n233
fft_core        net     DP_OP_20J1_123_3721/n232 DP_OP_20J1_123_3721_n232
fft_core        net     DP_OP_20J1_123_3721/n230 DP_OP_20J1_123_3721_n230
fft_core        net     DP_OP_20J1_123_3721/n229 DP_OP_20J1_123_3721_n229
fft_core        net     DP_OP_20J1_123_3721/n226 DP_OP_20J1_123_3721_n226
fft_core        net     DP_OP_20J1_123_3721/n225 DP_OP_20J1_123_3721_n225
fft_core        net     DP_OP_20J1_123_3721/n224 DP_OP_20J1_123_3721_n224
fft_core        net     DP_OP_20J1_123_3721/n148 DP_OP_20J1_123_3721_n148
fft_core        net     DP_OP_20J1_123_3721/n146 DP_OP_20J1_123_3721_n146
fft_core        net     DP_OP_20J1_123_3721/n144 DP_OP_20J1_123_3721_n144
fft_core        net     DP_OP_20J1_123_3721/n143 DP_OP_20J1_123_3721_n143
fft_core        net     DP_OP_20J1_123_3721/n139 DP_OP_20J1_123_3721_n139
fft_core        net     DP_OP_20J1_123_3721/n138 DP_OP_20J1_123_3721_n138
fft_core        net     DP_OP_20J1_123_3721/n137 DP_OP_20J1_123_3721_n137
fft_core        net     DP_OP_20J1_123_3721/n136 DP_OP_20J1_123_3721_n136
fft_core        net     DP_OP_20J1_123_3721/n134 DP_OP_20J1_123_3721_n134
fft_core        net     DP_OP_20J1_123_3721/n130 DP_OP_20J1_123_3721_n130
fft_core        net     DP_OP_20J1_123_3721/n128 DP_OP_20J1_123_3721_n128
fft_core        net     DP_OP_20J1_123_3721/n126 DP_OP_20J1_123_3721_n126
fft_core        net     DP_OP_20J1_123_3721/n125 DP_OP_20J1_123_3721_n125
fft_core        net     DP_OP_20J1_123_3721/n122 DP_OP_20J1_123_3721_n122
fft_core        net     DP_OP_20J1_123_3721/n119 DP_OP_20J1_123_3721_n119
fft_core        net     DP_OP_20J1_123_3721/n117 DP_OP_20J1_123_3721_n117
fft_core        net     DP_OP_20J1_123_3721/n106 DP_OP_20J1_123_3721_n106
fft_core        net     DP_OP_20J1_123_3721/n104 DP_OP_20J1_123_3721_n104
fft_core        net     DP_OP_20J1_123_3721/n103 DP_OP_20J1_123_3721_n103
fft_core        net     DP_OP_20J1_123_3721/n102 DP_OP_20J1_123_3721_n102
fft_core        net     DP_OP_20J1_123_3721/n101 DP_OP_20J1_123_3721_n101
fft_core        net     DP_OP_20J1_123_3721/n100 DP_OP_20J1_123_3721_n100
fft_core        net     DP_OP_20J1_123_3721/n98 DP_OP_20J1_123_3721_n98
fft_core        net     DP_OP_20J1_123_3721/n97 DP_OP_20J1_123_3721_n97
fft_core        net     DP_OP_20J1_123_3721/n96 DP_OP_20J1_123_3721_n96
fft_core        net     DP_OP_20J1_123_3721/n95 DP_OP_20J1_123_3721_n95
fft_core        net     DP_OP_20J1_123_3721/n94 DP_OP_20J1_123_3721_n94
fft_core        net     DP_OP_20J1_123_3721/n93 DP_OP_20J1_123_3721_n93
fft_core        net     DP_OP_20J1_123_3721/n92 DP_OP_20J1_123_3721_n92
fft_core        net     DP_OP_20J1_123_3721/n91 DP_OP_20J1_123_3721_n91
fft_core        net     DP_OP_20J1_123_3721/n90 DP_OP_20J1_123_3721_n90
fft_core        net     DP_OP_20J1_123_3721/n89 DP_OP_20J1_123_3721_n89
fft_core        net     DP_OP_20J1_123_3721/n88 DP_OP_20J1_123_3721_n88
fft_core        net     DP_OP_20J1_123_3721/n87 DP_OP_20J1_123_3721_n87
fft_core        net     DP_OP_20J1_123_3721/n86 DP_OP_20J1_123_3721_n86
fft_core        net     DP_OP_20J1_123_3721/n85 DP_OP_20J1_123_3721_n85
fft_core        net     DP_OP_20J1_123_3721/n83 DP_OP_20J1_123_3721_n83
fft_core        net     DP_OP_20J1_123_3721/n82 DP_OP_20J1_123_3721_n82
fft_core        net     DP_OP_20J1_123_3721/n81 DP_OP_20J1_123_3721_n81
fft_core        net     DP_OP_20J1_123_3721/n80 DP_OP_20J1_123_3721_n80
fft_core        net     DP_OP_20J1_123_3721/n79 DP_OP_20J1_123_3721_n79
fft_core        net     DP_OP_20J1_123_3721/n78 DP_OP_20J1_123_3721_n78
fft_core        net     DP_OP_20J1_123_3721/n77 DP_OP_20J1_123_3721_n77
fft_core        net     DP_OP_20J1_123_3721/n76 DP_OP_20J1_123_3721_n76
fft_core        net     DP_OP_20J1_123_3721/n75 DP_OP_20J1_123_3721_n75
fft_core        net     DP_OP_20J1_123_3721/n74 DP_OP_20J1_123_3721_n74
fft_core        net     DP_OP_20J1_123_3721/n73 DP_OP_20J1_123_3721_n73
fft_core        net     DP_OP_20J1_123_3721/n72 DP_OP_20J1_123_3721_n72
fft_core        net     DP_OP_20J1_123_3721/n71 DP_OP_20J1_123_3721_n71
fft_core        net     DP_OP_20J1_123_3721/n70 DP_OP_20J1_123_3721_n70
fft_core        net     DP_OP_20J1_123_3721/n69 DP_OP_20J1_123_3721_n69
fft_core        net     DP_OP_20J1_123_3721/n68 DP_OP_20J1_123_3721_n68
fft_core        net     DP_OP_20J1_123_3721/n67 DP_OP_20J1_123_3721_n67
fft_core        net     DP_OP_20J1_123_3721/n66 DP_OP_20J1_123_3721_n66
fft_core        net     DP_OP_20J1_123_3721/n65 DP_OP_20J1_123_3721_n65
fft_core        net     DP_OP_20J1_123_3721/n64 DP_OP_20J1_123_3721_n64
fft_core        net     DP_OP_20J1_123_3721/n63 DP_OP_20J1_123_3721_n63
fft_core        net     DP_OP_20J1_123_3721/n62 DP_OP_20J1_123_3721_n62
fft_core        net     DP_OP_20J1_123_3721/n61 DP_OP_20J1_123_3721_n61
fft_core        net     DP_OP_20J1_123_3721/n60 DP_OP_20J1_123_3721_n60
fft_core        net     DP_OP_20J1_123_3721/n59 DP_OP_20J1_123_3721_n59
fft_core        net     DP_OP_20J1_123_3721/n58 DP_OP_20J1_123_3721_n58
fft_core        net     DP_OP_20J1_123_3721/n57 DP_OP_20J1_123_3721_n57
fft_core        net     DP_OP_20J1_123_3721/n56 DP_OP_20J1_123_3721_n56
fft_core        net     DP_OP_20J1_123_3721/n55 DP_OP_20J1_123_3721_n55
fft_core        net     DP_OP_20J1_123_3721/n54 DP_OP_20J1_123_3721_n54
fft_core        net     DP_OP_20J1_123_3721/n53 DP_OP_20J1_123_3721_n53
fft_core        net     DP_OP_20J1_123_3721/n52 DP_OP_20J1_123_3721_n52
fft_core        net     DP_OP_20J1_123_3721/n51 DP_OP_20J1_123_3721_n51
fft_core        net     DP_OP_20J1_123_3721/n50 DP_OP_20J1_123_3721_n50
fft_core        net     DP_OP_20J1_123_3721/n49 DP_OP_20J1_123_3721_n49
fft_core        net     DP_OP_20J1_123_3721/n48 DP_OP_20J1_123_3721_n48
fft_core        net     DP_OP_20J1_123_3721/n47 DP_OP_20J1_123_3721_n47
fft_core        net     DP_OP_20J1_123_3721/n46 DP_OP_20J1_123_3721_n46
fft_core        net     DP_OP_20J1_123_3721/n45 DP_OP_20J1_123_3721_n45
fft_core        net     DP_OP_20J1_123_3721/n44 DP_OP_20J1_123_3721_n44
fft_core        net     DP_OP_20J1_123_3721/n42 DP_OP_20J1_123_3721_n42
fft_core        net     DP_OP_20J1_123_3721/n41 DP_OP_20J1_123_3721_n41
fft_core        net     DP_OP_20J1_123_3721/n40 DP_OP_20J1_123_3721_n40
fft_core        net     DP_OP_20J1_123_3721/n39 DP_OP_20J1_123_3721_n39
fft_core        net     DP_OP_20J1_123_3721/n38 DP_OP_20J1_123_3721_n38
fft_core        net     DP_OP_20J1_123_3721/n37 DP_OP_20J1_123_3721_n37
fft_core        net     DP_OP_20J1_123_3721/n36 DP_OP_20J1_123_3721_n36
fft_core        net     DP_OP_20J1_123_3721/n35 DP_OP_20J1_123_3721_n35
fft_core        net     DP_OP_20J1_123_3721/n34 DP_OP_20J1_123_3721_n34
fft_core        net     DP_OP_20J1_123_3721/n33 DP_OP_20J1_123_3721_n33
fft_core        net     DP_OP_20J1_123_3721/n32 DP_OP_20J1_123_3721_n32
fft_core        net     DP_OP_20J1_123_3721/n31 DP_OP_20J1_123_3721_n31
fft_core        net     DP_OP_20J1_123_3721/n30 DP_OP_20J1_123_3721_n30
fft_core        net     DP_OP_20J1_123_3721/n29 DP_OP_20J1_123_3721_n29
fft_core        net     DP_OP_20J1_123_3721/n28 DP_OP_20J1_123_3721_n28
fft_core        net     DP_OP_20J1_123_3721/n26 DP_OP_20J1_123_3721_n26
fft_core        net     DP_OP_20J1_123_3721/n25 DP_OP_20J1_123_3721_n25
fft_core        net     DP_OP_20J1_123_3721/n24 DP_OP_20J1_123_3721_n24
fft_core        net     DP_OP_20J1_123_3721/n23 DP_OP_20J1_123_3721_n23
fft_core        net     DP_OP_20J1_123_3721/n22 DP_OP_20J1_123_3721_n22
fft_core        net     DP_OP_20J1_123_3721/n21 DP_OP_20J1_123_3721_n21
fft_core        net     DP_OP_20J1_123_3721/n20 DP_OP_20J1_123_3721_n20
fft_core        net     DP_OP_20J1_123_3721/n19 DP_OP_20J1_123_3721_n19
fft_core        net     DP_OP_20J1_123_3721/n18 DP_OP_20J1_123_3721_n18
fft_core        net     DP_OP_19J1_122_3721/n258 DP_OP_19J1_122_3721_n258
fft_core        net     DP_OP_19J1_122_3721/n257 DP_OP_19J1_122_3721_n257
fft_core        net     DP_OP_19J1_122_3721/n256 DP_OP_19J1_122_3721_n256
fft_core        net     DP_OP_19J1_122_3721/n254 DP_OP_19J1_122_3721_n254
fft_core        net     DP_OP_19J1_122_3721/n251 DP_OP_19J1_122_3721_n251
fft_core        net     DP_OP_19J1_122_3721/n249 DP_OP_19J1_122_3721_n249
fft_core        net     DP_OP_19J1_122_3721/n248 DP_OP_19J1_122_3721_n248
fft_core        net     DP_OP_19J1_122_3721/n247 DP_OP_19J1_122_3721_n247
fft_core        net     DP_OP_19J1_122_3721/n246 DP_OP_19J1_122_3721_n246
fft_core        net     DP_OP_19J1_122_3721/n244 DP_OP_19J1_122_3721_n244
fft_core        net     DP_OP_19J1_122_3721/n242 DP_OP_19J1_122_3721_n242
fft_core        net     DP_OP_19J1_122_3721/n241 DP_OP_19J1_122_3721_n241
fft_core        net     DP_OP_19J1_122_3721/n240 DP_OP_19J1_122_3721_n240
fft_core        net     DP_OP_19J1_122_3721/n239 DP_OP_19J1_122_3721_n239
fft_core        net     DP_OP_19J1_122_3721/n237 DP_OP_19J1_122_3721_n237
fft_core        net     DP_OP_19J1_122_3721/n236 DP_OP_19J1_122_3721_n236
fft_core        net     DP_OP_19J1_122_3721/n233 DP_OP_19J1_122_3721_n233
fft_core        net     DP_OP_19J1_122_3721/n232 DP_OP_19J1_122_3721_n232
fft_core        net     DP_OP_19J1_122_3721/n230 DP_OP_19J1_122_3721_n230
fft_core        net     DP_OP_19J1_122_3721/n229 DP_OP_19J1_122_3721_n229
fft_core        net     DP_OP_19J1_122_3721/n226 DP_OP_19J1_122_3721_n226
fft_core        net     DP_OP_19J1_122_3721/n225 DP_OP_19J1_122_3721_n225
fft_core        net     DP_OP_19J1_122_3721/n224 DP_OP_19J1_122_3721_n224
fft_core        net     DP_OP_19J1_122_3721/n148 DP_OP_19J1_122_3721_n148
fft_core        net     DP_OP_19J1_122_3721/n146 DP_OP_19J1_122_3721_n146
fft_core        net     DP_OP_19J1_122_3721/n144 DP_OP_19J1_122_3721_n144
fft_core        net     DP_OP_19J1_122_3721/n143 DP_OP_19J1_122_3721_n143
fft_core        net     DP_OP_19J1_122_3721/n139 DP_OP_19J1_122_3721_n139
fft_core        net     DP_OP_19J1_122_3721/n138 DP_OP_19J1_122_3721_n138
fft_core        net     DP_OP_19J1_122_3721/n137 DP_OP_19J1_122_3721_n137
fft_core        net     DP_OP_19J1_122_3721/n136 DP_OP_19J1_122_3721_n136
fft_core        net     DP_OP_19J1_122_3721/n134 DP_OP_19J1_122_3721_n134
fft_core        net     DP_OP_19J1_122_3721/n130 DP_OP_19J1_122_3721_n130
fft_core        net     DP_OP_19J1_122_3721/n128 DP_OP_19J1_122_3721_n128
fft_core        net     DP_OP_19J1_122_3721/n126 DP_OP_19J1_122_3721_n126
fft_core        net     DP_OP_19J1_122_3721/n125 DP_OP_19J1_122_3721_n125
fft_core        net     DP_OP_19J1_122_3721/n122 DP_OP_19J1_122_3721_n122
fft_core        net     DP_OP_19J1_122_3721/n119 DP_OP_19J1_122_3721_n119
fft_core        net     DP_OP_19J1_122_3721/n117 DP_OP_19J1_122_3721_n117
fft_core        net     DP_OP_19J1_122_3721/n106 DP_OP_19J1_122_3721_n106
fft_core        net     DP_OP_19J1_122_3721/n104 DP_OP_19J1_122_3721_n104
fft_core        net     DP_OP_19J1_122_3721/n103 DP_OP_19J1_122_3721_n103
fft_core        net     DP_OP_19J1_122_3721/n102 DP_OP_19J1_122_3721_n102
fft_core        net     DP_OP_19J1_122_3721/n101 DP_OP_19J1_122_3721_n101
fft_core        net     DP_OP_19J1_122_3721/n100 DP_OP_19J1_122_3721_n100
fft_core        net     DP_OP_19J1_122_3721/n98 DP_OP_19J1_122_3721_n98
fft_core        net     DP_OP_19J1_122_3721/n97 DP_OP_19J1_122_3721_n97
fft_core        net     DP_OP_19J1_122_3721/n96 DP_OP_19J1_122_3721_n96
fft_core        net     DP_OP_19J1_122_3721/n95 DP_OP_19J1_122_3721_n95
fft_core        net     DP_OP_19J1_122_3721/n94 DP_OP_19J1_122_3721_n94
fft_core        net     DP_OP_19J1_122_3721/n93 DP_OP_19J1_122_3721_n93
fft_core        net     DP_OP_19J1_122_3721/n92 DP_OP_19J1_122_3721_n92
fft_core        net     DP_OP_19J1_122_3721/n91 DP_OP_19J1_122_3721_n91
fft_core        net     DP_OP_19J1_122_3721/n90 DP_OP_19J1_122_3721_n90
fft_core        net     DP_OP_19J1_122_3721/n89 DP_OP_19J1_122_3721_n89
fft_core        net     DP_OP_19J1_122_3721/n88 DP_OP_19J1_122_3721_n88
fft_core        net     DP_OP_19J1_122_3721/n87 DP_OP_19J1_122_3721_n87
fft_core        net     DP_OP_19J1_122_3721/n86 DP_OP_19J1_122_3721_n86
fft_core        net     DP_OP_19J1_122_3721/n85 DP_OP_19J1_122_3721_n85
fft_core        net     DP_OP_19J1_122_3721/n83 DP_OP_19J1_122_3721_n83
fft_core        net     DP_OP_19J1_122_3721/n82 DP_OP_19J1_122_3721_n82
fft_core        net     DP_OP_19J1_122_3721/n81 DP_OP_19J1_122_3721_n81
fft_core        net     DP_OP_19J1_122_3721/n80 DP_OP_19J1_122_3721_n80
fft_core        net     DP_OP_19J1_122_3721/n79 DP_OP_19J1_122_3721_n79
fft_core        net     DP_OP_19J1_122_3721/n78 DP_OP_19J1_122_3721_n78
fft_core        net     DP_OP_19J1_122_3721/n77 DP_OP_19J1_122_3721_n77
fft_core        net     DP_OP_19J1_122_3721/n76 DP_OP_19J1_122_3721_n76
fft_core        net     DP_OP_19J1_122_3721/n75 DP_OP_19J1_122_3721_n75
fft_core        net     DP_OP_19J1_122_3721/n74 DP_OP_19J1_122_3721_n74
fft_core        net     DP_OP_19J1_122_3721/n73 DP_OP_19J1_122_3721_n73
fft_core        net     DP_OP_19J1_122_3721/n72 DP_OP_19J1_122_3721_n72
fft_core        net     DP_OP_19J1_122_3721/n71 DP_OP_19J1_122_3721_n71
fft_core        net     DP_OP_19J1_122_3721/n70 DP_OP_19J1_122_3721_n70
fft_core        net     DP_OP_19J1_122_3721/n69 DP_OP_19J1_122_3721_n69
fft_core        net     DP_OP_19J1_122_3721/n68 DP_OP_19J1_122_3721_n68
fft_core        net     DP_OP_19J1_122_3721/n67 DP_OP_19J1_122_3721_n67
fft_core        net     DP_OP_19J1_122_3721/n66 DP_OP_19J1_122_3721_n66
fft_core        net     DP_OP_19J1_122_3721/n65 DP_OP_19J1_122_3721_n65
fft_core        net     DP_OP_19J1_122_3721/n64 DP_OP_19J1_122_3721_n64
fft_core        net     DP_OP_19J1_122_3721/n63 DP_OP_19J1_122_3721_n63
fft_core        net     DP_OP_19J1_122_3721/n62 DP_OP_19J1_122_3721_n62
fft_core        net     DP_OP_19J1_122_3721/n61 DP_OP_19J1_122_3721_n61
fft_core        net     DP_OP_19J1_122_3721/n60 DP_OP_19J1_122_3721_n60
fft_core        net     DP_OP_19J1_122_3721/n59 DP_OP_19J1_122_3721_n59
fft_core        net     DP_OP_19J1_122_3721/n58 DP_OP_19J1_122_3721_n58
fft_core        net     DP_OP_19J1_122_3721/n57 DP_OP_19J1_122_3721_n57
fft_core        net     DP_OP_19J1_122_3721/n56 DP_OP_19J1_122_3721_n56
fft_core        net     DP_OP_19J1_122_3721/n55 DP_OP_19J1_122_3721_n55
fft_core        net     DP_OP_19J1_122_3721/n54 DP_OP_19J1_122_3721_n54
fft_core        net     DP_OP_19J1_122_3721/n53 DP_OP_19J1_122_3721_n53
fft_core        net     DP_OP_19J1_122_3721/n52 DP_OP_19J1_122_3721_n52
fft_core        net     DP_OP_19J1_122_3721/n51 DP_OP_19J1_122_3721_n51
fft_core        net     DP_OP_19J1_122_3721/n50 DP_OP_19J1_122_3721_n50
fft_core        net     DP_OP_19J1_122_3721/n49 DP_OP_19J1_122_3721_n49
fft_core        net     DP_OP_19J1_122_3721/n48 DP_OP_19J1_122_3721_n48
fft_core        net     DP_OP_19J1_122_3721/n47 DP_OP_19J1_122_3721_n47
fft_core        net     DP_OP_19J1_122_3721/n46 DP_OP_19J1_122_3721_n46
fft_core        net     DP_OP_19J1_122_3721/n45 DP_OP_19J1_122_3721_n45
fft_core        net     DP_OP_19J1_122_3721/n44 DP_OP_19J1_122_3721_n44
fft_core        net     DP_OP_19J1_122_3721/n42 DP_OP_19J1_122_3721_n42
fft_core        net     DP_OP_19J1_122_3721/n41 DP_OP_19J1_122_3721_n41
fft_core        net     DP_OP_19J1_122_3721/n40 DP_OP_19J1_122_3721_n40
fft_core        net     DP_OP_19J1_122_3721/n39 DP_OP_19J1_122_3721_n39
fft_core        net     DP_OP_19J1_122_3721/n38 DP_OP_19J1_122_3721_n38
fft_core        net     DP_OP_19J1_122_3721/n37 DP_OP_19J1_122_3721_n37
fft_core        net     DP_OP_19J1_122_3721/n36 DP_OP_19J1_122_3721_n36
fft_core        net     DP_OP_19J1_122_3721/n35 DP_OP_19J1_122_3721_n35
fft_core        net     DP_OP_19J1_122_3721/n34 DP_OP_19J1_122_3721_n34
fft_core        net     DP_OP_19J1_122_3721/n33 DP_OP_19J1_122_3721_n33
fft_core        net     DP_OP_19J1_122_3721/n32 DP_OP_19J1_122_3721_n32
fft_core        net     DP_OP_19J1_122_3721/n31 DP_OP_19J1_122_3721_n31
fft_core        net     DP_OP_19J1_122_3721/n30 DP_OP_19J1_122_3721_n30
fft_core        net     DP_OP_19J1_122_3721/n29 DP_OP_19J1_122_3721_n29
fft_core        net     DP_OP_19J1_122_3721/n28 DP_OP_19J1_122_3721_n28
fft_core        net     DP_OP_19J1_122_3721/n26 DP_OP_19J1_122_3721_n26
fft_core        net     DP_OP_19J1_122_3721/n25 DP_OP_19J1_122_3721_n25
fft_core        net     DP_OP_19J1_122_3721/n24 DP_OP_19J1_122_3721_n24
fft_core        net     DP_OP_19J1_122_3721/n23 DP_OP_19J1_122_3721_n23
fft_core        net     DP_OP_19J1_122_3721/n22 DP_OP_19J1_122_3721_n22
fft_core        net     DP_OP_19J1_122_3721/n21 DP_OP_19J1_122_3721_n21
fft_core        net     DP_OP_19J1_122_3721/n20 DP_OP_19J1_122_3721_n20
fft_core        net     DP_OP_19J1_122_3721/n19 DP_OP_19J1_122_3721_n19
fft_core        net     DP_OP_19J1_122_3721/n18 DP_OP_19J1_122_3721_n18
fft_core        net     intadd_0/CI             intadd_0_CI
fft_core        net     intadd_0/SUM[6]         intadd_0_SUM_6_
fft_core        net     intadd_0/SUM[5]         intadd_0_SUM_5_
fft_core        net     intadd_0/SUM[4]         intadd_0_SUM_4_
fft_core        net     intadd_0/SUM[3]         intadd_0_SUM_3_
fft_core        net     intadd_0/SUM[2]         intadd_0_SUM_2_
fft_core        net     intadd_0/SUM[1]         intadd_0_SUM_1_
fft_core        net     intadd_0/SUM[0]         intadd_0_SUM_0_
fft_core        net     intadd_0/n7             intadd_0_n7
fft_core        net     intadd_0/n6             intadd_0_n6
fft_core        net     intadd_0/n5             intadd_0_n5
fft_core        net     intadd_0/n4             intadd_0_n4
fft_core        net     intadd_0/n3             intadd_0_n3
fft_core        net     intadd_0/n2             intadd_0_n2
fft_core        net     intadd_0/n1             intadd_0_n1
fft_core        net     intadd_1/CI             intadd_1_CI
fft_core        net     intadd_1/SUM[6]         intadd_1_SUM_6_
fft_core        net     intadd_1/SUM[5]         intadd_1_SUM_5_
fft_core        net     intadd_1/SUM[4]         intadd_1_SUM_4_
fft_core        net     intadd_1/SUM[3]         intadd_1_SUM_3_
fft_core        net     intadd_1/SUM[2]         intadd_1_SUM_2_
fft_core        net     intadd_1/SUM[1]         intadd_1_SUM_1_
fft_core        net     intadd_1/SUM[0]         intadd_1_SUM_0_
fft_core        net     intadd_1/n7             intadd_1_n7
fft_core        net     intadd_1/n6             intadd_1_n6
fft_core        net     intadd_1/n5             intadd_1_n5
fft_core        net     intadd_1/n4             intadd_1_n4
fft_core        net     intadd_1/n3             intadd_1_n3
fft_core        net     intadd_1/n2             intadd_1_n2
fft_core        net     intadd_1/n1             intadd_1_n1
1
1
# Generate a report file
set rpt_file "${top_level}.dc.rpt"
fft_core.dc.rpt
set maxpaths 20
20
check_design >> ${rpt_file}
report_area  >> ${rpt_file}
report_power -hier -analysis_effort medium >> ${rpt_file}
report_design >> ${rpt_file}
report_cell >> ${rpt_file}
report_port -verbose >> ${rpt_file}
report_compile_options >> ${rpt_file}
report_constraint -all_violators -verbose >> ${rpt_file}
report_timing -path full -delay max -max_paths $maxpaths -nworst 100 >> ${rpt_file}
report_timing -path full -delay min -max_paths $maxpaths -nworst 100 >> ${rpt_file}
report_timing_requirements >> ${rpt_file} 
report_timing -delay max -nworst 1 -max_paths 10000 -path end -nosplit -unique -sort_by slack > ${top_level}.syn.critical_regs
report_timing -delay max -nworst 1 -max_paths 10000 -path full -nosplit -unique -sort_by slack > ${top_level}.syn.critical_regs.full
report_timing -delay max -nworst 1 -max_paths 10000 -path end -nosplit -unique -sort_by slack -to [all_outputs] > ${top_level}.syn.critical_regs.output
report_timing -delay max -nworst 1 -max_paths 10000 -path end -nosplit -unique -sort_by slack -to [all_registers -data_pins] > ${top_level}.syn.critical_regs.regs
report_timing -delay min -nworst 1 -max_paths 10000 -path short -nosplit -unique -sort_by slack > ${top_level}.syn.fast_path
##################################################
# Save the design database 
##################################################
# Generate structural verilog netlist
write -hierarchy -format verilog -output "${top_level}.nl.v"
Writing verilog file '/homes/user/stud/fall25/dr3412/EECS6321_Adv_dig/FFT/FFT_chipathon/dc/fft_core/fft_core.nl.v'.
1
# Write a Standard Delay Format (SDF) file
# Note : SDF is an IEEE standard for the representation and interpretation of timing data
#        The SDF file includes delays (module path, device, interconnect, and port), timing checks (setup, hold, recovery, skew, width, and period),
#        timing constraints (path and skew), incremental and absolute delays, and so on
write_sdf "${top_level}.syn.sdf"
Information: Annotated 'cell' delays are assumed to include load delay. (UID-282)
Information: Writing timing information to file '/homes/user/stud/fall25/dr3412/EECS6321_Adv_dig/FFT/FFT_chipathon/dc/fft_core/fft_core.syn.sdf'. (WT-3)
1
# Write a SDC file
# Note : SDC is a format used to specify the design intent, including the timing, power and area constraints for a design
write_sdc "${top_level}.syn.sdc" -version 1.7
1
# Finish synthesis
quit

Memory usage for this session 1150 Mbytes.
Memory usage for this session including child processes 1150 Mbytes.
CPU usage for this session 192 seconds ( 0.05 hours ).
Elapsed time for this session 198 seconds ( 0.05 hours ).

Thank you...
