
                           Design Compiler Graphical 
                                 DC Ultra (TM)
                                  DFTMAX (TM)
                              Power Compiler (TM)
                                 DesignWare (R)
                                 DC Expert (TM)
                               Design Vision (TM)
                               HDL Compiler (TM)
                               VHDL Compiler (TM)
                                  DFT Compiler
                               Design Compiler(R)

               Version U-2022.12-SP7 for linux64 - Oct 10, 2023 

                    Copyright (c) 1988 - 2023 Synopsys, Inc.
   This software and the associated documentation are proprietary to Synopsys,
 Inc. This software may only be used in accordance with the terms and conditions
 of a written license agreement with Synopsys, Inc. All other use, reproduction,
   or distribution of this software is strictly prohibited.  Licensed Products
     communicate with Synopsys servers for the purpose of providing software
    updates, detecting software piracy and verifying that customers are using
    Licensed Products in conformity with the applicable License Key for such
  Licensed Products. Synopsys will use information gathered in connection with
    this process to deliver software updates and pursue software pirates and
                                   infringers.

 Inclusivity & Diversity - Visit SolvNetPlus to read the "Synopsys Statement on
            Inclusivity and Diversity" (Refer to article 000036315 at
                        https://solvnetplus.synopsys.com)
Initializing...
Current time:       Sat Jun 27 22:05:49 2026
Hostname:           cadpc06
CPU Model:          11th Gen Intel(R) Core(TM) i9-11900 @ 2.50GHz
CPU Details:        Cores = 16 : Sockets = 1 : Cache Size = 16384 KB : Freq = 3.50 GHz
OS:                 Linux 4.18.0-553.137.1.el8_10.x86_64
RAM:                 62 GB (Free  48 GB)
Swap:                31 GB (Free  31 GB)
Work Filesystem:    /homes mounted to auto.homes
Tmp Filesystem:     /tmp mounted to tmpfs
Work Disk:          16773 GB (Free 5743 GB)
Tmp Disk:            31 GB (Free  31 GB)

CPU Load: 54%, Ram Free: 48 GB, Swap Free: 31 GB, Work Disk Free: 5743 GB, Tmp Disk Free: 31 GB
#########################################
# TCL script for Design Compiler        #
# MS 2015                               #
#########################################
##################################################
# Read design and library
##################################################
# Set the top_level name
set top_level fft_top
fft_top
# In this file, libray path and libraries which are used are defined
#source -verbose "../common_scripts/common.tcl" 
# Read libraries
set search_path [list "." "/courses/ee6350/pdk2025/tcbn65gplus/TSMCHOME/digital/Front_End/timing_power_noise/CCS/tcbn65gplus_200a" "/tools/synopsys/syn/U-2022.12-SP7/libraries/syn" "../../memory_compiler/fft_sram/sram00_libs"]
. /courses/ee6350/pdk2025/tcbn65gplus/TSMCHOME/digital/Front_End/timing_power_noise/CCS/tcbn65gplus_200a /tools/synopsys/syn/U-2022.12-SP7/libraries/syn ../../memory_compiler/fft_sram/sram00_libs
set synthetic_library [list "dw_foundation.sldb"]
dw_foundation.sldb
set link_library [list "*" "tcbn65gplustc_ccs.db" "dw_foundation.sldb" "sram00_nldm_tt_1p00v_1p00v_25c_syn.db"]
* tcbn65gplustc_ccs.db dw_foundation.sldb sram00_nldm_tt_1p00v_1p00v_25c_syn.db
set target_library [list "tcbn65gplustc_ccs.db"]
tcbn65gplustc_ccs.db
# Read verilog files
#read_verilog {../../rtl/$top_level/$top_level.v}
analyze -format verilog -define {SYNTH} "../../rtl/$top_level/$top_level.v"
Running PRESTO HDLC
Compiling source file ../../rtl/fft_top/fft_top.v
Presto compilation completed successfully.
Loading db file '/courses/ee6350/pdk2025/tcbn65gplus/TSMCHOME/digital/Front_End/timing_power_noise/CCS/tcbn65gplus_200a/tcbn65gplustc_ccs.db'
Information: Using CCS timing libraries. (TIM-024)
Loading db file '/tools/synopsys/syn/U-2022.12-SP7/libraries/syn/dw_foundation.sldb'
Loading db file '/homes/user/stud/fall25/dr3412/EECS6321_Adv_dig/FFT/FFT_chipathon/memory_compiler/fft_sram/sram00_libs/sram00_nldm_tt_1p00v_1p00v_25c_syn.db'
1
analyze -format verilog "../../dc/fft_data_sram/fft_data_sram.nl.v"
Running PRESTO HDLC
Compiling source file ../../dc/fft_data_sram/fft_data_sram.nl.v
Presto compilation completed successfully.
1
analyze -format verilog "../../dc/fft_core/fft_core.nl.v"
Running PRESTO HDLC
Compiling source file ../../dc/fft_core/fft_core.nl.v
Presto compilation completed successfully.
1
analyze -format verilog "../../dc/fft_address_gen/fft_address_gen.nl.v"
Running PRESTO HDLC
Compiling source file ../../dc/fft_address_gen/fft_address_gen.nl.v
Presto compilation completed successfully.
1
analyze -format verilog "../../dc/fft_twiddle_sram/fft_twiddle_sram.nl.v"
Running PRESTO HDLC
Compiling source file ../../dc/fft_twiddle_sram/fft_twiddle_sram.nl.v
Presto compilation completed successfully.
1
analyze -format verilog "../../dc/fft_controller/fft_controller.nl.v"
Running PRESTO HDLC
Compiling source file ../../dc/fft_controller/fft_controller.nl.v
Presto compilation completed successfully.
1
analyze -format verilog "../../dc/sram_wrapper/sram_wrapper.nl.v"
Running PRESTO HDLC
Compiling source file ../../dc/sram_wrapper/sram_wrapper.nl.v
Presto compilation completed successfully.
1
elaborate $top_level -parameters "DATA_WIDTH=16,FFT_POINT=128"
Loading db file '/tools/synopsys/syn/current/libraries/syn/gtech.db'
Loading db file '/tools/synopsys/syn/current/libraries/syn/standard.sldb'
  Loading link library 'tcbn65gplustc_ccs'
  Loading link library 'USERLIB_nldm_tt_1p00v_1p00v_25c'
  Loading link library 'gtech'
Running PRESTO HDLC
Presto compilation completed successfully. (fft_top_DATA_WIDTH16_FFT_POINT128)
Elaborated 1 design.
Current design is now 'fft_top_DATA_WIDTH16_FFT_POINT128'.
Information: Building the design 'fft_address_gen'. (HDL-193)
Presto compilation completed successfully. (fft_address_gen)
Information: Building the design 'fft_core'. (HDL-193)
Presto compilation completed successfully. (fft_core)
Information: Building the design 'fft_controller'. (HDL-193)
Presto compilation completed successfully. (fft_controller)
Information: Building the design 'fft_data_sram'. (HDL-193)
Presto compilation completed successfully. (fft_data_sram)
Information: Building the design 'fft_twiddle_sram'. (HDL-193)
Presto compilation completed successfully. (fft_twiddle_sram)
Information: Building the design 'sram_wrapper'. (HDL-193)
Presto compilation completed successfully. (sram_wrapper)
1
# List the names of the designs loaded in memory
# Note: This command don't have any functionality for synthesis
#       This is for debugging
list_designs
fft_address_gen                         fft_top_DATA_WIDTH16_FFT_POINT128 (*)
fft_controller                          fft_twiddle_sram
fft_core                                sram_wrapper
fft_data_sram
1
# Check errors
if { [check_error -v] == 1 } { exit 1 }
# Set the current design
# Note: The active design is called the current design
#       Most commands are specific to the current design
set current_top [current_design]
Current design is 'fft_top_DATA_WIDTH16_FFT_POINT128'.
{fft_top_DATA_WIDTH16_FFT_POINT128}
current_design $current_top
Current design is 'fft_top_DATA_WIDTH16_FFT_POINT128'.
{fft_top_DATA_WIDTH16_FFT_POINT128}
# Link the design
# Note: The design must be connected to all the library components and designs if references
#       For each subdesign, a reference and a link must exist between the subdesign and a design or component
#       in the link libraries
link

  Linking design 'fft_top_DATA_WIDTH16_FFT_POINT128'
  Using the following designs and libraries:
  --------------------------------------------------------------------------
  * (7 designs)               /homes/user/stud/fall25/dr3412/EECS6321_Adv_dig/FFT/FFT_chipathon/dc/fft_top/fft_top_DATA_WIDTH16_FFT_POINT128.db, etc
  tcbn65gplustc_ccs (library) /courses/ee6350/pdk2025/tcbn65gplus/TSMCHOME/digital/Front_End/timing_power_noise/CCS/tcbn65gplus_200a/tcbn65gplustc_ccs.db
  dw_foundation.sldb (library) /tools/synopsys/syn/U-2022.12-SP7/libraries/syn/dw_foundation.sldb
  USERLIB_nldm_tt_1p00v_1p00v_25c (library) /homes/user/stud/fall25/dr3412/EECS6321_Adv_dig/FFT/FFT_chipathon/memory_compiler/fft_sram/sram00_libs/sram00_nldm_tt_1p00v_1p00v_25c_syn.db

1
##################################################
# Define design rule constraints                    
##################################################
# Set maximum fanout of gates
# Note: This command sets the maximum allowable fanout load for the listed input ports
#       The object lists specifies a list of input ports and/or designs on which the max_fanout attribute is to be set
set_max_fanout 4 $current_top
1
set_max_fanout 4 [all_inputs]
1
# Set a maximum capacitance for the nets attached to named ports or to all the nets in a design
set_max_capacitance 0.01 [all_inputs]
1
# Verify the design consistency
# Note: This command reports an error that DC cannot resolve or a warning
check_design
 
****************************************
check_design summary:
Version:     U-2022.12-SP7
Date:        Sat Jun 27 22:06:02 2026
****************************************

                   Name                                            Total
--------------------------------------------------------------------------------
Inputs/Outputs                                                      1
    Unconnected ports (LINT-28)                                     1

Cells                                                               1
    Nets connected to multiple pins on same cell (LINT-33)          1

Nets                                                               32
    Unloaded nets (LINT-2)                                         32
--------------------------------------------------------------------------------

Warning: In design 'fft_top_DATA_WIDTH16_FFT_POINT128', net 'u_data_sram/SYNOPSYS_UNCONNECTED__15' driven by pin 'u_data_sram/u_sram_u_sram/Q[16]' has no loads. (LINT-2)
Warning: In design 'fft_top_DATA_WIDTH16_FFT_POINT128', net 'u_data_sram/SYNOPSYS_UNCONNECTED__14' driven by pin 'u_data_sram/u_sram_u_sram/Q[17]' has no loads. (LINT-2)
Warning: In design 'fft_top_DATA_WIDTH16_FFT_POINT128', net 'u_data_sram/SYNOPSYS_UNCONNECTED__13' driven by pin 'u_data_sram/u_sram_u_sram/Q[18]' has no loads. (LINT-2)
Warning: In design 'fft_top_DATA_WIDTH16_FFT_POINT128', net 'u_data_sram/SYNOPSYS_UNCONNECTED__12' driven by pin 'u_data_sram/u_sram_u_sram/Q[19]' has no loads. (LINT-2)
Warning: In design 'fft_top_DATA_WIDTH16_FFT_POINT128', net 'u_data_sram/SYNOPSYS_UNCONNECTED__11' driven by pin 'u_data_sram/u_sram_u_sram/Q[20]' has no loads. (LINT-2)
Warning: In design 'fft_top_DATA_WIDTH16_FFT_POINT128', net 'u_data_sram/SYNOPSYS_UNCONNECTED__10' driven by pin 'u_data_sram/u_sram_u_sram/Q[21]' has no loads. (LINT-2)
Warning: In design 'fft_top_DATA_WIDTH16_FFT_POINT128', net 'u_data_sram/SYNOPSYS_UNCONNECTED__9' driven by pin 'u_data_sram/u_sram_u_sram/Q[22]' has no loads. (LINT-2)
Warning: In design 'fft_top_DATA_WIDTH16_FFT_POINT128', net 'u_data_sram/SYNOPSYS_UNCONNECTED__8' driven by pin 'u_data_sram/u_sram_u_sram/Q[23]' has no loads. (LINT-2)
Warning: In design 'fft_top_DATA_WIDTH16_FFT_POINT128', net 'u_data_sram/SYNOPSYS_UNCONNECTED__7' driven by pin 'u_data_sram/u_sram_u_sram/Q[24]' has no loads. (LINT-2)
Warning: In design 'fft_top_DATA_WIDTH16_FFT_POINT128', net 'u_data_sram/SYNOPSYS_UNCONNECTED__6' driven by pin 'u_data_sram/u_sram_u_sram/Q[25]' has no loads. (LINT-2)
Warning: In design 'fft_top_DATA_WIDTH16_FFT_POINT128', net 'u_data_sram/SYNOPSYS_UNCONNECTED__5' driven by pin 'u_data_sram/u_sram_u_sram/Q[26]' has no loads. (LINT-2)
Warning: In design 'fft_top_DATA_WIDTH16_FFT_POINT128', net 'u_data_sram/SYNOPSYS_UNCONNECTED__4' driven by pin 'u_data_sram/u_sram_u_sram/Q[27]' has no loads. (LINT-2)
Warning: In design 'fft_top_DATA_WIDTH16_FFT_POINT128', net 'u_data_sram/SYNOPSYS_UNCONNECTED__3' driven by pin 'u_data_sram/u_sram_u_sram/Q[28]' has no loads. (LINT-2)
Warning: In design 'fft_top_DATA_WIDTH16_FFT_POINT128', net 'u_data_sram/SYNOPSYS_UNCONNECTED__2' driven by pin 'u_data_sram/u_sram_u_sram/Q[29]' has no loads. (LINT-2)
Warning: In design 'fft_top_DATA_WIDTH16_FFT_POINT128', net 'u_data_sram/SYNOPSYS_UNCONNECTED__1' driven by pin 'u_data_sram/u_sram_u_sram/Q[30]' has no loads. (LINT-2)
Warning: In design 'fft_top_DATA_WIDTH16_FFT_POINT128', net 'u_data_sram/SYNOPSYS_UNCONNECTED__0' driven by pin 'u_data_sram/u_sram_u_sram/Q[31]' has no loads. (LINT-2)
Warning: In design 'fft_top_DATA_WIDTH16_FFT_POINT128', net 'u_tw_sram/SYNOPSYS_UNCONNECTED__15' driven by pin 'u_tw_sram/u_sram/dout[16]' has no loads. (LINT-2)
Warning: In design 'fft_top_DATA_WIDTH16_FFT_POINT128', net 'u_tw_sram/SYNOPSYS_UNCONNECTED__14' driven by pin 'u_tw_sram/u_sram/dout[17]' has no loads. (LINT-2)
Warning: In design 'fft_top_DATA_WIDTH16_FFT_POINT128', net 'u_tw_sram/SYNOPSYS_UNCONNECTED__13' driven by pin 'u_tw_sram/u_sram/dout[18]' has no loads. (LINT-2)
Warning: In design 'fft_top_DATA_WIDTH16_FFT_POINT128', net 'u_tw_sram/SYNOPSYS_UNCONNECTED__12' driven by pin 'u_tw_sram/u_sram/dout[19]' has no loads. (LINT-2)
Warning: In design 'fft_top_DATA_WIDTH16_FFT_POINT128', net 'u_tw_sram/SYNOPSYS_UNCONNECTED__11' driven by pin 'u_tw_sram/u_sram/dout[20]' has no loads. (LINT-2)
Warning: In design 'fft_top_DATA_WIDTH16_FFT_POINT128', net 'u_tw_sram/SYNOPSYS_UNCONNECTED__10' driven by pin 'u_tw_sram/u_sram/dout[21]' has no loads. (LINT-2)
Warning: In design 'fft_top_DATA_WIDTH16_FFT_POINT128', net 'u_tw_sram/SYNOPSYS_UNCONNECTED__9' driven by pin 'u_tw_sram/u_sram/dout[22]' has no loads. (LINT-2)
Warning: In design 'fft_top_DATA_WIDTH16_FFT_POINT128', net 'u_tw_sram/SYNOPSYS_UNCONNECTED__8' driven by pin 'u_tw_sram/u_sram/dout[23]' has no loads. (LINT-2)
Warning: In design 'fft_top_DATA_WIDTH16_FFT_POINT128', net 'u_tw_sram/SYNOPSYS_UNCONNECTED__7' driven by pin 'u_tw_sram/u_sram/dout[24]' has no loads. (LINT-2)
Warning: In design 'fft_top_DATA_WIDTH16_FFT_POINT128', net 'u_tw_sram/SYNOPSYS_UNCONNECTED__6' driven by pin 'u_tw_sram/u_sram/dout[25]' has no loads. (LINT-2)
Warning: In design 'fft_top_DATA_WIDTH16_FFT_POINT128', net 'u_tw_sram/SYNOPSYS_UNCONNECTED__5' driven by pin 'u_tw_sram/u_sram/dout[26]' has no loads. (LINT-2)
Warning: In design 'fft_top_DATA_WIDTH16_FFT_POINT128', net 'u_tw_sram/SYNOPSYS_UNCONNECTED__4' driven by pin 'u_tw_sram/u_sram/dout[27]' has no loads. (LINT-2)
Warning: In design 'fft_top_DATA_WIDTH16_FFT_POINT128', net 'u_tw_sram/SYNOPSYS_UNCONNECTED__3' driven by pin 'u_tw_sram/u_sram/dout[28]' has no loads. (LINT-2)
Warning: In design 'fft_top_DATA_WIDTH16_FFT_POINT128', net 'u_tw_sram/SYNOPSYS_UNCONNECTED__2' driven by pin 'u_tw_sram/u_sram/dout[29]' has no loads. (LINT-2)
Warning: In design 'fft_top_DATA_WIDTH16_FFT_POINT128', net 'u_tw_sram/SYNOPSYS_UNCONNECTED__1' driven by pin 'u_tw_sram/u_sram/dout[30]' has no loads. (LINT-2)
Warning: In design 'fft_top_DATA_WIDTH16_FFT_POINT128', net 'u_tw_sram/SYNOPSYS_UNCONNECTED__0' driven by pin 'u_tw_sram/u_sram/dout[31]' has no loads. (LINT-2)
Warning: In design 'fft_controller', port 'core_done' is not connected to any nets. (LINT-28)
Warning: In design 'fft_twiddle_sram', the same net is connected to more than one pin on submodule 'u_sram'. (LINT-33)
   Net 'n_Logic0_' is connected to pins 'addr[8]', 'addr[7]'', 'addr[6]', 'din[31]', 'din[30]', 'din[29]', 'din[28]', 'din[27]', 'din[26]', 'din[25]', 'din[24]', 'din[23]', 'din[22]', 'din[21]', 'din[20]', 'din[19]', 'din[18]', 'din[17]', 'din[16]'.
1
##################################################
# Define design optimization constraints
##################################################
# Set timing environment through another .tcl file
source -verbose "./timing.tcl"
0.04
4.0
0.0
0.12
0.5
0.1
Warning: Can't find clock 'clk' in design 'fft_top_DATA_WIDTH16_FFT_POINT128'. (UID-95)
Error: Value for list '-clock' must have 1 elements. (CMD-036)
Warning: Can't find objects matching 'u_data_sram_u_sram_u_sram/D*' in design 'fft_top_DATA_WIDTH16_FFT_POINT128'. (UID-95)
Error: wrong # args: should be "set varName ?newValue?"
	Use error_info for more info. (CMD-013)
0.005
clk
clk
rstn
rstn
1
1
1
1
Warning: Design rule attributes from the driving cell will be set on the port 'clk'. (UID-401)
Warning: Design rule attributes from the driving cell will be set on the port 'rstn'. (UID-401)
Warning: Design rule attributes from the driving cell will be set on the port 'start'. (UID-401)
Warning: Design rule attributes from the driving cell will be set on the port 'tb_data_cen'. (UID-401)
Warning: Design rule attributes from the driving cell will be set on the port 'tb_data_wen'. (UID-401)
Warning: Design rule attributes from the driving cell will be set on the port 'tb_data_addr[6]'. (UID-401)
Warning: Design rule attributes from the driving cell will be set on the port 'tb_data_addr[5]'. (UID-401)
Warning: Design rule attributes from the driving cell will be set on the port 'tb_data_addr[4]'. (UID-401)
Warning: Design rule attributes from the driving cell will be set on the port 'tb_data_addr[3]'. (UID-401)
Warning: Design rule attributes from the driving cell will be set on the port 'tb_data_addr[2]'. (UID-401)
Warning: Design rule attributes from the driving cell will be set on the port 'tb_data_addr[1]'. (UID-401)
Warning: Design rule attributes from the driving cell will be set on the port 'tb_data_addr[0]'. (UID-401)
Warning: Design rule attributes from the driving cell will be set on the port 'tb_data_din[15]'. (UID-401)
Warning: Design rule attributes from the driving cell will be set on the port 'tb_data_din[14]'. (UID-401)
Warning: Design rule attributes from the driving cell will be set on the port 'tb_data_din[13]'. (UID-401)
Warning: Design rule attributes from the driving cell will be set on the port 'tb_data_din[12]'. (UID-401)
Warning: Design rule attributes from the driving cell will be set on the port 'tb_data_din[11]'. (UID-401)
Warning: Design rule attributes from the driving cell will be set on the port 'tb_data_din[10]'. (UID-401)
Warning: Design rule attributes from the driving cell will be set on the port 'tb_data_din[9]'. (UID-401)
Warning: Design rule attributes from the driving cell will be set on the port 'tb_data_din[8]'. (UID-401)
Warning: Design rule attributes from the driving cell will be set on the port 'tb_data_din[7]'. (UID-401)
Warning: Design rule attributes from the driving cell will be set on the port 'tb_data_din[6]'. (UID-401)
Warning: Design rule attributes from the driving cell will be set on the port 'tb_data_din[5]'. (UID-401)
Warning: Design rule attributes from the driving cell will be set on the port 'tb_data_din[4]'. (UID-401)
Warning: Design rule attributes from the driving cell will be set on the port 'tb_data_din[3]'. (UID-401)
Warning: Design rule attributes from the driving cell will be set on the port 'tb_data_din[2]'. (UID-401)
Warning: Design rule attributes from the driving cell will be set on the port 'tb_data_din[1]'. (UID-401)
Warning: Design rule attributes from the driving cell will be set on the port 'tb_data_din[0]'. (UID-401)
Warning: Design rule attributes from the driving cell will be set on the port 'tb_tw_cen'. (UID-401)
Warning: Design rule attributes from the driving cell will be set on the port 'tb_tw_wen'. (UID-401)
Warning: Design rule attributes from the driving cell will be set on the port 'tb_tw_addr[5]'. (UID-401)
Warning: Design rule attributes from the driving cell will be set on the port 'tb_tw_addr[4]'. (UID-401)
Warning: Design rule attributes from the driving cell will be set on the port 'tb_tw_addr[3]'. (UID-401)
Warning: Design rule attributes from the driving cell will be set on the port 'tb_tw_addr[2]'. (UID-401)
Warning: Design rule attributes from the driving cell will be set on the port 'tb_tw_addr[1]'. (UID-401)
Warning: Design rule attributes from the driving cell will be set on the port 'tb_tw_addr[0]'. (UID-401)
Warning: Design rule attributes from the driving cell will be set on the port 'tb_tw_din[15]'. (UID-401)
Warning: Design rule attributes from the driving cell will be set on the port 'tb_tw_din[14]'. (UID-401)
Warning: Design rule attributes from the driving cell will be set on the port 'tb_tw_din[13]'. (UID-401)
Warning: Design rule attributes from the driving cell will be set on the port 'tb_tw_din[12]'. (UID-401)
Warning: Design rule attributes from the driving cell will be set on the port 'tb_tw_din[11]'. (UID-401)
Warning: Design rule attributes from the driving cell will be set on the port 'tb_tw_din[10]'. (UID-401)
Warning: Design rule attributes from the driving cell will be set on the port 'tb_tw_din[9]'. (UID-401)
Warning: Design rule attributes from the driving cell will be set on the port 'tb_tw_din[8]'. (UID-401)
Warning: Design rule attributes from the driving cell will be set on the port 'tb_tw_din[7]'. (UID-401)
Warning: Design rule attributes from the driving cell will be set on the port 'tb_tw_din[6]'. (UID-401)
Warning: Design rule attributes from the driving cell will be set on the port 'tb_tw_din[5]'. (UID-401)
Warning: Design rule attributes from the driving cell will be set on the port 'tb_tw_din[4]'. (UID-401)
Warning: Design rule attributes from the driving cell will be set on the port 'tb_tw_din[3]'. (UID-401)
Warning: Design rule attributes from the driving cell will be set on the port 'tb_tw_din[2]'. (UID-401)
Warning: Design rule attributes from the driving cell will be set on the port 'tb_tw_din[1]'. (UID-401)
Warning: Design rule attributes from the driving cell will be set on the port 'tb_tw_din[0]'. (UID-401)
Warning: Design rule attributes from the driving cell will be set on the port 'tb_linear_addr[6]'. (UID-401)
Warning: Design rule attributes from the driving cell will be set on the port 'tb_linear_addr[5]'. (UID-401)
Warning: Design rule attributes from the driving cell will be set on the port 'tb_linear_addr[4]'. (UID-401)
Warning: Design rule attributes from the driving cell will be set on the port 'tb_linear_addr[3]'. (UID-401)
Warning: Design rule attributes from the driving cell will be set on the port 'tb_linear_addr[2]'. (UID-401)
Warning: Design rule attributes from the driving cell will be set on the port 'tb_linear_addr[1]'. (UID-401)
Warning: Design rule attributes from the driving cell will be set on the port 'tb_linear_addr[0]'. (UID-401)
1
1
1
1
1
1
# Set the fix_multiple_port_nets attribute to a specified value on the current design or a list of designs
# Note: '-all' option inserts buffers to the ports
#       '-buffer_constants' option inserts buffers to logic constants instead of duplicating them
set_fix_multiple_port_nets -all -buffer_constants
1
set_wire_load_mode top
1
##################################################
# Optimize the design
##################################################
# Verify the design consistency
check_design
 
****************************************
check_design summary:
Version:     U-2022.12-SP7
Date:        Sat Jun 27 22:06:02 2026
****************************************

                   Name                                            Total
--------------------------------------------------------------------------------
Inputs/Outputs                                                      1
    Unconnected ports (LINT-28)                                     1

Cells                                                               1
    Nets connected to multiple pins on same cell (LINT-33)          1

Nets                                                               32
    Unloaded nets (LINT-2)                                         32
--------------------------------------------------------------------------------

Warning: In design 'fft_top_DATA_WIDTH16_FFT_POINT128', net 'u_data_sram/SYNOPSYS_UNCONNECTED__15' driven by pin 'u_data_sram/u_sram_u_sram/Q[16]' has no loads. (LINT-2)
Warning: In design 'fft_top_DATA_WIDTH16_FFT_POINT128', net 'u_data_sram/SYNOPSYS_UNCONNECTED__14' driven by pin 'u_data_sram/u_sram_u_sram/Q[17]' has no loads. (LINT-2)
Warning: In design 'fft_top_DATA_WIDTH16_FFT_POINT128', net 'u_data_sram/SYNOPSYS_UNCONNECTED__13' driven by pin 'u_data_sram/u_sram_u_sram/Q[18]' has no loads. (LINT-2)
Warning: In design 'fft_top_DATA_WIDTH16_FFT_POINT128', net 'u_data_sram/SYNOPSYS_UNCONNECTED__12' driven by pin 'u_data_sram/u_sram_u_sram/Q[19]' has no loads. (LINT-2)
Warning: In design 'fft_top_DATA_WIDTH16_FFT_POINT128', net 'u_data_sram/SYNOPSYS_UNCONNECTED__11' driven by pin 'u_data_sram/u_sram_u_sram/Q[20]' has no loads. (LINT-2)
Warning: In design 'fft_top_DATA_WIDTH16_FFT_POINT128', net 'u_data_sram/SYNOPSYS_UNCONNECTED__10' driven by pin 'u_data_sram/u_sram_u_sram/Q[21]' has no loads. (LINT-2)
Warning: In design 'fft_top_DATA_WIDTH16_FFT_POINT128', net 'u_data_sram/SYNOPSYS_UNCONNECTED__9' driven by pin 'u_data_sram/u_sram_u_sram/Q[22]' has no loads. (LINT-2)
Warning: In design 'fft_top_DATA_WIDTH16_FFT_POINT128', net 'u_data_sram/SYNOPSYS_UNCONNECTED__8' driven by pin 'u_data_sram/u_sram_u_sram/Q[23]' has no loads. (LINT-2)
Warning: In design 'fft_top_DATA_WIDTH16_FFT_POINT128', net 'u_data_sram/SYNOPSYS_UNCONNECTED__7' driven by pin 'u_data_sram/u_sram_u_sram/Q[24]' has no loads. (LINT-2)
Warning: In design 'fft_top_DATA_WIDTH16_FFT_POINT128', net 'u_data_sram/SYNOPSYS_UNCONNECTED__6' driven by pin 'u_data_sram/u_sram_u_sram/Q[25]' has no loads. (LINT-2)
Warning: In design 'fft_top_DATA_WIDTH16_FFT_POINT128', net 'u_data_sram/SYNOPSYS_UNCONNECTED__5' driven by pin 'u_data_sram/u_sram_u_sram/Q[26]' has no loads. (LINT-2)
Warning: In design 'fft_top_DATA_WIDTH16_FFT_POINT128', net 'u_data_sram/SYNOPSYS_UNCONNECTED__4' driven by pin 'u_data_sram/u_sram_u_sram/Q[27]' has no loads. (LINT-2)
Warning: In design 'fft_top_DATA_WIDTH16_FFT_POINT128', net 'u_data_sram/SYNOPSYS_UNCONNECTED__3' driven by pin 'u_data_sram/u_sram_u_sram/Q[28]' has no loads. (LINT-2)
Warning: In design 'fft_top_DATA_WIDTH16_FFT_POINT128', net 'u_data_sram/SYNOPSYS_UNCONNECTED__2' driven by pin 'u_data_sram/u_sram_u_sram/Q[29]' has no loads. (LINT-2)
Warning: In design 'fft_top_DATA_WIDTH16_FFT_POINT128', net 'u_data_sram/SYNOPSYS_UNCONNECTED__1' driven by pin 'u_data_sram/u_sram_u_sram/Q[30]' has no loads. (LINT-2)
Warning: In design 'fft_top_DATA_WIDTH16_FFT_POINT128', net 'u_data_sram/SYNOPSYS_UNCONNECTED__0' driven by pin 'u_data_sram/u_sram_u_sram/Q[31]' has no loads. (LINT-2)
Warning: In design 'fft_top_DATA_WIDTH16_FFT_POINT128', net 'u_tw_sram/SYNOPSYS_UNCONNECTED__15' driven by pin 'u_tw_sram/u_sram/dout[16]' has no loads. (LINT-2)
Warning: In design 'fft_top_DATA_WIDTH16_FFT_POINT128', net 'u_tw_sram/SYNOPSYS_UNCONNECTED__14' driven by pin 'u_tw_sram/u_sram/dout[17]' has no loads. (LINT-2)
Warning: In design 'fft_top_DATA_WIDTH16_FFT_POINT128', net 'u_tw_sram/SYNOPSYS_UNCONNECTED__13' driven by pin 'u_tw_sram/u_sram/dout[18]' has no loads. (LINT-2)
Warning: In design 'fft_top_DATA_WIDTH16_FFT_POINT128', net 'u_tw_sram/SYNOPSYS_UNCONNECTED__12' driven by pin 'u_tw_sram/u_sram/dout[19]' has no loads. (LINT-2)
Warning: In design 'fft_top_DATA_WIDTH16_FFT_POINT128', net 'u_tw_sram/SYNOPSYS_UNCONNECTED__11' driven by pin 'u_tw_sram/u_sram/dout[20]' has no loads. (LINT-2)
Warning: In design 'fft_top_DATA_WIDTH16_FFT_POINT128', net 'u_tw_sram/SYNOPSYS_UNCONNECTED__10' driven by pin 'u_tw_sram/u_sram/dout[21]' has no loads. (LINT-2)
Warning: In design 'fft_top_DATA_WIDTH16_FFT_POINT128', net 'u_tw_sram/SYNOPSYS_UNCONNECTED__9' driven by pin 'u_tw_sram/u_sram/dout[22]' has no loads. (LINT-2)
Warning: In design 'fft_top_DATA_WIDTH16_FFT_POINT128', net 'u_tw_sram/SYNOPSYS_UNCONNECTED__8' driven by pin 'u_tw_sram/u_sram/dout[23]' has no loads. (LINT-2)
Warning: In design 'fft_top_DATA_WIDTH16_FFT_POINT128', net 'u_tw_sram/SYNOPSYS_UNCONNECTED__7' driven by pin 'u_tw_sram/u_sram/dout[24]' has no loads. (LINT-2)
Warning: In design 'fft_top_DATA_WIDTH16_FFT_POINT128', net 'u_tw_sram/SYNOPSYS_UNCONNECTED__6' driven by pin 'u_tw_sram/u_sram/dout[25]' has no loads. (LINT-2)
Warning: In design 'fft_top_DATA_WIDTH16_FFT_POINT128', net 'u_tw_sram/SYNOPSYS_UNCONNECTED__5' driven by pin 'u_tw_sram/u_sram/dout[26]' has no loads. (LINT-2)
Warning: In design 'fft_top_DATA_WIDTH16_FFT_POINT128', net 'u_tw_sram/SYNOPSYS_UNCONNECTED__4' driven by pin 'u_tw_sram/u_sram/dout[27]' has no loads. (LINT-2)
Warning: In design 'fft_top_DATA_WIDTH16_FFT_POINT128', net 'u_tw_sram/SYNOPSYS_UNCONNECTED__3' driven by pin 'u_tw_sram/u_sram/dout[28]' has no loads. (LINT-2)
Warning: In design 'fft_top_DATA_WIDTH16_FFT_POINT128', net 'u_tw_sram/SYNOPSYS_UNCONNECTED__2' driven by pin 'u_tw_sram/u_sram/dout[29]' has no loads. (LINT-2)
Warning: In design 'fft_top_DATA_WIDTH16_FFT_POINT128', net 'u_tw_sram/SYNOPSYS_UNCONNECTED__1' driven by pin 'u_tw_sram/u_sram/dout[30]' has no loads. (LINT-2)
Warning: In design 'fft_top_DATA_WIDTH16_FFT_POINT128', net 'u_tw_sram/SYNOPSYS_UNCONNECTED__0' driven by pin 'u_tw_sram/u_sram/dout[31]' has no loads. (LINT-2)
Warning: In design 'fft_controller', port 'core_done' is not connected to any nets. (LINT-28)
Warning: In design 'fft_twiddle_sram', the same net is connected to more than one pin on submodule 'u_sram'. (LINT-33)
   Net 'n_Logic0_' is connected to pins 'addr[8]', 'addr[7]'', 'addr[6]', 'din[31]', 'din[30]', 'din[29]', 'din[28]', 'din[27]', 'din[26]', 'din[25]', 'din[24]', 'din[23]', 'din[22]', 'din[21]', 'din[20]', 'din[19]', 'din[18]', 'din[17]', 'din[16]'.
1
# Set the current design
current_design $current_top
Current design is 'fft_top_DATA_WIDTH16_FFT_POINT128'.
{fft_top_DATA_WIDTH16_FFT_POINT128}
# Link the design
link

  Linking design 'fft_top_DATA_WIDTH16_FFT_POINT128'
  Using the following designs and libraries:
  --------------------------------------------------------------------------
  * (7 designs)               /homes/user/stud/fall25/dr3412/EECS6321_Adv_dig/FFT/FFT_chipathon/dc/fft_top/fft_top_DATA_WIDTH16_FFT_POINT128.db, etc
  tcbn65gplustc_ccs (library) /courses/ee6350/pdk2025/tcbn65gplus/TSMCHOME/digital/Front_End/timing_power_noise/CCS/tcbn65gplus_200a/tcbn65gplustc_ccs.db
  dw_foundation.sldb (library)
                              /tools/synopsys/syn/U-2022.12-SP7/libraries/syn/dw_foundation.sldb
  USERLIB_nldm_tt_1p00v_1p00v_25c (library)
                              /homes/user/stud/fall25/dr3412/EECS6321_Adv_dig/FFT/FFT_chipathon/memory_compiler/fft_sram/sram00_libs/sram00_nldm_tt_1p00v_1p00v_25c_syn.db

1
# Synthesize the design
# Note : This command performs a high-effort compile on the current design for better quality of results (QoR)
compile_ultra
Information: Performing leakage power optimization. (PWR-850)
CPU Load: 55%, Ram Free: 47 GB, Swap Free: 31 GB, Work Disk Free: 5743 GB, Tmp Disk Free: 31 GB
Analyzing: "/courses/ee6350/pdk2025/tcbn65gplus/TSMCHOME/digital/Front_End/timing_power_noise/CCS/tcbn65gplus_200a/tcbn65gplustc_ccs.db"
Library analysis succeeded.
Information: Evaluating DesignWare library utilization. (UISN-27)

============================================================================
| DesignWare Building Block Library  |         Version         | Available |
============================================================================
| Basic DW Building Blocks           | U-2022.12-DWBB_202212.5 |     *     |
| Licensed DW Building Blocks        | U-2022.12-DWBB_202212.5 |     *     |
============================================================================

====================================================================================================
| Flow Information                                                                                 |
----------------------------------------------------------------------------------------------------
| Flow         | Design Compiler WLM                                                               |
| Command Line | compile_ultra                                                                     |
====================================================================================================
| Design Information                                      | Value                                  |
====================================================================================================
| Number of Scenarios                                     | 0                                      |
| Leaf Cell Count                                         | 1548                                   |
| Number of User Hierarchies                              | 6                                      |
| Sequential Cell Count                                   | 83                                     |
| Macro Count                                             | 0                                      |
| Number of Power Domains                                 | 0                                      |
| Number of Path Groups                                   | 2                                      |
| Number of VT Class                                      | 0                                      |
| Number of Clocks                                        | 1                                      |
| Number of Dont Touch Cells                              | 2                                      |
| Number of Dont Touch Nets                               | 0                                      |
| Number of Size Only Cells                               | 0                                      |
| Design with UPF Data                                    | false                                  |
----------------------------------------------------------------------------------------------------
| Variables                                               | Value                                  |
----------------------------------------------------------------------------------------------------
| set_fix_multiple_port_nets                              | -all -buffer_constants                 |
====================================================================================================
Information: Sequential output inversion is enabled.  SVF file must be used for formal verification. (OPT-1208)

Information: There are 34 potential problems in your design. Please run 'check_design' for more information. (LINT-99)

  Simplifying Design 'fft_top_DATA_WIDTH16_FFT_POINT128'
Information: The register 'u_core/done_reg' will be removed. (OPT-1207)

Loaded alib file './alib-52/tcbn65gplustc_ccs.db.alib'
  Building model 'DW01_NAND2'
Information: Ungrouping hierarchy u_addr before Pass 1 (OPT-776)
Information: Ungrouping hierarchy u_core before Pass 1 (OPT-776)
Information: Ungrouping hierarchy u_ctrl before Pass 1 (OPT-776)
Information: Ungrouping hierarchy u_data_sram before Pass 1 (OPT-776)
Information: Ungrouping hierarchy u_tw_sram before Pass 1 (OPT-776)
Information: Ungrouping hierarchy u_tw_sram/u_sram before Pass 1 (OPT-776)
Information: Ungrouping 6 of 7 hierarchies before Pass 1 (OPT-775)
CPU Load: 56%, Ram Free: 47 GB, Swap Free: 31 GB, Work Disk Free: 5743 GB, Tmp Disk Free: 31 GB
Information: State dependent leakage is now switched from on to off.

  Beginning Pass 1 Mapping
  ------------------------
  Processing 'fft_top_DATA_WIDTH16_FFT_POINT128'
CPU Load: 56%, Ram Free: 47 GB, Swap Free: 31 GB, Work Disk Free: 5743 GB, Tmp Disk Free: 31 GB

  Updating timing information
Information: Updating design information... (UID-85)
Information: The library cell 'TIEL' in the library 'tcbn65gplustc_ccs' is not characterized for internal power. (PWR-536)
Information: The library cell 'TIEH' in the library 'tcbn65gplustc_ccs' is not characterized for internal power. (PWR-536)
Information: The target library(s) contains cell(s), other than black boxes, that are not characterized for internal power. (PWR-24)

  Beginning Mapping Optimizations  (Ultra High effort)
  -------------------------------
Information: There is no timing violation in design fft_top_DATA_WIDTH16_FFT_POINT128. Delay-based auto_ungroup will not be performed. (OPT-780)
Information: Added key list 'DesignWare' to design 'fft_top_DATA_WIDTH16_FFT_POINT128'. (DDB-72)
Information: Command 'do_operand_isolation' is obsolete and is being ignored.  Please refer to the replacement command 'set power_enable_datapath_gating true' instead. (INFO-118)

                                  TOTAL                                                            
   ELAPSED            WORST NEG   SETUP    DESIGN                              LEAKAGE   MIN DELAY 
    TIME      AREA      SLACK     COST    RULE COST         ENDPOINT            POWER      COST    
  --------- --------- --------- --------- --------- ------------------------- --------- -----------
    0:00:17   67094.8      0.00       0.0     815.2                           204339.0000      0.00  
    0:00:17   67094.8      0.00       0.0     815.2                           204339.0000      0.00  

  Beginning Constant Register Removal
  -----------------------------------
    0:00:17   67094.8      0.00       0.0     815.2                           204339.0000      0.00  
    0:00:18   67094.8      0.00       0.0     815.2                           204339.0000      0.00  

  Beginning Global Optimizations
  ------------------------------
  Numerical Synthesis (Phase 1)
  Numerical Synthesis (Phase 2)
  Global Optimization (Phase 1)
  Global Optimization (Phase 2)
  Global Optimization (Phase 3)
  Global Optimization (Phase 4)
  Global Optimization (Phase 5)
  Global Optimization (Phase 6)
  Global Optimization (Phase 7)
  Global Optimization (Phase 8)
  Global Optimization (Phase 9)
  Global Optimization (Phase 10)
  Global Optimization (Phase 11)
  Global Optimization (Phase 12)
  Global Optimization (Phase 13)
  Global Optimization (Phase 14)
  Global Optimization (Phase 15)
  Global Optimization (Phase 16)
  Global Optimization (Phase 17)
  Global Optimization (Phase 18)
  Global Optimization (Phase 19)
  Global Optimization (Phase 20)
  Global Optimization (Phase 21)
  Global Optimization (Phase 22)
  Global Optimization (Phase 23)
  Global Optimization (Phase 24)
  Global Optimization (Phase 25)
  Global Optimization (Phase 26)
  Global Optimization (Phase 27)
  Global Optimization (Phase 28)
  Global Optimization (Phase 29)
  Global Optimization (Phase 30)

  Beginning Isolate Ports
  -----------------------

  Beginning Delay Optimization
  ----------------------------
    0:00:20   65954.3      0.00       0.0     823.7                           192754.0156      0.00  
    0:00:20   65954.3      0.00       0.0     823.7                           192754.0156      0.00  
    0:00:20   65954.3      0.00       0.0     823.7                           192754.0156      0.00  
    0:00:20   65954.3      0.00       0.0     823.7                           192754.0156      0.00  
    0:00:21   65951.0      0.00       0.0     822.7                           192746.4219      0.00  
    0:00:21   65951.0      0.00       0.0     822.7                           192746.4219      0.00  

  Beginning WLM Backend Optimization
  --------------------------------------
    0:00:22   65951.8      0.00       0.0     822.7                           192738.6094      0.00  
    0:00:22   65951.8      0.00       0.0     822.7                           192738.6094      0.00  
    0:00:22   65951.8      0.00       0.0     822.7                           192738.6094      0.00  
    0:00:23   65951.8      0.00       0.0     822.7                           192738.6094      0.00  
    0:00:23   65951.8      0.00       0.0     822.7                           192738.6094      0.00  
    0:00:23   65951.8      0.00       0.0     822.7                           192738.6094      0.00  
    0:00:23   65951.8      0.00       0.0     822.7                           192738.6094      0.00  
    0:00:23   65951.8      0.00       0.0     822.7                           192738.6094      0.00  
    0:00:23   65951.8      0.00       0.0     822.7                           192738.6094      0.00  
    0:00:23   65951.8      0.00       0.0     822.7                           192738.6094      0.00  
    0:00:23   65951.8      0.00       0.0     822.7                           192738.6094      0.00  
    0:00:23   65951.8      0.00       0.0     822.7                           192738.6094      0.00  
    0:00:23   65951.8      0.00       0.0     822.7                           192738.6094      0.00  
    0:00:23   65951.8      0.00       0.0     822.7                           192738.6094      0.00  
    0:00:23   65951.8      0.00       0.0     822.7                           192738.6094      0.00  
    0:00:23   65951.8      0.00       0.0     822.7                           192738.6094      0.00  
    0:00:23   65951.8      0.00       0.0     822.7                           192738.6094      0.00  
    0:00:23   65951.8      0.00       0.0     822.7                           192738.6094      0.00  
    0:00:23   65951.8      0.00       0.0     822.7                           192738.6094      0.00  
    0:00:23   65951.8      0.00       0.0     822.7                           192738.6094      0.00  
    0:00:23   65951.8      0.00       0.0     822.7                           192738.6094      0.00  
    0:00:23   65951.8      0.00       0.0     822.7                           192738.6094      0.00  


  Beginning Design Rule Fixing  (max_transition)  (max_fanout)  (max_capacitance)
  ----------------------------

                                  TOTAL                                                            
   ELAPSED            WORST NEG   SETUP    DESIGN                              LEAKAGE   MIN DELAY 
    TIME      AREA      SLACK     COST    RULE COST         ENDPOINT            POWER      COST    
  --------- --------- --------- --------- --------- ------------------------- --------- -----------
    0:00:23   65951.8      0.00       0.0     822.7                           192738.6094      0.00  
  Global Optimization (Phase 31)
  Global Optimization (Phase 32)
  Global Optimization (Phase 33)
    0:00:26   66482.8      0.00       0.0     199.0 net3557                   197309.1406      0.00  
    0:00:27   66645.1      0.00       0.0      50.0                           198628.5781      0.00  
    0:00:27   66645.1      0.00       0.0      50.0                           198628.5781      0.00  


  Beginning Leakage Power Optimization  (max_leakage_power 0)
  ------------------------------------

                                  TOTAL                                                            
   ELAPSED            WORST NEG   SETUP    DESIGN                              LEAKAGE   MIN DELAY 
    TIME      AREA      SLACK     COST    RULE COST         ENDPOINT            POWER      COST    
  --------- --------- --------- --------- --------- ------------------------- --------- -----------
    0:00:27   66645.1      0.00       0.0      50.0                           198628.5781      0.00  
    0:00:27   66645.1      0.00       0.0      50.0                           198628.5781      0.00  
    0:00:27   66645.1      0.00       0.0      50.0                           198628.5781      0.00  
    0:00:27   66645.1      0.00       0.0      50.0                           198628.5781      0.00  
    0:00:29   66435.6      0.00       0.0      50.0                           192092.6250      0.00  
    0:00:29   66435.6      0.00       0.0      50.0                           192092.6250      0.00  
    0:00:29   66435.6      0.00       0.0      50.0                           192092.6250      0.00  
    0:00:29   66435.6      0.00       0.0      50.0                           192092.6250      0.00  
    0:00:29   66435.6      0.00       0.0      50.0                           192092.6250      0.00  
    0:00:29   66435.6      0.00       0.0      50.0                           192092.6250      0.00  
    0:00:29   66435.6      0.00       0.0      50.0                           192092.6250      0.00  
    0:00:29   66435.6      0.00       0.0      50.0                           192092.6250      0.00  
    0:00:29   66435.6      0.00       0.0      50.0                           192092.6250      0.00  
    0:00:29   66435.6      0.00       0.0      50.0                           192092.6250      0.00  
    0:00:29   66435.6      0.00       0.0      50.0                           192092.6250      0.00  
    0:00:29   66435.6      0.00       0.0      50.0                           192092.6250      0.00  
    0:00:29   66435.6      0.00       0.0      50.0                           192092.6250      0.00  
    0:00:29   66435.6      0.00       0.0      50.0                           192092.6250      0.00  
    0:00:29   66435.6      0.00       0.0      50.0                           192092.6250      0.00  
    0:00:29   66435.6      0.00       0.0      50.0                           192092.6250      0.00  
    0:00:29   66435.6      0.00       0.0      50.0                           192092.6250      0.00  
    0:00:29   66435.6      0.00       0.0      50.0                           192092.6250      0.00  
    0:00:29   66435.6      0.00       0.0      50.0                           192092.6250      0.00  

                                  TOTAL                                                            
   ELAPSED            WORST NEG   SETUP    DESIGN                              LEAKAGE   MIN DELAY 
    TIME      AREA      SLACK     COST    RULE COST         ENDPOINT            POWER      COST    
  --------- --------- --------- --------- --------- ------------------------- --------- -----------
    0:00:29   66435.6      0.00       0.0      50.0                           192092.6250      0.00  
    0:00:30   66347.4      0.00       0.0      50.0                           190882.8594      0.00  
    0:00:30   66347.4      0.00       0.0      50.0                           190882.8594      0.00  
    0:00:30   66347.4      0.00       0.0      50.0                           190882.8594      0.00  
    0:00:30   66347.4      0.00       0.0      50.0                           190848.3438      0.00  
    0:00:32   66458.3      0.00       0.0       0.0                           191563.3281      0.00  
    0:00:32   66458.3      0.00       0.0       0.0                           191563.3281      0.00  
    0:00:32   66458.3      0.00       0.0       0.0                           191563.3281      0.00  
    0:00:32   66458.3      0.00       0.0       0.0                           191563.3281      0.00  
    0:00:32   66458.3      0.00       0.0       0.0                           191563.3281      0.00  
    0:00:32   66458.3      0.00       0.0       0.0                           191563.3281      0.00  
    0:00:32   66447.8      0.00       0.0       0.0                           191418.1875      0.00  
CPU Load: 57%, Ram Free: 47 GB, Swap Free: 31 GB, Work Disk Free: 5743 GB, Tmp Disk Free: 31 GB
Loading db file '/courses/ee6350/pdk2025/tcbn65gplus/TSMCHOME/digital/Front_End/timing_power_noise/CCS/tcbn65gplus_200a/tcbn65gplustc_ccs.db'
Loading db file '/homes/user/stud/fall25/dr3412/EECS6321_Adv_dig/FFT/FFT_chipathon/memory_compiler/fft_sram/sram00_libs/sram00_nldm_tt_1p00v_1p00v_25c_syn.db'


Note: Symbol # after min delay cost means estimated hold TNS across all active scenarios 


  Optimization Complete
  ---------------------
Warning: The trip points for the library named USERLIB_nldm_tt_1p00v_1p00v_25c differ from those in the library named tcbn65gplustc_ccs. (TIM-164)
Information: State dependent leakage is now switched from off to on.
Information: Propagating switching activity (low effort zero delay simulation). (PWR-6)
Warning: Design has unannotated black box outputs. (PWR-428)
CPU Load: 57%, Ram Free: 47 GB, Swap Free: 31 GB, Work Disk Free: 5743 GB, Tmp Disk Free: 31 GB
Information: Total number of MV cells in the design.
----------------------------------------------------------------------------------------------------
 MV Cells                                           Total Number                                   
----------------------------------------------------------------------------------------------------
 Level Shifter:                                     0                                             
 Enable Level Shifter:                              0                                             
 Isolation Cell:                                    0                                             
 Retention Cell:                                    0                                             
 Retention Clamp Cell:                              0                                             
 Switch Cell:                                       0                                             
 Always-On Cell:                                    0                                             
 Repeater Cell:                                     0                                             

----------------------------------------------------------------------------------------------------
Unmapped MV Cells 
----------------------------------------------------------------------------------------------------
0 Isolation Cells are unmapped 
0 Retention Clamp Cells are unmapped 
----------------------------------------------------------------------------------------------------
1
current_design $current_top
Current design is 'fft_top_DATA_WIDTH16_FFT_POINT128'.
{fft_top_DATA_WIDTH16_FFT_POINT128}
rename_design [current_design] $top_level
Current design is 'fft_top_DATA_WIDTH16_FFT_POINT128'.
Information: Renaming design /homes/user/stud/fall25/dr3412/EECS6321_Adv_dig/FFT/FFT_chipathon/dc/fft_top/fft_top_DATA_WIDTH16_FFT_POINT128.db:fft_top_DATA_WIDTH16_FFT_POINT128 to /homes/user/stud/fall25/dr3412/EECS6321_Adv_dig/FFT/FFT_chipathon/dc/fft_top/fft_top_DATA_WIDTH16_FFT_POINT128.db:fft_top. (UIMG-45)
Current design is 'fft_top'.
1
##################################################
# Analyze and resolve design problems
##################################################
# Verify the design consistency
check_design
1
# Rename modules, signals according to the naming rules
source -verbose "../common_scripts/namingrules.tcl"
1

Design          Type    Object                  New Name
--------------------------------------------------------------------------------
fft_top         cell    u_core/x1_out_reg_0_    u_core_x1_out_reg_0_
fft_top         cell    u_core/x1_out_reg_1_    u_core_x1_out_reg_1_
fft_top         cell    u_core/x1_out_reg_2_    u_core_x1_out_reg_2_
fft_top         cell    u_core/x1_out_reg_3_    u_core_x1_out_reg_3_
fft_top         cell    u_core/x1_out_reg_4_    u_core_x1_out_reg_4_
fft_top         cell    u_core/x1_out_reg_5_    u_core_x1_out_reg_5_
fft_top         cell    u_core/x1_out_reg_6_    u_core_x1_out_reg_6_
fft_top         cell    u_core/x1_out_reg_7_    u_core_x1_out_reg_7_
fft_top         cell    u_core/x1_out_reg_8_    u_core_x1_out_reg_8_
fft_top         cell    u_core/x1_out_reg_9_    u_core_x1_out_reg_9_
fft_top         cell    u_core/x1_out_reg_10_   u_core_x1_out_reg_10_
fft_top         cell    u_core/x1_out_reg_11_   u_core_x1_out_reg_11_
fft_top         cell    u_core/x1_out_reg_12_   u_core_x1_out_reg_12_
fft_top         cell    u_core/x1_out_reg_13_   u_core_x1_out_reg_13_
fft_top         cell    u_core/x1_out_reg_14_   u_core_x1_out_reg_14_
fft_top         cell    u_core/x1_out_reg_15_   u_core_x1_out_reg_15_
fft_top         cell    u_core/x0_out_reg_0_    u_core_x0_out_reg_0_
fft_top         cell    u_core/x0_out_reg_1_    u_core_x0_out_reg_1_
fft_top         cell    u_core/x0_out_reg_2_    u_core_x0_out_reg_2_
fft_top         cell    u_core/x0_out_reg_3_    u_core_x0_out_reg_3_
fft_top         cell    u_core/x0_out_reg_4_    u_core_x0_out_reg_4_
fft_top         cell    u_core/x0_out_reg_5_    u_core_x0_out_reg_5_
fft_top         cell    u_core/x0_out_reg_6_    u_core_x0_out_reg_6_
fft_top         cell    u_core/x0_out_reg_7_    u_core_x0_out_reg_7_
fft_top         cell    u_core/x0_out_reg_8_    u_core_x0_out_reg_8_
fft_top         cell    u_core/x0_out_reg_9_    u_core_x0_out_reg_9_
fft_top         cell    u_core/x0_out_reg_10_   u_core_x0_out_reg_10_
fft_top         cell    u_core/x0_out_reg_11_   u_core_x0_out_reg_11_
fft_top         cell    u_core/x0_out_reg_12_   u_core_x0_out_reg_12_
fft_top         cell    u_core/x0_out_reg_13_   u_core_x0_out_reg_13_
fft_top         cell    u_core/x0_out_reg_14_   u_core_x0_out_reg_14_
fft_top         cell    u_core/x0_out_reg_15_   u_core_x0_out_reg_15_
fft_top         cell    u_ctrl/x1_addr_l_reg_0_ u_ctrl_x1_addr_l_reg_0_
fft_top         cell    u_ctrl/x1_addr_l_reg_1_ u_ctrl_x1_addr_l_reg_1_
fft_top         cell    u_ctrl/x1_addr_l_reg_2_ u_ctrl_x1_addr_l_reg_2_
fft_top         cell    u_ctrl/x1_addr_l_reg_3_ u_ctrl_x1_addr_l_reg_3_
fft_top         cell    u_ctrl/x1_addr_l_reg_4_ u_ctrl_x1_addr_l_reg_4_
fft_top         cell    u_ctrl/x1_addr_l_reg_5_ u_ctrl_x1_addr_l_reg_5_
fft_top         cell    u_ctrl/x1_addr_l_reg_6_ u_ctrl_x1_addr_l_reg_6_
fft_top         cell    u_ctrl/x0_latched_reg_5_ u_ctrl_x0_latched_reg_5_
fft_top         cell    u_ctrl/x0_latched_reg_6_ u_ctrl_x0_latched_reg_6_
fft_top         cell    u_ctrl/x0_latched_reg_7_ u_ctrl_x0_latched_reg_7_
fft_top         cell    u_ctrl/x0_latched_reg_8_ u_ctrl_x0_latched_reg_8_
fft_top         cell    u_ctrl/x0_latched_reg_0_ u_ctrl_x0_latched_reg_0_
fft_top         cell    u_ctrl/x0_latched_reg_9_ u_ctrl_x0_latched_reg_9_
fft_top         cell    u_ctrl/x0_latched_reg_10_ u_ctrl_x0_latched_reg_10_
fft_top         cell    u_ctrl/x0_latched_reg_11_ u_ctrl_x0_latched_reg_11_
fft_top         cell    u_ctrl/x0_latched_reg_12_ u_ctrl_x0_latched_reg_12_
fft_top         cell    u_ctrl/x0_latched_reg_13_ u_ctrl_x0_latched_reg_13_
fft_top         cell    u_ctrl/x0_latched_reg_14_ u_ctrl_x0_latched_reg_14_
fft_top         cell    u_ctrl/x0_latched_reg_15_ u_ctrl_x0_latched_reg_15_
fft_top         cell    u_ctrl/x0_latched_reg_1_ u_ctrl_x0_latched_reg_1_
fft_top         cell    u_ctrl/x0_latched_reg_2_ u_ctrl_x0_latched_reg_2_
fft_top         cell    u_ctrl/x0_latched_reg_4_ u_ctrl_x0_latched_reg_4_
fft_top         cell    u_ctrl/x0_latched_reg_3_ u_ctrl_x0_latched_reg_3_
fft_top         cell    u_ctrl/x0_addr_l_reg_1_ u_ctrl_x0_addr_l_reg_1_
fft_top         cell    u_ctrl/x0_addr_l_reg_2_ u_ctrl_x0_addr_l_reg_2_
fft_top         cell    u_ctrl/x0_addr_l_reg_3_ u_ctrl_x0_addr_l_reg_3_
fft_top         cell    u_ctrl/x0_addr_l_reg_4_ u_ctrl_x0_addr_l_reg_4_
fft_top         cell    u_ctrl/x0_addr_l_reg_5_ u_ctrl_x0_addr_l_reg_5_
fft_top         cell    u_ctrl/x0_addr_l_reg_6_ u_ctrl_x0_addr_l_reg_6_
fft_top         cell    u_ctrl/x0_addr_l_reg_0_ u_ctrl_x0_addr_l_reg_0_
fft_top         cell    u_ctrl/group_reg_0_     u_ctrl_group_reg_0_
fft_top         cell    u_ctrl/group_reg_1_     u_ctrl_group_reg_1_
fft_top         cell    u_ctrl/group_reg_2_     u_ctrl_group_reg_2_
fft_top         cell    u_ctrl/group_reg_3_     u_ctrl_group_reg_3_
fft_top         cell    u_ctrl/group_reg_4_     u_ctrl_group_reg_4_
fft_top         cell    u_ctrl/group_reg_5_     u_ctrl_group_reg_5_
fft_top         cell    u_ctrl/bfly_reg_0_      u_ctrl_bfly_reg_0_
fft_top         cell    u_ctrl/bfly_reg_1_      u_ctrl_bfly_reg_1_
fft_top         cell    u_ctrl/bfly_reg_2_      u_ctrl_bfly_reg_2_
fft_top         cell    u_ctrl/bfly_reg_3_      u_ctrl_bfly_reg_3_
fft_top         cell    u_ctrl/bfly_reg_4_      u_ctrl_bfly_reg_4_
fft_top         cell    u_ctrl/bfly_reg_5_      u_ctrl_bfly_reg_5_
fft_top         cell    u_ctrl/stage_reg_2_     u_ctrl_stage_reg_2_
fft_top         cell    u_ctrl/stage_reg_1_     u_ctrl_stage_reg_1_
fft_top         cell    u_ctrl/state_reg_0_     u_ctrl_state_reg_0_
fft_top         cell    u_ctrl/state_reg_1_     u_ctrl_state_reg_1_
fft_top         cell    u_ctrl/state_reg_2_     u_ctrl_state_reg_2_
fft_top         cell    u_data_sram/u_sram_u_sram u_data_sram_u_sram_u_sram
fft_top         cell    u_tw_sram/u_sram/u_sram u_tw_sram_u_sram_u_sram
fft_top         cell    intadd_0/U11            intadd_0_U11
fft_top         cell    intadd_0/U10            intadd_0_U10
fft_top         cell    intadd_0/U9             intadd_0_U9
fft_top         cell    intadd_0/U8             intadd_0_U8
fft_top         cell    intadd_0/U7             intadd_0_U7
fft_top         cell    intadd_0/U6             intadd_0_U6
fft_top         cell    intadd_0/U5             intadd_0_U5
fft_top         cell    intadd_0/U4             intadd_0_U4
fft_top         cell    intadd_0/U3             intadd_0_U3
fft_top         cell    intadd_0/U2             intadd_0_U2
fft_top         cell    intadd_1/U11            intadd_1_U11
fft_top         cell    intadd_1/U10            intadd_1_U10
fft_top         cell    intadd_1/U9             intadd_1_U9
fft_top         cell    intadd_1/U8             intadd_1_U8
fft_top         cell    intadd_1/U7             intadd_1_U7
fft_top         cell    intadd_1/U6             intadd_1_U6
fft_top         cell    intadd_1/U5             intadd_1_U5
fft_top         cell    intadd_1/U4             intadd_1_U4
fft_top         cell    intadd_1/U3             intadd_1_U3
fft_top         cell    intadd_1/U2             intadd_1_U2
fft_top         cell    intadd_2/U5             intadd_2_U5
fft_top         cell    intadd_2/U4             intadd_2_U4
fft_top         cell    intadd_2/U3             intadd_2_U3
fft_top         cell    intadd_2/U2             intadd_2_U2
fft_top         cell    intadd_3/U5             intadd_3_U5
fft_top         cell    intadd_3/U4             intadd_3_U4
fft_top         cell    intadd_3/U3             intadd_3_U3
fft_top         cell    intadd_3/U2             intadd_3_U2
fft_top         cell    intadd_4/U5             intadd_4_U5
fft_top         cell    intadd_4/U4             intadd_4_U4
fft_top         cell    intadd_4/U3             intadd_4_U3
fft_top         cell    intadd_4/U2             intadd_4_U2
fft_top         cell    intadd_5/U5             intadd_5_U5
fft_top         cell    intadd_5/U4             intadd_5_U4
fft_top         cell    intadd_5/U3             intadd_5_U3
fft_top         cell    intadd_5/U2             intadd_5_U2
fft_top         cell    intadd_6/U5             intadd_6_U5
fft_top         cell    intadd_6/U4             intadd_6_U4
fft_top         cell    intadd_6/U3             intadd_6_U3
fft_top         cell    intadd_6/U2             intadd_6_U2
fft_top         cell    intadd_7/U4             intadd_7_U4
fft_top         cell    intadd_7/U3             intadd_7_U3
fft_top         cell    intadd_7/U2             intadd_7_U2
fft_top         cell    intadd_8/U4             intadd_8_U4
fft_top         cell    intadd_8/U3             intadd_8_U3
fft_top         cell    intadd_8/U2             intadd_8_U2
fft_top         cell    intadd_9/U4             intadd_9_U4
fft_top         cell    intadd_9/U3             intadd_9_U3
fft_top         cell    intadd_9/U2             intadd_9_U2
fft_top         cell    intadd_10/U4            intadd_10_U4
fft_top         cell    intadd_10/U3            intadd_10_U3
fft_top         cell    intadd_10/U2            intadd_10_U2
fft_top         cell    intadd_11/U4            intadd_11_U4
fft_top         cell    intadd_11/U3            intadd_11_U3
fft_top         cell    intadd_11/U2            intadd_11_U2
fft_top         cell    intadd_12/U4            intadd_12_U4
fft_top         cell    intadd_12/U3            intadd_12_U3
fft_top         cell    intadd_12/U2            intadd_12_U2
fft_top         cell    intadd_13/U4            intadd_13_U4
fft_top         cell    intadd_13/U3            intadd_13_U3
fft_top         cell    intadd_13/U2            intadd_13_U2
fft_top         cell    intadd_14/U4            intadd_14_U4
fft_top         cell    intadd_14/U3            intadd_14_U3
fft_top         cell    intadd_14/U2            intadd_14_U2
fft_top         cell    intadd_15/U4            intadd_15_U4
fft_top         cell    intadd_15/U3            intadd_15_U3
fft_top         cell    intadd_15/U2            intadd_15_U2
fft_top         cell    intadd_16/U4            intadd_16_U4
fft_top         cell    intadd_16/U3            intadd_16_U3
fft_top         cell    intadd_16/U2            intadd_16_U2
fft_top         cell    intadd_17/U4            intadd_17_U4
fft_top         cell    intadd_17/U3            intadd_17_U3
fft_top         cell    intadd_17/U2            intadd_17_U2
fft_top         cell    intadd_18/U4            intadd_18_U4
fft_top         cell    intadd_18/U3            intadd_18_U3
fft_top         cell    intadd_18/U2            intadd_18_U2
fft_top         cell    u_ctrl/stage_reg_0_     u_ctrl_stage_reg_0_
fft_top         net     u_ctrl/x1_addr_l        u_ctrl_x1_addr_l
fft_top         net     u_ctrl/x1_addr_l[6]     u_ctrl_x1_addr_l[6]
fft_top         net     u_ctrl/x1_addr_l[5]     u_ctrl_x1_addr_l[5]
fft_top         net     u_ctrl/x1_addr_l[4]     u_ctrl_x1_addr_l[4]
fft_top         net     u_ctrl/x1_addr_l[3]     u_ctrl_x1_addr_l[3]
fft_top         net     u_ctrl/x1_addr_l[2]     u_ctrl_x1_addr_l[2]
fft_top         net     u_ctrl/x1_addr_l[1]     u_ctrl_x1_addr_l[1]
fft_top         net     u_ctrl/x1_addr_l[0]     u_ctrl_x1_addr_l[0]
fft_top         net     u_ctrl/x0_addr_l        u_ctrl_x0_addr_l
fft_top         net     u_ctrl/x0_addr_l[6]     u_ctrl_x0_addr_l[6]
fft_top         net     u_ctrl/x0_addr_l[5]     u_ctrl_x0_addr_l[5]
fft_top         net     u_ctrl/x0_addr_l[4]     u_ctrl_x0_addr_l[4]
fft_top         net     u_ctrl/x0_addr_l[3]     u_ctrl_x0_addr_l[3]
fft_top         net     u_ctrl/x0_addr_l[2]     u_ctrl_x0_addr_l[2]
fft_top         net     u_ctrl/x0_addr_l[1]     u_ctrl_x0_addr_l[1]
fft_top         net     u_ctrl/x0_addr_l[0]     u_ctrl_x0_addr_l[0]
fft_top         net     u_ctrl/state            u_ctrl_state
fft_top         net     u_ctrl/state[2]         u_ctrl_state[2]
fft_top         net     u_ctrl/state[1]         u_ctrl_state[1]
fft_top         net     u_ctrl/state[0]         u_ctrl_state[0]
fft_top         net     u_data_sram/addr_mux    u_data_sram_addr_mux
fft_top         net     u_data_sram/addr_mux[6] u_data_sram_addr_mux[6]
fft_top         net     u_data_sram/addr_mux[5] u_data_sram_addr_mux[5]
fft_top         net     u_data_sram/addr_mux[4] u_data_sram_addr_mux[4]
fft_top         net     u_data_sram/addr_mux[3] u_data_sram_addr_mux[3]
fft_top         net     u_data_sram/addr_mux[2] u_data_sram_addr_mux[2]
fft_top         net     u_data_sram/addr_mux[1] u_data_sram_addr_mux[1]
fft_top         net     u_data_sram/addr_mux[0] u_data_sram_addr_mux[0]
fft_top         net     u_data_sram/din_mux     u_data_sram_din_mux
fft_top         net     u_data_sram/din_mux[15] u_data_sram_din_mux[15]
fft_top         net     u_data_sram/din_mux[14] u_data_sram_din_mux[14]
fft_top         net     u_data_sram/din_mux[13] u_data_sram_din_mux[13]
fft_top         net     u_data_sram/din_mux[12] u_data_sram_din_mux[12]
fft_top         net     u_data_sram/din_mux[11] u_data_sram_din_mux[11]
fft_top         net     u_data_sram/din_mux[10] u_data_sram_din_mux[10]
fft_top         net     u_data_sram/din_mux[9]  u_data_sram_din_mux[9]
fft_top         net     u_data_sram/din_mux[8]  u_data_sram_din_mux[8]
fft_top         net     u_data_sram/din_mux[7]  u_data_sram_din_mux[7]
fft_top         net     u_data_sram/din_mux[6]  u_data_sram_din_mux[6]
fft_top         net     u_data_sram/din_mux[5]  u_data_sram_din_mux[5]
fft_top         net     u_data_sram/din_mux[4]  u_data_sram_din_mux[4]
fft_top         net     u_data_sram/din_mux[3]  u_data_sram_din_mux[3]
fft_top         net     u_data_sram/din_mux[2]  u_data_sram_din_mux[2]
fft_top         net     u_data_sram/din_mux[1]  u_data_sram_din_mux[1]
fft_top         net     u_data_sram/din_mux[0]  u_data_sram_din_mux[0]
fft_top         net     u_tw_sram/addr_mux      u_tw_sram_addr_mux
fft_top         net     u_tw_sram/addr_mux[5]   u_tw_sram_addr_mux[5]
fft_top         net     u_tw_sram/addr_mux[4]   u_tw_sram_addr_mux[4]
fft_top         net     u_tw_sram/addr_mux[3]   u_tw_sram_addr_mux[3]
fft_top         net     u_tw_sram/addr_mux[2]   u_tw_sram_addr_mux[2]
fft_top         net     u_tw_sram/addr_mux[1]   u_tw_sram_addr_mux[1]
fft_top         net     u_tw_sram/addr_mux[0]   u_tw_sram_addr_mux[0]
fft_top         net     u_tw_sram/din_mux       u_tw_sram_din_mux
fft_top         net     u_tw_sram/din_mux[15]   u_tw_sram_din_mux[15]
fft_top         net     u_tw_sram/din_mux[14]   u_tw_sram_din_mux[14]
fft_top         net     u_tw_sram/din_mux[13]   u_tw_sram_din_mux[13]
fft_top         net     u_tw_sram/din_mux[12]   u_tw_sram_din_mux[12]
fft_top         net     u_tw_sram/din_mux[11]   u_tw_sram_din_mux[11]
fft_top         net     u_tw_sram/din_mux[10]   u_tw_sram_din_mux[10]
fft_top         net     u_tw_sram/din_mux[9]    u_tw_sram_din_mux[9]
fft_top         net     u_tw_sram/din_mux[8]    u_tw_sram_din_mux[8]
fft_top         net     u_tw_sram/din_mux[7]    u_tw_sram_din_mux[7]
fft_top         net     u_tw_sram/din_mux[6]    u_tw_sram_din_mux[6]
fft_top         net     u_tw_sram/din_mux[5]    u_tw_sram_din_mux[5]
fft_top         net     u_tw_sram/din_mux[4]    u_tw_sram_din_mux[4]
fft_top         net     u_tw_sram/din_mux[3]    u_tw_sram_din_mux[3]
fft_top         net     u_tw_sram/din_mux[2]    u_tw_sram_din_mux[2]
fft_top         net     u_tw_sram/din_mux[1]    u_tw_sram_din_mux[1]
fft_top         net     u_tw_sram/din_mux[0]    u_tw_sram_din_mux[0]
fft_top         net     stage[1]                stage_1_
fft_top         net     u_core/n1               u_core_n1
fft_top         net     u_core/n2               u_core_n2
fft_top         net     u_core/n3               u_core_n3
fft_top         net     u_core/n4               u_core_n4
fft_top         net     u_core/n5               u_core_n5
fft_top         net     u_core/n6               u_core_n6
fft_top         net     u_core/n7               u_core_n7
fft_top         net     u_core/n8               u_core_n8
fft_top         net     u_core/n9               u_core_n9
fft_top         net     u_core/n10              u_core_n10
fft_top         net     u_core/n11              u_core_n11
fft_top         net     u_core/n12              u_core_n12
fft_top         net     u_core/n13              u_core_n13
fft_top         net     u_core/n14              u_core_n14
fft_top         net     u_core/n15              u_core_n15
fft_top         net     u_core/n16              u_core_n16
fft_top         net     u_core/n17              u_core_n17
fft_top         net     u_core/n18              u_core_n18
fft_top         net     u_core/n19              u_core_n19
fft_top         net     u_core/n20              u_core_n20
fft_top         net     u_core/n21              u_core_n21
fft_top         net     u_core/n22              u_core_n22
fft_top         net     u_core/n23              u_core_n23
fft_top         net     u_core/n24              u_core_n24
fft_top         net     u_core/n25              u_core_n25
fft_top         net     u_core/n26              u_core_n26
fft_top         net     u_core/n27              u_core_n27
fft_top         net     u_core/n28              u_core_n28
fft_top         net     u_core/n29              u_core_n29
fft_top         net     u_core/n30              u_core_n30
fft_top         net     u_core/n31              u_core_n31
fft_top         net     u_core/n32              u_core_n32
fft_top         net     u_ctrl/n284             u_ctrl_n284
fft_top         net     u_ctrl/n74              u_ctrl_n74
fft_top         net     u_ctrl/n75              u_ctrl_n75
fft_top         net     u_ctrl/n76              u_ctrl_n76
fft_top         net     u_ctrl/n77              u_ctrl_n77
fft_top         net     u_ctrl/n78              u_ctrl_n78
fft_top         net     u_ctrl/n79              u_ctrl_n79
fft_top         net     u_ctrl/n87              u_ctrl_n87
fft_top         net     u_ctrl/n105             u_ctrl_n105
fft_top         net     u_ctrl/n92              u_ctrl_n92
fft_top         net     u_ctrl/n91              u_ctrl_n91
fft_top         net     u_ctrl/n90              u_ctrl_n90
fft_top         net     u_ctrl/n89              u_ctrl_n89
fft_top         net     u_ctrl/n88              u_ctrl_n88
fft_top         net     u_ctrl/n97              u_ctrl_n97
fft_top         net     u_ctrl/n96              u_ctrl_n96
fft_top         net     u_ctrl/n95              u_ctrl_n95
fft_top         net     u_ctrl/n94              u_ctrl_n94
fft_top         net     u_ctrl/n93              u_ctrl_n93
fft_top         net     u_ctrl/n104             u_ctrl_n104
fft_top         net     u_ctrl/n285             u_ctrl_n285
fft_top         net     u_ctrl/n101             u_ctrl_n101
fft_top         net     u_ctrl/n102             u_ctrl_n102
fft_top         net     u_ctrl/n99              u_ctrl_n99
fft_top         net     u_ctrl/n100             u_ctrl_n100
fft_top         net     u_ctrl/n98              u_ctrl_n98
fft_top         net     u_ctrl/n286             u_ctrl_n286
fft_top         net     u_ctrl/n103             u_ctrl_n103
fft_top         net     u_data_sram/n3          u_data_sram_n3
fft_top         net     u_data_sram/n2          u_data_sram_n2
fft_top         net     u_tw_sram/u_sram/n_Logic0_ u_tw_sram_u_sram_n_Logic0_
fft_top         net     u_tw_sram/u_sram/n_Logic1_ u_tw_sram_u_sram_n_Logic1_
fft_top         net     intadd_0/A[9]           intadd_0_A_9_
fft_top         net     intadd_0/A[8]           intadd_0_A_8_
fft_top         net     intadd_0/A[4]           intadd_0_A_4_
fft_top         net     intadd_0/A[3]           intadd_0_A_3_
fft_top         net     intadd_0/A[2]           intadd_0_A_2_
fft_top         net     intadd_0/A[1]           intadd_0_A_1_
fft_top         net     intadd_0/A[0]           intadd_0_A_0_
fft_top         net     intadd_0/B[7]           intadd_0_B_7_
fft_top         net     intadd_0/B[6]           intadd_0_B_6_
fft_top         net     intadd_0/B[5]           intadd_0_B_5_
fft_top         net     intadd_0/B[3]           intadd_0_B_3_
fft_top         net     intadd_0/B[2]           intadd_0_B_2_
fft_top         net     intadd_0/B[1]           intadd_0_B_1_
fft_top         net     intadd_0/B[0]           intadd_0_B_0_
fft_top         net     intadd_0/CI             intadd_0_CI
fft_top         net     intadd_0/SUM[9]         intadd_0_SUM_9_
fft_top         net     intadd_0/SUM[8]         intadd_0_SUM_8_
fft_top         net     intadd_0/SUM[7]         intadd_0_SUM_7_
fft_top         net     intadd_0/SUM[6]         intadd_0_SUM_6_
fft_top         net     intadd_0/SUM[5]         intadd_0_SUM_5_
fft_top         net     intadd_0/SUM[4]         intadd_0_SUM_4_
fft_top         net     intadd_0/SUM[3]         intadd_0_SUM_3_
fft_top         net     intadd_0/SUM[2]         intadd_0_SUM_2_
fft_top         net     intadd_0/SUM[1]         intadd_0_SUM_1_
fft_top         net     intadd_0/SUM[0]         intadd_0_SUM_0_
fft_top         net     intadd_0/n10            intadd_0_n10
fft_top         net     intadd_0/n9             intadd_0_n9
fft_top         net     intadd_0/n8             intadd_0_n8
fft_top         net     intadd_0/n7             intadd_0_n7
fft_top         net     intadd_0/n6             intadd_0_n6
fft_top         net     intadd_0/n5             intadd_0_n5
fft_top         net     intadd_0/n4             intadd_0_n4
fft_top         net     intadd_0/n3             intadd_0_n3
fft_top         net     intadd_0/n2             intadd_0_n2
fft_top         net     intadd_0/n1             intadd_0_n1
fft_top         net     intadd_1/A[9]           intadd_1_A_9_
fft_top         net     intadd_1/A[8]           intadd_1_A_8_
fft_top         net     intadd_1/A[4]           intadd_1_A_4_
fft_top         net     intadd_1/A[3]           intadd_1_A_3_
fft_top         net     intadd_1/A[2]           intadd_1_A_2_
fft_top         net     intadd_1/A[1]           intadd_1_A_1_
fft_top         net     intadd_1/A[0]           intadd_1_A_0_
fft_top         net     intadd_1/B[7]           intadd_1_B_7_
fft_top         net     intadd_1/B[6]           intadd_1_B_6_
fft_top         net     intadd_1/B[5]           intadd_1_B_5_
fft_top         net     intadd_1/B[3]           intadd_1_B_3_
fft_top         net     intadd_1/B[2]           intadd_1_B_2_
fft_top         net     intadd_1/B[1]           intadd_1_B_1_
fft_top         net     intadd_1/B[0]           intadd_1_B_0_
fft_top         net     intadd_1/CI             intadd_1_CI
fft_top         net     intadd_1/SUM[9]         intadd_1_SUM_9_
fft_top         net     intadd_1/SUM[8]         intadd_1_SUM_8_
fft_top         net     intadd_1/SUM[7]         intadd_1_SUM_7_
fft_top         net     intadd_1/SUM[6]         intadd_1_SUM_6_
fft_top         net     intadd_1/SUM[5]         intadd_1_SUM_5_
fft_top         net     intadd_1/SUM[4]         intadd_1_SUM_4_
fft_top         net     intadd_1/SUM[3]         intadd_1_SUM_3_
fft_top         net     intadd_1/SUM[2]         intadd_1_SUM_2_
fft_top         net     intadd_1/SUM[1]         intadd_1_SUM_1_
fft_top         net     intadd_1/SUM[0]         intadd_1_SUM_0_
fft_top         net     intadd_1/n10            intadd_1_n10
fft_top         net     intadd_1/n9             intadd_1_n9
fft_top         net     intadd_1/n8             intadd_1_n8
fft_top         net     intadd_1/n7             intadd_1_n7
fft_top         net     intadd_1/n6             intadd_1_n6
fft_top         net     intadd_1/n5             intadd_1_n5
fft_top         net     intadd_1/n4             intadd_1_n4
fft_top         net     intadd_1/n3             intadd_1_n3
fft_top         net     intadd_1/n2             intadd_1_n2
fft_top         net     intadd_1/n1             intadd_1_n1
fft_top         net     intadd_2/A[3]           intadd_2_A_3_
fft_top         net     intadd_2/A[2]           intadd_2_A_2_
fft_top         net     intadd_2/A[1]           intadd_2_A_1_
fft_top         net     intadd_2/A[0]           intadd_2_A_0_
fft_top         net     intadd_2/B[3]           intadd_2_B_3_
fft_top         net     intadd_2/B[2]           intadd_2_B_2_
fft_top         net     intadd_2/B[1]           intadd_2_B_1_
fft_top         net     intadd_2/B[0]           intadd_2_B_0_
fft_top         net     intadd_2/CI             intadd_2_CI
fft_top         net     intadd_2/SUM[2]         intadd_2_SUM_2_
fft_top         net     intadd_2/SUM[1]         intadd_2_SUM_1_
fft_top         net     intadd_2/SUM[0]         intadd_2_SUM_0_
fft_top         net     intadd_2/n4             intadd_2_n4
fft_top         net     intadd_2/n3             intadd_2_n3
fft_top         net     intadd_2/n2             intadd_2_n2
fft_top         net     intadd_2/n1             intadd_2_n1
fft_top         net     intadd_3/A[2]           intadd_3_A_2_
fft_top         net     intadd_3/A[0]           intadd_3_A_0_
fft_top         net     intadd_3/B[3]           intadd_3_B_3_
fft_top         net     intadd_3/B[2]           intadd_3_B_2_
fft_top         net     intadd_3/B[1]           intadd_3_B_1_
fft_top         net     intadd_3/B[0]           intadd_3_B_0_
fft_top         net     intadd_3/CI             intadd_3_CI
fft_top         net     intadd_3/SUM[2]         intadd_3_SUM_2_
fft_top         net     intadd_3/SUM[1]         intadd_3_SUM_1_
fft_top         net     intadd_3/SUM[0]         intadd_3_SUM_0_
fft_top         net     intadd_3/n4             intadd_3_n4
fft_top         net     intadd_3/n3             intadd_3_n3
fft_top         net     intadd_3/n2             intadd_3_n2
fft_top         net     intadd_3/n1             intadd_3_n1
fft_top         net     intadd_4/A[3]           intadd_4_A_3_
fft_top         net     intadd_4/A[2]           intadd_4_A_2_
fft_top         net     intadd_4/A[1]           intadd_4_A_1_
fft_top         net     intadd_4/A[0]           intadd_4_A_0_
fft_top         net     intadd_4/B[3]           intadd_4_B_3_
fft_top         net     intadd_4/B[2]           intadd_4_B_2_
fft_top         net     intadd_4/B[1]           intadd_4_B_1_
fft_top         net     intadd_4/B[0]           intadd_4_B_0_
fft_top         net     intadd_4/CI             intadd_4_CI
fft_top         net     intadd_4/SUM[2]         intadd_4_SUM_2_
fft_top         net     intadd_4/SUM[1]         intadd_4_SUM_1_
fft_top         net     intadd_4/SUM[0]         intadd_4_SUM_0_
fft_top         net     intadd_4/n4             intadd_4_n4
fft_top         net     intadd_4/n3             intadd_4_n3
fft_top         net     intadd_4/n2             intadd_4_n2
fft_top         net     intadd_4/n1             intadd_4_n1
fft_top         net     intadd_5/A[2]           intadd_5_A_2_
fft_top         net     intadd_5/A[1]           intadd_5_A_1_
fft_top         net     intadd_5/A[0]           intadd_5_A_0_
fft_top         net     intadd_5/B[3]           intadd_5_B_3_
fft_top         net     intadd_5/B[2]           intadd_5_B_2_
fft_top         net     intadd_5/B[1]           intadd_5_B_1_
fft_top         net     intadd_5/B[0]           intadd_5_B_0_
fft_top         net     intadd_5/CI             intadd_5_CI
fft_top         net     intadd_5/SUM[2]         intadd_5_SUM_2_
fft_top         net     intadd_5/SUM[1]         intadd_5_SUM_1_
fft_top         net     intadd_5/SUM[0]         intadd_5_SUM_0_
fft_top         net     intadd_5/n4             intadd_5_n4
fft_top         net     intadd_5/n3             intadd_5_n3
fft_top         net     intadd_5/n2             intadd_5_n2
fft_top         net     intadd_5/n1             intadd_5_n1
fft_top         net     intadd_6/B[3]           intadd_6_B_3_
fft_top         net     intadd_6/B[2]           intadd_6_B_2_
fft_top         net     intadd_6/B[1]           intadd_6_B_1_
fft_top         net     intadd_6/B[0]           intadd_6_B_0_
fft_top         net     intadd_6/CI             intadd_6_CI
fft_top         net     intadd_6/SUM[3]         intadd_6_SUM_3_
fft_top         net     intadd_6/SUM[2]         intadd_6_SUM_2_
fft_top         net     intadd_6/SUM[1]         intadd_6_SUM_1_
fft_top         net     intadd_6/SUM[0]         intadd_6_SUM_0_
fft_top         net     intadd_6/n4             intadd_6_n4
fft_top         net     intadd_6/n3             intadd_6_n3
fft_top         net     intadd_6/n2             intadd_6_n2
fft_top         net     intadd_6/n1             intadd_6_n1
fft_top         net     intadd_7/A[2]           intadd_7_A_2_
fft_top         net     intadd_7/A[1]           intadd_7_A_1_
fft_top         net     intadd_7/A[0]           intadd_7_A_0_
fft_top         net     intadd_7/B[2]           intadd_7_B_2_
fft_top         net     intadd_7/B[1]           intadd_7_B_1_
fft_top         net     intadd_7/B[0]           intadd_7_B_0_
fft_top         net     intadd_7/CI             intadd_7_CI
fft_top         net     intadd_7/SUM[1]         intadd_7_SUM_1_
fft_top         net     intadd_7/SUM[0]         intadd_7_SUM_0_
fft_top         net     intadd_7/n3             intadd_7_n3
fft_top         net     intadd_7/n2             intadd_7_n2
fft_top         net     intadd_7/n1             intadd_7_n1
fft_top         net     intadd_8/A[1]           intadd_8_A_1_
fft_top         net     intadd_8/A[0]           intadd_8_A_0_
fft_top         net     intadd_8/B[2]           intadd_8_B_2_
fft_top         net     intadd_8/B[1]           intadd_8_B_1_
fft_top         net     intadd_8/B[0]           intadd_8_B_0_
fft_top         net     intadd_8/CI             intadd_8_CI
fft_top         net     intadd_8/SUM[0]         intadd_8_SUM_0_
fft_top         net     intadd_8/n3             intadd_8_n3
fft_top         net     intadd_8/n2             intadd_8_n2
fft_top         net     intadd_8/n1             intadd_8_n1
fft_top         net     intadd_9/A[0]           intadd_9_A_0_
fft_top         net     intadd_9/B[1]           intadd_9_B_1_
fft_top         net     intadd_9/B[0]           intadd_9_B_0_
fft_top         net     intadd_9/CI             intadd_9_CI
fft_top         net     intadd_9/SUM[0]         intadd_9_SUM_0_
fft_top         net     intadd_9/n3             intadd_9_n3
fft_top         net     intadd_9/n2             intadd_9_n2
fft_top         net     intadd_9/n1             intadd_9_n1
fft_top         net     intadd_10/A[1]          intadd_10_A_1_
fft_top         net     intadd_10/A[0]          intadd_10_A_0_
fft_top         net     intadd_10/B[2]          intadd_10_B_2_
fft_top         net     intadd_10/B[0]          intadd_10_B_0_
fft_top         net     intadd_10/CI            intadd_10_CI
fft_top         net     intadd_10/SUM[2]        intadd_10_SUM_2_
fft_top         net     intadd_10/SUM[1]        intadd_10_SUM_1_
fft_top         net     intadd_10/SUM[0]        intadd_10_SUM_0_
fft_top         net     intadd_10/n3            intadd_10_n3
fft_top         net     intadd_10/n2            intadd_10_n2
fft_top         net     intadd_10/n1            intadd_10_n1
fft_top         net     intadd_11/A[2]          intadd_11_A_2_
fft_top         net     intadd_11/A[1]          intadd_11_A_1_
fft_top         net     intadd_11/A[0]          intadd_11_A_0_
fft_top         net     intadd_11/B[2]          intadd_11_B_2_
fft_top         net     intadd_11/B[1]          intadd_11_B_1_
fft_top         net     intadd_11/B[0]          intadd_11_B_0_
fft_top         net     intadd_11/CI            intadd_11_CI
fft_top         net     intadd_11/SUM[1]        intadd_11_SUM_1_
fft_top         net     intadd_11/SUM[0]        intadd_11_SUM_0_
fft_top         net     intadd_11/n3            intadd_11_n3
fft_top         net     intadd_11/n2            intadd_11_n2
fft_top         net     intadd_11/n1            intadd_11_n1
fft_top         net     intadd_12/A[1]          intadd_12_A_1_
fft_top         net     intadd_12/A[0]          intadd_12_A_0_
fft_top         net     intadd_12/B[2]          intadd_12_B_2_
fft_top         net     intadd_12/B[1]          intadd_12_B_1_
fft_top         net     intadd_12/B[0]          intadd_12_B_0_
fft_top         net     intadd_12/CI            intadd_12_CI
fft_top         net     intadd_12/SUM[0]        intadd_12_SUM_0_
fft_top         net     intadd_12/n3            intadd_12_n3
fft_top         net     intadd_12/n2            intadd_12_n2
fft_top         net     intadd_12/n1            intadd_12_n1
fft_top         net     intadd_13/A[1]          intadd_13_A_1_
fft_top         net     intadd_13/A[0]          intadd_13_A_0_
fft_top         net     intadd_13/B[0]          intadd_13_B_0_
fft_top         net     intadd_13/CI            intadd_13_CI
fft_top         net     intadd_13/SUM[0]        intadd_13_SUM_0_
fft_top         net     intadd_13/n3            intadd_13_n3
fft_top         net     intadd_13/n2            intadd_13_n2
fft_top         net     intadd_13/n1            intadd_13_n1
fft_top         net     intadd_14/A[1]          intadd_14_A_1_
fft_top         net     intadd_14/A[0]          intadd_14_A_0_
fft_top         net     intadd_14/B[2]          intadd_14_B_2_
fft_top         net     intadd_14/B[0]          intadd_14_B_0_
fft_top         net     intadd_14/CI            intadd_14_CI
fft_top         net     intadd_14/SUM[2]        intadd_14_SUM_2_
fft_top         net     intadd_14/SUM[1]        intadd_14_SUM_1_
fft_top         net     intadd_14/SUM[0]        intadd_14_SUM_0_
fft_top         net     intadd_14/n3            intadd_14_n3
fft_top         net     intadd_14/n2            intadd_14_n2
fft_top         net     intadd_14/n1            intadd_14_n1
fft_top         net     intadd_15/A[1]          intadd_15_A_1_
fft_top         net     intadd_15/A[0]          intadd_15_A_0_
fft_top         net     intadd_15/B[1]          intadd_15_B_1_
fft_top         net     intadd_15/B[0]          intadd_15_B_0_
fft_top         net     intadd_15/CI            intadd_15_CI
fft_top         net     intadd_15/SUM[2]        intadd_15_SUM_2_
fft_top         net     intadd_15/SUM[1]        intadd_15_SUM_1_
fft_top         net     intadd_15/SUM[0]        intadd_15_SUM_0_
fft_top         net     intadd_15/n3            intadd_15_n3
fft_top         net     intadd_15/n2            intadd_15_n2
fft_top         net     intadd_15/n1            intadd_15_n1
fft_top         net     intadd_16/A[2]          intadd_16_A_2_
fft_top         net     intadd_16/A[1]          intadd_16_A_1_
fft_top         net     intadd_16/A[0]          intadd_16_A_0_
fft_top         net     intadd_16/B[2]          intadd_16_B_2_
fft_top         net     intadd_16/B[1]          intadd_16_B_1_
fft_top         net     intadd_16/B[0]          intadd_16_B_0_
fft_top         net     intadd_16/CI            intadd_16_CI
fft_top         net     intadd_16/SUM[0]        intadd_16_SUM_0_
fft_top         net     intadd_16/n3            intadd_16_n3
fft_top         net     intadd_16/n2            intadd_16_n2
fft_top         net     intadd_16/n1            intadd_16_n1
fft_top         net     intadd_17/A[1]          intadd_17_A_1_
fft_top         net     intadd_17/A[0]          intadd_17_A_0_
fft_top         net     intadd_17/B[1]          intadd_17_B_1_
fft_top         net     intadd_17/B[0]          intadd_17_B_0_
fft_top         net     intadd_17/CI            intadd_17_CI
fft_top         net     intadd_17/SUM[2]        intadd_17_SUM_2_
fft_top         net     intadd_17/SUM[1]        intadd_17_SUM_1_
fft_top         net     intadd_17/SUM[0]        intadd_17_SUM_0_
fft_top         net     intadd_17/n3            intadd_17_n3
fft_top         net     intadd_17/n2            intadd_17_n2
fft_top         net     intadd_17/n1            intadd_17_n1
fft_top         net     intadd_18/A[2]          intadd_18_A_2_
fft_top         net     intadd_18/A[1]          intadd_18_A_1_
fft_top         net     intadd_18/A[0]          intadd_18_A_0_
fft_top         net     intadd_18/B[2]          intadd_18_B_2_
fft_top         net     intadd_18/B[1]          intadd_18_B_1_
fft_top         net     intadd_18/B[0]          intadd_18_B_0_
fft_top         net     intadd_18/CI            intadd_18_CI
fft_top         net     intadd_18/SUM[0]        intadd_18_SUM_0_
fft_top         net     intadd_18/n3            intadd_18_n3
fft_top         net     intadd_18/n2            intadd_18_n2
fft_top         net     intadd_18/n1            intadd_18_n1
1
1
# Generate a report file
set rpt_file "${top_level}.dc.rpt"
fft_top.dc.rpt
set maxpaths 20
20
check_design >> ${rpt_file}
report_area  >> ${rpt_file}
report_power -hier -analysis_effort medium >> ${rpt_file}
report_design >> ${rpt_file}
report_cell >> ${rpt_file}
report_port -verbose >> ${rpt_file}
report_compile_options >> ${rpt_file}
report_constraint -all_violators -verbose >> ${rpt_file}
report_timing -path full -delay max -max_paths $maxpaths -nworst 100 >> ${rpt_file}
report_timing -path full -delay min -max_paths $maxpaths -nworst 100 >> ${rpt_file}
report_timing_requirements >> ${rpt_file} 
report_timing -delay max -nworst 1 -max_paths 10000 -path end -nosplit -unique -sort_by slack > ${top_level}.syn.critical_regs
report_timing -delay max -nworst 1 -max_paths 10000 -path full -nosplit -unique -sort_by slack > ${top_level}.syn.critical_regs.full
report_timing -delay max -nworst 1 -max_paths 10000 -path end -nosplit -unique -sort_by slack -to [all_outputs] > ${top_level}.syn.critical_regs.output
report_timing -delay max -nworst 1 -max_paths 10000 -path end -nosplit -unique -sort_by slack -to [all_registers -data_pins] > ${top_level}.syn.critical_regs.regs
report_timing -delay min -nworst 1 -max_paths 10000 -path short -nosplit -unique -sort_by slack > ${top_level}.syn.fast_path
##################################################
# Save the design database 
##################################################
# Generate structural verilog netlist
write -hierarchy -format verilog -output "${top_level}.nl.v"
Writing verilog file '/homes/user/stud/fall25/dr3412/EECS6321_Adv_dig/FFT/FFT_chipathon/dc/fft_top/fft_top.nl.v'.
Warning: Verilog writer has added 32 nets to module fft_top using SYNOPSYS_UNCONNECTED_ as prefix.  Please use the change_names command to make the correct changes before invoking the verilog writer.  (VO-11)
1
# Write a Standard Delay Format (SDF) file
# Note : SDF is an IEEE standard for the representation and interpretation of timing data
#        The SDF file includes delays (module path, device, interconnect, and port), timing checks (setup, hold, recovery, skew, width, and period),
#        timing constraints (path and skew), incremental and absolute delays, and so on
write_sdf "${top_level}.syn.sdf"
Information: Annotated 'cell' delays are assumed to include load delay. (UID-282)
Information: Writing timing information to file '/homes/user/stud/fall25/dr3412/EECS6321_Adv_dig/FFT/FFT_chipathon/dc/fft_top/fft_top.syn.sdf'. (WT-3)
1
# Write a SDC file
# Note : SDC is a format used to specify the design intent, including the timing, power and area constraints for a design
write_sdc "${top_level}.syn.sdc" -version 1.7
1
# Finish synthesis
quit

Memory usage for this session 1150 Mbytes.
Memory usage for this session including child processes 1150 Mbytes.
CPU usage for this session 201 seconds ( 0.06 hours ).
Elapsed time for this session 208 seconds ( 0.06 hours ).

Thank you...
