
                           Design Compiler Graphical 
                                 DC Ultra (TM)
                                  DFTMAX (TM)
                              Power Compiler (TM)
                                 DesignWare (R)
                                 DC Expert (TM)
                               Design Vision (TM)
                               HDL Compiler (TM)
                               VHDL Compiler (TM)
                                  DFT Compiler
                               Design Compiler(R)

               Version U-2022.12-SP7 for linux64 - Oct 10, 2023 

                    Copyright (c) 1988 - 2023 Synopsys, Inc.
   This software and the associated documentation are proprietary to Synopsys,
 Inc. This software may only be used in accordance with the terms and conditions
 of a written license agreement with Synopsys, Inc. All other use, reproduction,
   or distribution of this software is strictly prohibited.  Licensed Products
     communicate with Synopsys servers for the purpose of providing software
    updates, detecting software piracy and verifying that customers are using
    Licensed Products in conformity with the applicable License Key for such
  Licensed Products. Synopsys will use information gathered in connection with
    this process to deliver software updates and pursue software pirates and
                                   infringers.

 Inclusivity & Diversity - Visit SolvNetPlus to read the "Synopsys Statement on
            Inclusivity and Diversity" (Refer to article 000036315 at
                        https://solvnetplus.synopsys.com)
Initializing...
Current time:       Sat Jun 27 21:35:27 2026
Hostname:           cadpc06
CPU Model:          11th Gen Intel(R) Core(TM) i9-11900 @ 2.50GHz
CPU Details:        Cores = 16 : Sockets = 1 : Cache Size = 16384 KB : Freq = 3.60 GHz
OS:                 Linux 4.18.0-553.137.1.el8_10.x86_64
RAM:                 62 GB (Free  48 GB)
Swap:                31 GB (Free  31 GB)
Work Filesystem:    /homes mounted to auto.homes
Tmp Filesystem:     /tmp mounted to tmpfs
Work Disk:          16773 GB (Free 5743 GB)
Tmp Disk:            31 GB (Free  31 GB)

CPU Load: 55%, Ram Free: 48 GB, Swap Free: 31 GB, Work Disk Free: 5743 GB, Tmp Disk Free: 31 GB
#########################################
# TCL script for Design Compiler        #
# MS 2015                               #
#########################################
##################################################
# Read design and library
##################################################
# Set the top_level name
set top_level fft_controller
fft_controller
# In this file, libray path and libraries which are used are defined
#source -verbose "../common_scripts/common.tcl" 
# Read libraries
set search_path [list "." "/courses/ee6350/pdk2025/tcbn65gplus/TSMCHOME/digital/Front_End/timing_power_noise/CCS/tcbn65gplus_200a" "/tools/synopsys/syn/U-2022.12-SP7/libraries/syn" "../../memory_compiler/single_port_sram/sram00_libs"]
. /courses/ee6350/pdk2025/tcbn65gplus/TSMCHOME/digital/Front_End/timing_power_noise/CCS/tcbn65gplus_200a /tools/synopsys/syn/U-2022.12-SP7/libraries/syn ../../memory_compiler/single_port_sram/sram00_libs
set synthetic_library [list "dw_foundation.sldb"]
dw_foundation.sldb
set link_library [list "*" "tcbn65gplustc_ccs.db" "dw_foundation.sldb" "sram00_nldm_tt_1p00v_1p00v_25c_syn.db"]
* tcbn65gplustc_ccs.db dw_foundation.sldb sram00_nldm_tt_1p00v_1p00v_25c_syn.db
set target_library [list "tcbn65gplustc_ccs.db"]
tcbn65gplustc_ccs.db
# Read verilog files
#read_verilog {../../rtl/$top_level/$top_level.v}
analyze -format verilog "../../rtl/$top_level/$top_level.v"
Running PRESTO HDLC
Compiling source file ../../rtl/fft_controller/fft_controller.v
Presto compilation completed successfully.
Loading db file '/courses/ee6350/pdk2025/tcbn65gplus/TSMCHOME/digital/Front_End/timing_power_noise/CCS/tcbn65gplus_200a/tcbn65gplustc_ccs.db'
Information: Using CCS timing libraries. (TIM-024)
Loading db file '/tools/synopsys/syn/U-2022.12-SP7/libraries/syn/dw_foundation.sldb'
Loading db file '/homes/user/stud/fall25/dr3412/EECS6321_Adv_dig/FFT/FFT_chipathon/memory_compiler/single_port_sram/sram00_libs/sram00_nldm_tt_1p00v_1p00v_25c_syn.db'
1
elaborate $top_level -parameters "DATA_WIDTH=16,FFT_POINT=128"
Loading db file '/tools/synopsys/syn/current/libraries/syn/gtech.db'
Loading db file '/tools/synopsys/syn/current/libraries/syn/standard.sldb'
  Loading link library 'tcbn65gplustc_ccs'
  Loading link library 'USERLIB_nldm_tt_1p00v_1p00v_25c'
  Loading link library 'gtech'
Running PRESTO HDLC
Warning:  ../../rtl/fft_controller/fft_controller.v:123: signed to unsigned assignment occurs. (VER-318)
Warning:  ../../rtl/fft_controller/fft_controller.v:128: signed to unsigned conversion occurs. (VER-318)

Statistics for case statements in always block at line 142 in file
	'../../rtl/fft_controller/fft_controller.v'
===============================================
|           Line           |  full/ parallel  |
===============================================
|           144            |    auto/auto     |
===============================================

Statistics for case statements in always block at line 161 in file
	'../../rtl/fft_controller/fft_controller.v'
===============================================
|           Line           |  full/ parallel  |
===============================================
|           170            |    auto/auto     |
===============================================

Statistics for case statements in always block at line 211 in file
	'../../rtl/fft_controller/fft_controller.v'
===============================================
|           Line           |  full/ parallel  |
===============================================
|           226            |    auto/auto     |
===============================================

Inferred memory devices in process
	in routine fft_controller_DATA_WIDTH16_FFT_POINT128 line 134 in file
		'../../rtl/fft_controller/fft_controller.v'.
===============================================================================
|    Register Name    |   Type    | Width | Bus | MB | AR | AS | SR | SS | ST |
===============================================================================
|      state_reg      | Flip-flop |   3   |  Y  | N  | Y  | N  | N  | N  | N  |
===============================================================================

Inferred memory devices in process
	in routine fft_controller_DATA_WIDTH16_FFT_POINT128 line 161 in file
		'../../rtl/fft_controller/fft_controller.v'.
===============================================================================
|    Register Name    |   Type    | Width | Bus | MB | AR | AS | SR | SS | ST |
===============================================================================
|    x1_addr_l_reg    | Flip-flop |   7   |  Y  | N  | Y  | N  | N  | N  | N  |
|    x0_addr_l_reg    | Flip-flop |   7   |  Y  | N  | Y  | N  | N  | N  | N  |
|      stage_reg      | Flip-flop |   3   |  Y  | N  | Y  | N  | N  | N  | N  |
|   x0_latched_reg    | Flip-flop |  16   |  Y  | N  | Y  | N  | N  | N  | N  |
|      bfly_reg       | Flip-flop |   6   |  Y  | N  | Y  | N  | N  | N  | N  |
|      group_reg      | Flip-flop |   6   |  Y  | N  | Y  | N  | N  | N  | N  |
===============================================================================
Presto compilation completed successfully. (fft_controller_DATA_WIDTH16_FFT_POINT128)
Elaborated 1 design.
Current design is now 'fft_controller_DATA_WIDTH16_FFT_POINT128'.
1
# List the names of the designs loaded in memory
# Note: This command don't have any functionality for synthesis
#       This is for debugging
list_designs
fft_controller_DATA_WIDTH16_FFT_POINT128 (*)
1
# Check errors
if { [check_error -v] == 1 } { exit 1 }
# Set the current design
# Note: The active design is called the current design
#       Most commands are specific to the current design
set current_top [current_design]
Current design is 'fft_controller_DATA_WIDTH16_FFT_POINT128'.
{fft_controller_DATA_WIDTH16_FFT_POINT128}
current_design $current_top
Current design is 'fft_controller_DATA_WIDTH16_FFT_POINT128'.
{fft_controller_DATA_WIDTH16_FFT_POINT128}
# Link the design
# Note: The design must be connected to all the library components and designs if references
#       For each subdesign, a reference and a link must exist between the subdesign and a design or component
#       in the link libraries
link

  Linking design 'fft_controller_DATA_WIDTH16_FFT_POINT128'
  Using the following designs and libraries:
  --------------------------------------------------------------------------
  fft_controller_DATA_WIDTH16_FFT_POINT128 /homes/user/stud/fall25/dr3412/EECS6321_Adv_dig/FFT/FFT_chipathon/dc/fft_controller/fft_controller_DATA_WIDTH16_FFT_POINT128.db
  tcbn65gplustc_ccs (library) /courses/ee6350/pdk2025/tcbn65gplus/TSMCHOME/digital/Front_End/timing_power_noise/CCS/tcbn65gplus_200a/tcbn65gplustc_ccs.db
  dw_foundation.sldb (library) /tools/synopsys/syn/U-2022.12-SP7/libraries/syn/dw_foundation.sldb
  USERLIB_nldm_tt_1p00v_1p00v_25c (library) /homes/user/stud/fall25/dr3412/EECS6321_Adv_dig/FFT/FFT_chipathon/memory_compiler/single_port_sram/sram00_libs/sram00_nldm_tt_1p00v_1p00v_25c_syn.db

1
##################################################
# Define design rule constraints                    
##################################################
# Set maximum fanout of gates
# Note: This command sets the maximum allowable fanout load for the listed input ports
#       The object lists specifies a list of input ports and/or designs on which the max_fanout attribute is to be set
set_max_fanout 4 $current_top
1
set_max_fanout 4 [all_inputs]
1
# Set a maximum capacitance for the nets attached to named ports or to all the nets in a design
set_max_capacitance 0.01 [all_inputs]
1
# Verify the design consistency
# Note: This command reports an error that DC cannot resolve or a warning
check_design
 
****************************************
check_design summary:
Version:     U-2022.12-SP7
Date:        Sat Jun 27 21:35:39 2026
****************************************

                   Name                                            Total
--------------------------------------------------------------------------------
Inputs/Outputs                                                      1
    Unconnected ports (LINT-28)                                     1

Cells                                                               3
    Cells do not drive (LINT-1)                                     3
--------------------------------------------------------------------------------

Warning: In design 'fft_controller_DATA_WIDTH16_FFT_POINT128', cell 'C641' does not drive any nets. (LINT-1)
Warning: In design 'fft_controller_DATA_WIDTH16_FFT_POINT128', cell 'C642' does not drive any nets. (LINT-1)
Warning: In design 'fft_controller_DATA_WIDTH16_FFT_POINT128', cell 'C643' does not drive any nets. (LINT-1)
Warning: In design 'fft_controller_DATA_WIDTH16_FFT_POINT128', port 'core_done' is not connected to any nets. (LINT-28)
1
##################################################
# Define design optimization constraints
##################################################
# Set timing environment through another .tcl file
source -verbose "./timing.tcl"
0.02
2.0
0
0.050
0.1
0.05
0.005
clk
clk
rstn
rstn
1
1
1
1
Warning: Design rule attributes from the driving cell will be set on the port 'clk'. (UID-401)
Warning: Design rule attributes from the driving cell will be set on the port 'rstn'. (UID-401)
Warning: Design rule attributes from the driving cell will be set on the port 'start'. (UID-401)
Warning: Design rule attributes from the driving cell will be set on the port 'data_dout[15]'. (UID-401)
Warning: Design rule attributes from the driving cell will be set on the port 'data_dout[14]'. (UID-401)
Warning: Design rule attributes from the driving cell will be set on the port 'data_dout[13]'. (UID-401)
Warning: Design rule attributes from the driving cell will be set on the port 'data_dout[12]'. (UID-401)
Warning: Design rule attributes from the driving cell will be set on the port 'data_dout[11]'. (UID-401)
Warning: Design rule attributes from the driving cell will be set on the port 'data_dout[10]'. (UID-401)
Warning: Design rule attributes from the driving cell will be set on the port 'data_dout[9]'. (UID-401)
Warning: Design rule attributes from the driving cell will be set on the port 'data_dout[8]'. (UID-401)
Warning: Design rule attributes from the driving cell will be set on the port 'data_dout[7]'. (UID-401)
Warning: Design rule attributes from the driving cell will be set on the port 'data_dout[6]'. (UID-401)
Warning: Design rule attributes from the driving cell will be set on the port 'data_dout[5]'. (UID-401)
Warning: Design rule attributes from the driving cell will be set on the port 'data_dout[4]'. (UID-401)
Warning: Design rule attributes from the driving cell will be set on the port 'data_dout[3]'. (UID-401)
Warning: Design rule attributes from the driving cell will be set on the port 'data_dout[2]'. (UID-401)
Warning: Design rule attributes from the driving cell will be set on the port 'data_dout[1]'. (UID-401)
Warning: Design rule attributes from the driving cell will be set on the port 'data_dout[0]'. (UID-401)
Warning: Design rule attributes from the driving cell will be set on the port 'tw_dout[15]'. (UID-401)
Warning: Design rule attributes from the driving cell will be set on the port 'tw_dout[14]'. (UID-401)
Warning: Design rule attributes from the driving cell will be set on the port 'tw_dout[13]'. (UID-401)
Warning: Design rule attributes from the driving cell will be set on the port 'tw_dout[12]'. (UID-401)
Warning: Design rule attributes from the driving cell will be set on the port 'tw_dout[11]'. (UID-401)
Warning: Design rule attributes from the driving cell will be set on the port 'tw_dout[10]'. (UID-401)
Warning: Design rule attributes from the driving cell will be set on the port 'tw_dout[9]'. (UID-401)
Warning: Design rule attributes from the driving cell will be set on the port 'tw_dout[8]'. (UID-401)
Warning: Design rule attributes from the driving cell will be set on the port 'tw_dout[7]'. (UID-401)
Warning: Design rule attributes from the driving cell will be set on the port 'tw_dout[6]'. (UID-401)
Warning: Design rule attributes from the driving cell will be set on the port 'tw_dout[5]'. (UID-401)
Warning: Design rule attributes from the driving cell will be set on the port 'tw_dout[4]'. (UID-401)
Warning: Design rule attributes from the driving cell will be set on the port 'tw_dout[3]'. (UID-401)
Warning: Design rule attributes from the driving cell will be set on the port 'tw_dout[2]'. (UID-401)
Warning: Design rule attributes from the driving cell will be set on the port 'tw_dout[1]'. (UID-401)
Warning: Design rule attributes from the driving cell will be set on the port 'tw_dout[0]'. (UID-401)
Warning: Design rule attributes from the driving cell will be set on the port 'core_done'. (UID-401)
Warning: Design rule attributes from the driving cell will be set on the port 'core_x0_out[15]'. (UID-401)
Warning: Design rule attributes from the driving cell will be set on the port 'core_x0_out[14]'. (UID-401)
Warning: Design rule attributes from the driving cell will be set on the port 'core_x0_out[13]'. (UID-401)
Warning: Design rule attributes from the driving cell will be set on the port 'core_x0_out[12]'. (UID-401)
Warning: Design rule attributes from the driving cell will be set on the port 'core_x0_out[11]'. (UID-401)
Warning: Design rule attributes from the driving cell will be set on the port 'core_x0_out[10]'. (UID-401)
Warning: Design rule attributes from the driving cell will be set on the port 'core_x0_out[9]'. (UID-401)
Warning: Design rule attributes from the driving cell will be set on the port 'core_x0_out[8]'. (UID-401)
Warning: Design rule attributes from the driving cell will be set on the port 'core_x0_out[7]'. (UID-401)
Warning: Design rule attributes from the driving cell will be set on the port 'core_x0_out[6]'. (UID-401)
Warning: Design rule attributes from the driving cell will be set on the port 'core_x0_out[5]'. (UID-401)
Warning: Design rule attributes from the driving cell will be set on the port 'core_x0_out[4]'. (UID-401)
Warning: Design rule attributes from the driving cell will be set on the port 'core_x0_out[3]'. (UID-401)
Warning: Design rule attributes from the driving cell will be set on the port 'core_x0_out[2]'. (UID-401)
Warning: Design rule attributes from the driving cell will be set on the port 'core_x0_out[1]'. (UID-401)
Warning: Design rule attributes from the driving cell will be set on the port 'core_x0_out[0]'. (UID-401)
Warning: Design rule attributes from the driving cell will be set on the port 'core_x1_out[15]'. (UID-401)
Warning: Design rule attributes from the driving cell will be set on the port 'core_x1_out[14]'. (UID-401)
Warning: Design rule attributes from the driving cell will be set on the port 'core_x1_out[13]'. (UID-401)
Warning: Design rule attributes from the driving cell will be set on the port 'core_x1_out[12]'. (UID-401)
Warning: Design rule attributes from the driving cell will be set on the port 'core_x1_out[11]'. (UID-401)
Warning: Design rule attributes from the driving cell will be set on the port 'core_x1_out[10]'. (UID-401)
Warning: Design rule attributes from the driving cell will be set on the port 'core_x1_out[9]'. (UID-401)
Warning: Design rule attributes from the driving cell will be set on the port 'core_x1_out[8]'. (UID-401)
Warning: Design rule attributes from the driving cell will be set on the port 'core_x1_out[7]'. (UID-401)
Warning: Design rule attributes from the driving cell will be set on the port 'core_x1_out[6]'. (UID-401)
Warning: Design rule attributes from the driving cell will be set on the port 'core_x1_out[5]'. (UID-401)
Warning: Design rule attributes from the driving cell will be set on the port 'core_x1_out[4]'. (UID-401)
Warning: Design rule attributes from the driving cell will be set on the port 'core_x1_out[3]'. (UID-401)
Warning: Design rule attributes from the driving cell will be set on the port 'core_x1_out[2]'. (UID-401)
Warning: Design rule attributes from the driving cell will be set on the port 'core_x1_out[1]'. (UID-401)
Warning: Design rule attributes from the driving cell will be set on the port 'core_x1_out[0]'. (UID-401)
Warning: Design rule attributes from the driving cell will be set on the port 'x0_addr[6]'. (UID-401)
Warning: Design rule attributes from the driving cell will be set on the port 'x0_addr[5]'. (UID-401)
Warning: Design rule attributes from the driving cell will be set on the port 'x0_addr[4]'. (UID-401)
Warning: Design rule attributes from the driving cell will be set on the port 'x0_addr[3]'. (UID-401)
Warning: Design rule attributes from the driving cell will be set on the port 'x0_addr[2]'. (UID-401)
Warning: Design rule attributes from the driving cell will be set on the port 'x0_addr[1]'. (UID-401)
Warning: Design rule attributes from the driving cell will be set on the port 'x0_addr[0]'. (UID-401)
Warning: Design rule attributes from the driving cell will be set on the port 'x1_addr[6]'. (UID-401)
Warning: Design rule attributes from the driving cell will be set on the port 'x1_addr[5]'. (UID-401)
Warning: Design rule attributes from the driving cell will be set on the port 'x1_addr[4]'. (UID-401)
Warning: Design rule attributes from the driving cell will be set on the port 'x1_addr[3]'. (UID-401)
Warning: Design rule attributes from the driving cell will be set on the port 'x1_addr[2]'. (UID-401)
Warning: Design rule attributes from the driving cell will be set on the port 'x1_addr[1]'. (UID-401)
Warning: Design rule attributes from the driving cell will be set on the port 'x1_addr[0]'. (UID-401)
Warning: Design rule attributes from the driving cell will be set on the port 'w_addr[5]'. (UID-401)
Warning: Design rule attributes from the driving cell will be set on the port 'w_addr[4]'. (UID-401)
Warning: Design rule attributes from the driving cell will be set on the port 'w_addr[3]'. (UID-401)
Warning: Design rule attributes from the driving cell will be set on the port 'w_addr[2]'. (UID-401)
Warning: Design rule attributes from the driving cell will be set on the port 'w_addr[1]'. (UID-401)
Warning: Design rule attributes from the driving cell will be set on the port 'w_addr[0]'. (UID-401)
1
1
1
1
1
1
# Set the fix_multiple_port_nets attribute to a specified value on the current design or a list of designs
# Note: '-all' option inserts buffers to the ports
#       '-buffer_constants' option inserts buffers to logic constants instead of duplicating them
set_fix_multiple_port_nets -all -buffer_constants
1
set_wire_load_mode top
1
##################################################
# Optimize the design
##################################################
# Verify the design consistency
check_design
 
****************************************
check_design summary:
Version:     U-2022.12-SP7
Date:        Sat Jun 27 21:35:39 2026
****************************************

                   Name                                            Total
--------------------------------------------------------------------------------
Inputs/Outputs                                                      1
    Unconnected ports (LINT-28)                                     1

Cells                                                               3
    Cells do not drive (LINT-1)                                     3
--------------------------------------------------------------------------------

Warning: In design 'fft_controller_DATA_WIDTH16_FFT_POINT128', cell 'C641' does not drive any nets. (LINT-1)
Warning: In design 'fft_controller_DATA_WIDTH16_FFT_POINT128', cell 'C642' does not drive any nets. (LINT-1)
Warning: In design 'fft_controller_DATA_WIDTH16_FFT_POINT128', cell 'C643' does not drive any nets. (LINT-1)
Warning: In design 'fft_controller_DATA_WIDTH16_FFT_POINT128', port 'core_done' is not connected to any nets. (LINT-28)
1
# Set the current design
current_design $current_top
Current design is 'fft_controller_DATA_WIDTH16_FFT_POINT128'.
{fft_controller_DATA_WIDTH16_FFT_POINT128}
# Link the design
link

  Linking design 'fft_controller_DATA_WIDTH16_FFT_POINT128'
  Using the following designs and libraries:
  --------------------------------------------------------------------------
  fft_controller_DATA_WIDTH16_FFT_POINT128
                              /homes/user/stud/fall25/dr3412/EECS6321_Adv_dig/FFT/FFT_chipathon/dc/fft_controller/fft_controller_DATA_WIDTH16_FFT_POINT128.db
  tcbn65gplustc_ccs (library) /courses/ee6350/pdk2025/tcbn65gplus/TSMCHOME/digital/Front_End/timing_power_noise/CCS/tcbn65gplus_200a/tcbn65gplustc_ccs.db
  dw_foundation.sldb (library)
                              /tools/synopsys/syn/U-2022.12-SP7/libraries/syn/dw_foundation.sldb
  USERLIB_nldm_tt_1p00v_1p00v_25c (library)
                              /homes/user/stud/fall25/dr3412/EECS6321_Adv_dig/FFT/FFT_chipathon/memory_compiler/single_port_sram/sram00_libs/sram00_nldm_tt_1p00v_1p00v_25c_syn.db

1
# Synthesize the design
# Note : This command performs a high-effort compile on the current design for better quality of results (QoR)
compile_ultra
Information: Performing leakage power optimization. (PWR-850)
CPU Load: 55%, Ram Free: 47 GB, Swap Free: 31 GB, Work Disk Free: 5743 GB, Tmp Disk Free: 31 GB
Analyzing: "/courses/ee6350/pdk2025/tcbn65gplus/TSMCHOME/digital/Front_End/timing_power_noise/CCS/tcbn65gplus_200a/tcbn65gplustc_ccs.db"
Library analysis succeeded.
Information: Evaluating DesignWare library utilization. (UISN-27)

============================================================================
| DesignWare Building Block Library  |         Version         | Available |
============================================================================
| Basic DW Building Blocks           | U-2022.12-DWBB_202212.5 |     *     |
| Licensed DW Building Blocks        | U-2022.12-DWBB_202212.5 |     *     |
============================================================================

====================================================================================================
| Flow Information                                                                                 |
----------------------------------------------------------------------------------------------------
| Flow         | Design Compiler WLM                                                               |
| Command Line | compile_ultra                                                                     |
====================================================================================================
| Design Information                                      | Value                                  |
====================================================================================================
| Number of Scenarios                                     | 0                                      |
| Leaf Cell Count                                         | 196                                    |
| Number of User Hierarchies                              | 0                                      |
| Sequential Cell Count                                   | 48                                     |
| Macro Count                                             | 0                                      |
| Number of Power Domains                                 | 0                                      |
| Number of Path Groups                                   | 2                                      |
| Number of VT Class                                      | 0                                      |
| Number of Clocks                                        | 1                                      |
| Number of Dont Touch Cells                              | 57                                     |
| Number of Dont Touch Nets                               | 0                                      |
| Number of Size Only Cells                               | 0                                      |
| Design with UPF Data                                    | false                                  |
----------------------------------------------------------------------------------------------------
| Variables                                               | Value                                  |
----------------------------------------------------------------------------------------------------
| set_fix_multiple_port_nets                              | -all -buffer_constants                 |
====================================================================================================
Information: Sequential output inversion is enabled.  SVF file must be used for formal verification. (OPT-1208)

Information: There are 4 potential problems in your design. Please run 'check_design' for more information. (LINT-99)

  Simplifying Design 'fft_controller_DATA_WIDTH16_FFT_POINT128'

Loaded alib file './alib-52/tcbn65gplustc_ccs.db.alib'
  Building model 'DW01_NAND2'
Information: Ungrouping 0 of 1 hierarchies before Pass 1 (OPT-775)
CPU Load: 56%, Ram Free: 47 GB, Swap Free: 31 GB, Work Disk Free: 5743 GB, Tmp Disk Free: 31 GB
Information: State dependent leakage is now switched from on to off.

  Beginning Pass 1 Mapping
  ------------------------
  Processing 'fft_controller_DATA_WIDTH16_FFT_POINT128'
Information: Added key list 'DesignWare' to design 'fft_controller_DATA_WIDTH16_FFT_POINT128'. (DDB-72)
 Implement Synthetic for 'fft_controller_DATA_WIDTH16_FFT_POINT128'.
Information: Command 'do_operand_isolation' is obsolete and is being ignored.  Please refer to the replacement command 'set power_enable_datapath_gating true' instead. (INFO-118)
CPU Load: 56%, Ram Free: 47 GB, Swap Free: 31 GB, Work Disk Free: 5743 GB, Tmp Disk Free: 31 GB

  Updating timing information
Information: Updating design information... (UID-85)
Information: The library cell 'TIEL' in the library 'tcbn65gplustc_ccs' is not characterized for internal power. (PWR-536)
Information: The library cell 'TIEH' in the library 'tcbn65gplustc_ccs' is not characterized for internal power. (PWR-536)
Information: The target library(s) contains cell(s), other than black boxes, that are not characterized for internal power. (PWR-24)

  Beginning Mapping Optimizations  (Ultra High effort)
  -------------------------------
Information: There is no timing violation in design fft_controller_DATA_WIDTH16_FFT_POINT128. Delay-based auto_ungroup will not be performed. (OPT-780)
Information: Command 'do_operand_isolation' is obsolete and is being ignored.  Please refer to the replacement command 'set power_enable_datapath_gating true' instead. (INFO-118)

                                  TOTAL                                                            
   ELAPSED            WORST NEG   SETUP    DESIGN                              LEAKAGE   MIN DELAY 
    TIME      AREA      SLACK     COST    RULE COST         ENDPOINT            POWER      COST    
  --------- --------- --------- --------- --------- ------------------------- --------- -----------
    0:00:12    1417.3      0.00       0.0      65.0                           10592.0898      0.00  
    0:00:12    1417.3      0.00       0.0      65.0                           10592.0898      0.00  

  Beginning Constant Register Removal
  -----------------------------------
    0:00:12    1417.3      0.00       0.0      65.0                           10592.0898      0.00  
    0:00:12    1417.3      0.00       0.0      65.0                           10592.0898      0.00  

  Beginning Global Optimizations
  ------------------------------
  Numerical Synthesis (Phase 1)
  Numerical Synthesis (Phase 2)
  Global Optimization (Phase 1)
  Global Optimization (Phase 2)
  Global Optimization (Phase 3)
  Global Optimization (Phase 4)
  Global Optimization (Phase 5)
  Global Optimization (Phase 6)
  Global Optimization (Phase 7)
  Global Optimization (Phase 8)
  Global Optimization (Phase 9)
  Global Optimization (Phase 10)
  Global Optimization (Phase 11)
  Global Optimization (Phase 12)
  Global Optimization (Phase 13)
  Global Optimization (Phase 14)
  Global Optimization (Phase 15)
  Global Optimization (Phase 16)
  Global Optimization (Phase 17)
  Global Optimization (Phase 18)
  Global Optimization (Phase 19)
  Global Optimization (Phase 20)
  Global Optimization (Phase 21)
  Global Optimization (Phase 22)
  Global Optimization (Phase 23)
  Global Optimization (Phase 24)
  Global Optimization (Phase 25)
  Global Optimization (Phase 26)
  Global Optimization (Phase 27)
  Global Optimization (Phase 28)
  Global Optimization (Phase 29)
  Global Optimization (Phase 30)

  Beginning Isolate Ports
  -----------------------

  Beginning Delay Optimization
  ----------------------------
    0:00:14     913.7      0.00       0.0      65.0                           4422.2773      0.00  
    0:00:14     913.7      0.00       0.0      65.0                           4422.2773      0.00  
    0:00:14     913.7      0.00       0.0      65.0                           4422.2773      0.00  
    0:00:14     907.9      0.00       0.0      83.4                           4270.5103      0.00  
    0:00:14     907.2      0.00       0.0      81.4                           4268.6411      0.00  
    0:00:15     907.2      0.00       0.0      81.4                           4268.6411      0.00  

  Beginning WLM Backend Optimization
  --------------------------------------
    0:00:16     905.8      0.00       0.0      81.4                           4257.6562      0.00  
    0:00:16     905.8      0.00       0.0      81.4                           4257.6562      0.00  
    0:00:16     905.8      0.00       0.0      81.4                           4257.6562      0.00  
    0:00:16     905.8      0.00       0.0      81.4                           4257.6562      0.00  
    0:00:16     905.8      0.00       0.0      81.4                           4257.6562      0.00  
    0:00:16     905.8      0.00       0.0      81.4                           4257.6562      0.00  
    0:00:16     905.8      0.00       0.0      81.4                           4257.6562      0.00  
    0:00:16     905.8      0.00       0.0      81.4                           4257.6562      0.00  
    0:00:16     905.8      0.00       0.0      81.4                           4257.6562      0.00  
    0:00:16     905.8      0.00       0.0      81.4                           4257.6562      0.00  
    0:00:16     905.8      0.00       0.0      81.4                           4257.6562      0.00  
    0:00:16     905.8      0.00       0.0      81.4                           4257.6562      0.00  
    0:00:16     905.8      0.00       0.0      81.4                           4257.6562      0.00  
    0:00:16     905.8      0.00       0.0      81.4                           4257.6562      0.00  
    0:00:16     905.8      0.00       0.0      81.4                           4257.6562      0.00  
    0:00:16     905.8      0.00       0.0      81.4                           4257.6562      0.00  
    0:00:16     905.8      0.00       0.0      81.4                           4257.6562      0.00  
    0:00:16     905.8      0.00       0.0      81.4                           4257.6562      0.00  
    0:00:16     905.8      0.00       0.0      81.4                           4257.6562      0.00  
    0:00:16     905.8      0.00       0.0      81.4                           4257.6562      0.00  
    0:00:16     905.8      0.00       0.0      81.4                           4257.6562      0.00  
    0:00:16     905.8      0.00       0.0      81.4                           4257.6562      0.00  


  Beginning Design Rule Fixing  (max_transition)  (max_fanout)  (max_capacitance)
  ----------------------------

                                  TOTAL                                                            
   ELAPSED            WORST NEG   SETUP    DESIGN                              LEAKAGE   MIN DELAY 
    TIME      AREA      SLACK     COST    RULE COST         ENDPOINT            POWER      COST    
  --------- --------- --------- --------- --------- ------------------------- --------- -----------
    0:00:16     905.8      0.00       0.0      81.4                           4257.6562      0.00  
  Global Optimization (Phase 31)
  Global Optimization (Phase 32)
  Global Optimization (Phase 33)
    0:00:16     961.6      0.00       0.0       0.0                           4563.9941      0.00  
    0:00:16     961.6      0.00       0.0       0.0                           4563.9941      0.00  


  Beginning Leakage Power Optimization  (max_leakage_power 0)
  ------------------------------------

                                  TOTAL                                                            
   ELAPSED            WORST NEG   SETUP    DESIGN                              LEAKAGE   MIN DELAY 
    TIME      AREA      SLACK     COST    RULE COST         ENDPOINT            POWER      COST    
  --------- --------- --------- --------- --------- ------------------------- --------- -----------
    0:00:16     961.6      0.00       0.0       0.0                           4563.9941      0.00  
    0:00:17     961.6      0.00       0.0       0.0                           4563.9941      0.00  
    0:00:17     961.6      0.00       0.0       0.0                           4563.9941      0.00  
    0:00:17     961.6      0.00       0.0       0.0                           4563.9941      0.00  
    0:00:17     961.6      0.00       0.0       0.0                           3991.4751      0.00  
    0:00:17     961.6      0.00       0.0       0.0                           3991.4751      0.00  
    0:00:17     961.6      0.00       0.0       0.0                           3991.4751      0.00  
    0:00:17     961.6      0.00       0.0       0.0                           3991.4751      0.00  
    0:00:17     961.6      0.00       0.0       0.0                           3991.4751      0.00  
    0:00:17     961.6      0.00       0.0       0.0                           3991.4751      0.00  
    0:00:17     961.6      0.00       0.0       0.0                           3991.4751      0.00  
    0:00:17     961.6      0.00       0.0       0.0                           3991.4751      0.00  
    0:00:17     961.6      0.00       0.0       0.0                           3991.4751      0.00  
    0:00:17     961.6      0.00       0.0       0.0                           3991.4751      0.00  
    0:00:17     961.6      0.00       0.0       0.0                           3991.4751      0.00  
    0:00:17     961.6      0.00       0.0       0.0                           3991.4751      0.00  
    0:00:17     961.6      0.00       0.0       0.0                           3991.4751      0.00  
    0:00:17     961.6      0.00       0.0       0.0                           3991.4751      0.00  
    0:00:17     961.6      0.00       0.0       0.0                           3991.4751      0.00  
    0:00:17     961.6      0.00       0.0       0.0                           3991.4751      0.00  
    0:00:17     961.6      0.00       0.0       0.0                           3991.4751      0.00  
    0:00:17     961.6      0.00       0.0       0.0                           3991.4751      0.00  
    0:00:17     961.6      0.00       0.0       0.0                           3991.4751      0.00  

                                  TOTAL                                                            
   ELAPSED            WORST NEG   SETUP    DESIGN                              LEAKAGE   MIN DELAY 
    TIME      AREA      SLACK     COST    RULE COST         ENDPOINT            POWER      COST    
  --------- --------- --------- --------- --------- ------------------------- --------- -----------
    0:00:17     961.6      0.00       0.0       0.0                           3991.4751      0.00  
    0:00:18     955.1      0.00       0.0       0.0                           3681.2114      0.00  
    0:00:18     955.1      0.00       0.0       0.0                           3681.2114      0.00  
    0:00:18     955.1      0.00       0.0       0.0                           3681.2114      0.00  
    0:00:18     955.1      0.00       0.0       0.0                           3667.5476      0.00  
    0:00:18     945.7      0.00       0.0       0.0                           3569.5608      0.00  
    0:00:18     945.7      0.00       0.0       0.0                           3569.5608      0.00  
    0:00:18     945.7      0.00       0.0       0.0                           3569.5608      0.00  
    0:00:18     945.7      0.00       0.0       0.0                           3569.5608      0.00  
    0:00:19     945.7      0.00       0.0       0.0                           3569.5608      0.00  
    0:00:19     945.7      0.00       0.0       0.0                           3569.5608      0.00  
CPU Load: 57%, Ram Free: 47 GB, Swap Free: 31 GB, Work Disk Free: 5743 GB, Tmp Disk Free: 31 GB
Loading db file '/courses/ee6350/pdk2025/tcbn65gplus/TSMCHOME/digital/Front_End/timing_power_noise/CCS/tcbn65gplus_200a/tcbn65gplustc_ccs.db'
Loading db file '/homes/user/stud/fall25/dr3412/EECS6321_Adv_dig/FFT/FFT_chipathon/memory_compiler/single_port_sram/sram00_libs/sram00_nldm_tt_1p00v_1p00v_25c_syn.db'


Note: Symbol # after min delay cost means estimated hold TNS across all active scenarios 


  Optimization Complete
  ---------------------
Information: State dependent leakage is now switched from off to on.
Information: Propagating switching activity (low effort zero delay simulation). (PWR-6)
CPU Load: 56%, Ram Free: 47 GB, Swap Free: 31 GB, Work Disk Free: 5743 GB, Tmp Disk Free: 31 GB
Information: Total number of MV cells in the design.
----------------------------------------------------------------------------------------------------
 MV Cells                                           Total Number                                   
----------------------------------------------------------------------------------------------------
 Level Shifter:                                     0                                             
 Enable Level Shifter:                              0                                             
 Isolation Cell:                                    0                                             
 Retention Cell:                                    0                                             
 Retention Clamp Cell:                              0                                             
 Switch Cell:                                       0                                             
 Always-On Cell:                                    0                                             
 Repeater Cell:                                     0                                             

----------------------------------------------------------------------------------------------------
Unmapped MV Cells 
----------------------------------------------------------------------------------------------------
0 Isolation Cells are unmapped 
0 Retention Clamp Cells are unmapped 
----------------------------------------------------------------------------------------------------
1
current_design $current_top
Current design is 'fft_controller_DATA_WIDTH16_FFT_POINT128'.
{fft_controller_DATA_WIDTH16_FFT_POINT128}
rename_design [current_design] $top_level
Current design is 'fft_controller_DATA_WIDTH16_FFT_POINT128'.
Information: Renaming design /homes/user/stud/fall25/dr3412/EECS6321_Adv_dig/FFT/FFT_chipathon/dc/fft_controller/fft_controller_DATA_WIDTH16_FFT_POINT128.db:fft_controller_DATA_WIDTH16_FFT_POINT128 to /homes/user/stud/fall25/dr3412/EECS6321_Adv_dig/FFT/FFT_chipathon/dc/fft_controller/fft_controller_DATA_WIDTH16_FFT_POINT128.db:fft_controller. (UIMG-45)
Current design is 'fft_controller'.
1
##################################################
# Analyze and resolve design problems
##################################################
# Verify the design consistency
check_design
 
****************************************
check_design summary:
Version:     U-2022.12-SP7
Date:        Sat Jun 27 21:38:32 2026
****************************************

                   Name                                            Total
--------------------------------------------------------------------------------
Inputs/Outputs                                                      1
    Unconnected ports (LINT-28)                                     1
--------------------------------------------------------------------------------

Warning: In design 'fft_controller', port 'core_done' is not connected to any nets. (LINT-28)
1
# Rename modules, signals according to the naming rules
source -verbose "../common_scripts/namingrules.tcl"
1

Design          Type    Object                  New Name
--------------------------------------------------------------------------------
fft_controller  cell    stage_reg[0]            stage_reg_0_
fft_controller  cell    state_reg[2]            state_reg_2_
fft_controller  cell    state_reg[1]            state_reg_1_
fft_controller  cell    state_reg[0]            state_reg_0_
fft_controller  cell    stage_reg[1]            stage_reg_1_
fft_controller  cell    stage_reg[2]            stage_reg_2_
fft_controller  cell    bfly_reg[5]             bfly_reg_5_
fft_controller  cell    bfly_reg[4]             bfly_reg_4_
fft_controller  cell    bfly_reg[3]             bfly_reg_3_
fft_controller  cell    bfly_reg[2]             bfly_reg_2_
fft_controller  cell    bfly_reg[1]             bfly_reg_1_
fft_controller  cell    bfly_reg[0]             bfly_reg_0_
fft_controller  cell    group_reg[5]            group_reg_5_
fft_controller  cell    group_reg[4]            group_reg_4_
fft_controller  cell    group_reg[3]            group_reg_3_
fft_controller  cell    group_reg[2]            group_reg_2_
fft_controller  cell    group_reg[1]            group_reg_1_
fft_controller  cell    group_reg[0]            group_reg_0_
fft_controller  cell    x0_addr_l_reg[0]        x0_addr_l_reg_0_
fft_controller  cell    x0_addr_l_reg[6]        x0_addr_l_reg_6_
fft_controller  cell    x0_addr_l_reg[5]        x0_addr_l_reg_5_
fft_controller  cell    x0_addr_l_reg[4]        x0_addr_l_reg_4_
fft_controller  cell    x0_addr_l_reg[3]        x0_addr_l_reg_3_
fft_controller  cell    x0_addr_l_reg[2]        x0_addr_l_reg_2_
fft_controller  cell    x0_addr_l_reg[1]        x0_addr_l_reg_1_
fft_controller  cell    x0_latched_reg[3]       x0_latched_reg_3_
fft_controller  cell    x0_latched_reg[4]       x0_latched_reg_4_
fft_controller  cell    x0_latched_reg[2]       x0_latched_reg_2_
fft_controller  cell    x0_latched_reg[1]       x0_latched_reg_1_
fft_controller  cell    x0_latched_reg[15]      x0_latched_reg_15_
fft_controller  cell    x0_latched_reg[14]      x0_latched_reg_14_
fft_controller  cell    x0_latched_reg[13]      x0_latched_reg_13_
fft_controller  cell    x0_latched_reg[12]      x0_latched_reg_12_
fft_controller  cell    x0_latched_reg[11]      x0_latched_reg_11_
fft_controller  cell    x0_latched_reg[10]      x0_latched_reg_10_
fft_controller  cell    x0_latched_reg[9]       x0_latched_reg_9_
fft_controller  cell    x0_latched_reg[0]       x0_latched_reg_0_
fft_controller  cell    x0_latched_reg[8]       x0_latched_reg_8_
fft_controller  cell    x0_latched_reg[7]       x0_latched_reg_7_
fft_controller  cell    x0_latched_reg[6]       x0_latched_reg_6_
fft_controller  cell    x0_latched_reg[5]       x0_latched_reg_5_
fft_controller  cell    x1_addr_l_reg[6]        x1_addr_l_reg_6_
fft_controller  cell    x1_addr_l_reg[5]        x1_addr_l_reg_5_
fft_controller  cell    x1_addr_l_reg[4]        x1_addr_l_reg_4_
fft_controller  cell    x1_addr_l_reg[3]        x1_addr_l_reg_3_
fft_controller  cell    x1_addr_l_reg[2]        x1_addr_l_reg_2_
fft_controller  cell    x1_addr_l_reg[1]        x1_addr_l_reg_1_
fft_controller  cell    x1_addr_l_reg[0]        x1_addr_l_reg_0_
fft_controller  net     n142                    n1420
1
1
# Generate a report file
set rpt_file "${top_level}.dc.rpt"
fft_controller.dc.rpt
set maxpaths 20
20
check_design >> ${rpt_file}
report_area  >> ${rpt_file}
report_power -hier -analysis_effort medium >> ${rpt_file}
report_design >> ${rpt_file}
report_cell >> ${rpt_file}
report_port -verbose >> ${rpt_file}
report_compile_options >> ${rpt_file}
report_constraint -all_violators -verbose >> ${rpt_file}
report_timing -path full -delay max -max_paths $maxpaths -nworst 100 >> ${rpt_file}
report_timing -path full -delay min -max_paths $maxpaths -nworst 100 >> ${rpt_file}
report_timing_requirements >> ${rpt_file} 
report_timing -delay max -nworst 1 -max_paths 10000 -path end -nosplit -unique -sort_by slack > ${top_level}.syn.critical_regs
report_timing -delay max -nworst 1 -max_paths 10000 -path full -nosplit -unique -sort_by slack > ${top_level}.syn.critical_regs.full
report_timing -delay max -nworst 1 -max_paths 10000 -path end -nosplit -unique -sort_by slack -to [all_outputs] > ${top_level}.syn.critical_regs.output
report_timing -delay max -nworst 1 -max_paths 10000 -path end -nosplit -unique -sort_by slack -to [all_registers -data_pins] > ${top_level}.syn.critical_regs.regs
report_timing -delay min -nworst 1 -max_paths 10000 -path short -nosplit -unique -sort_by slack > ${top_level}.syn.fast_path
##################################################
# Save the design database 
##################################################
# Generate structural verilog netlist
write -hierarchy -format verilog -output "${top_level}.nl.v"
Writing verilog file '/homes/user/stud/fall25/dr3412/EECS6321_Adv_dig/FFT/FFT_chipathon/dc/fft_controller/fft_controller.nl.v'.
1
# Write a Standard Delay Format (SDF) file
# Note : SDF is an IEEE standard for the representation and interpretation of timing data
#        The SDF file includes delays (module path, device, interconnect, and port), timing checks (setup, hold, recovery, skew, width, and period),
#        timing constraints (path and skew), incremental and absolute delays, and so on
write_sdf "${top_level}.syn.sdf"
Information: Annotated 'cell' delays are assumed to include load delay. (UID-282)
Information: Writing timing information to file '/homes/user/stud/fall25/dr3412/EECS6321_Adv_dig/FFT/FFT_chipathon/dc/fft_controller/fft_controller.syn.sdf'. (WT-3)
1
# Write a SDC file
# Note : SDC is a format used to specify the design intent, including the timing, power and area constraints for a design
write_sdc "${top_level}.syn.sdc" -version 1.7
1
# Finish synthesis
quit

Memory usage for this session 1150 Mbytes.
Memory usage for this session including child processes 1150 Mbytes.
CPU usage for this session 185 seconds ( 0.05 hours ).
Elapsed time for this session 191 seconds ( 0.05 hours ).

Thank you...
